Archive member included to satisfy reference by file (symbol)

C:/ST/STM32CubeIDE_1.13.0/STM32CubeIDE/plugins/com.st.stm32cube.ide.mcu.externaltools.gnu-tools-for-stm32.11.3.rel1.win32_1.1.0.202305231506/tools/bin/../lib/gcc/arm-none-eabi/11.3.1/../../../../arm-none-eabi/lib/thumb/v7-m/nofp\libc_nano.a(libc_a-exit.o)
                              C:/ST/STM32CubeIDE_1.13.0/STM32CubeIDE/plugins/com.st.stm32cube.ide.mcu.externaltools.gnu-tools-for-stm32.11.3.rel1.win32_1.1.0.202305231506/tools/bin/../lib/gcc/arm-none-eabi/11.3.1/../../../../arm-none-eabi/lib/thumb/v7-m/nofp/crt0.o (exit)
C:/ST/STM32CubeIDE_1.13.0/STM32CubeIDE/plugins/com.st.stm32cube.ide.mcu.externaltools.gnu-tools-for-stm32.11.3.rel1.win32_1.1.0.202305231506/tools/bin/../lib/gcc/arm-none-eabi/11.3.1/../../../../arm-none-eabi/lib/thumb/v7-m/nofp\libc_nano.a(libc_a-malloc.o)
                              ./AnalogInput/AnalogInput.o (malloc)
C:/ST/STM32CubeIDE_1.13.0/STM32CubeIDE/plugins/com.st.stm32cube.ide.mcu.externaltools.gnu-tools-for-stm32.11.3.rel1.win32_1.1.0.202305231506/tools/bin/../lib/gcc/arm-none-eabi/11.3.1/../../../../arm-none-eabi/lib/thumb/v7-m/nofp\libc_nano.a(libc_a-mallocr.o)
                              C:/ST/STM32CubeIDE_1.13.0/STM32CubeIDE/plugins/com.st.stm32cube.ide.mcu.externaltools.gnu-tools-for-stm32.11.3.rel1.win32_1.1.0.202305231506/tools/bin/../lib/gcc/arm-none-eabi/11.3.1/../../../../arm-none-eabi/lib/thumb/v7-m/nofp\libc_nano.a(libc_a-malloc.o) (_malloc_r)
C:/ST/STM32CubeIDE_1.13.0/STM32CubeIDE/plugins/com.st.stm32cube.ide.mcu.externaltools.gnu-tools-for-stm32.11.3.rel1.win32_1.1.0.202305231506/tools/bin/../lib/gcc/arm-none-eabi/11.3.1/../../../../arm-none-eabi/lib/thumb/v7-m/nofp\libc_nano.a(libc_a-mlock.o)
                              C:/ST/STM32CubeIDE_1.13.0/STM32CubeIDE/plugins/com.st.stm32cube.ide.mcu.externaltools.gnu-tools-for-stm32.11.3.rel1.win32_1.1.0.202305231506/tools/bin/../lib/gcc/arm-none-eabi/11.3.1/../../../../arm-none-eabi/lib/thumb/v7-m/nofp\libc_nano.a(libc_a-mallocr.o) (__malloc_lock)
C:/ST/STM32CubeIDE_1.13.0/STM32CubeIDE/plugins/com.st.stm32cube.ide.mcu.externaltools.gnu-tools-for-stm32.11.3.rel1.win32_1.1.0.202305231506/tools/bin/../lib/gcc/arm-none-eabi/11.3.1/../../../../arm-none-eabi/lib/thumb/v7-m/nofp\libc_nano.a(libc_a-findfp.o)
                              C:/ST/STM32CubeIDE_1.13.0/STM32CubeIDE/plugins/com.st.stm32cube.ide.mcu.externaltools.gnu-tools-for-stm32.11.3.rel1.win32_1.1.0.202305231506/tools/bin/../lib/gcc/arm-none-eabi/11.3.1/../../../../arm-none-eabi/lib/thumb/v7-m/nofp\libc_nano.a(libc_a-exit.o) (__stdio_exit_handler)
C:/ST/STM32CubeIDE_1.13.0/STM32CubeIDE/plugins/com.st.stm32cube.ide.mcu.externaltools.gnu-tools-for-stm32.11.3.rel1.win32_1.1.0.202305231506/tools/bin/../lib/gcc/arm-none-eabi/11.3.1/../../../../arm-none-eabi/lib/thumb/v7-m/nofp\libc_nano.a(libc_a-fwalk.o)
                              C:/ST/STM32CubeIDE_1.13.0/STM32CubeIDE/plugins/com.st.stm32cube.ide.mcu.externaltools.gnu-tools-for-stm32.11.3.rel1.win32_1.1.0.202305231506/tools/bin/../lib/gcc/arm-none-eabi/11.3.1/../../../../arm-none-eabi/lib/thumb/v7-m/nofp\libc_nano.a(libc_a-findfp.o) (_fwalk_sglue)
C:/ST/STM32CubeIDE_1.13.0/STM32CubeIDE/plugins/com.st.stm32cube.ide.mcu.externaltools.gnu-tools-for-stm32.11.3.rel1.win32_1.1.0.202305231506/tools/bin/../lib/gcc/arm-none-eabi/11.3.1/../../../../arm-none-eabi/lib/thumb/v7-m/nofp\libc_nano.a(libc_a-stdio.o)
                              C:/ST/STM32CubeIDE_1.13.0/STM32CubeIDE/plugins/com.st.stm32cube.ide.mcu.externaltools.gnu-tools-for-stm32.11.3.rel1.win32_1.1.0.202305231506/tools/bin/../lib/gcc/arm-none-eabi/11.3.1/../../../../arm-none-eabi/lib/thumb/v7-m/nofp\libc_nano.a(libc_a-findfp.o) (__sread)
C:/ST/STM32CubeIDE_1.13.0/STM32CubeIDE/plugins/com.st.stm32cube.ide.mcu.externaltools.gnu-tools-for-stm32.11.3.rel1.win32_1.1.0.202305231506/tools/bin/../lib/gcc/arm-none-eabi/11.3.1/../../../../arm-none-eabi/lib/thumb/v7-m/nofp\libc_nano.a(libc_a-vsnprintf.o)
                              ./StringUtils/StringUtils.o (vsnprintf)
C:/ST/STM32CubeIDE_1.13.0/STM32CubeIDE/plugins/com.st.stm32cube.ide.mcu.externaltools.gnu-tools-for-stm32.11.3.rel1.win32_1.1.0.202305231506/tools/bin/../lib/gcc/arm-none-eabi/11.3.1/../../../../arm-none-eabi/lib/thumb/v7-m/nofp\libc_nano.a(libc_a-memset.o)
                              C:/ST/STM32CubeIDE_1.13.0/STM32CubeIDE/plugins/com.st.stm32cube.ide.mcu.externaltools.gnu-tools-for-stm32.11.3.rel1.win32_1.1.0.202305231506/tools/bin/../lib/gcc/arm-none-eabi/11.3.1/../../../../arm-none-eabi/lib/thumb/v7-m/nofp/crt0.o (memset)
C:/ST/STM32CubeIDE_1.13.0/STM32CubeIDE/plugins/com.st.stm32cube.ide.mcu.externaltools.gnu-tools-for-stm32.11.3.rel1.win32_1.1.0.202305231506/tools/bin/../lib/gcc/arm-none-eabi/11.3.1/../../../../arm-none-eabi/lib/thumb/v7-m/nofp\libc_nano.a(libc_a-strdup.o)
                              ./Command/Command.o (strdup)
[...]
Memory Configuration

Name             Origin             Length             Attributes
RAM              0x0000000020000000 0x0000000000002800 xrw
FLASH            0x0000000008000000 0x0000000000008000 xr
*default*        0x0000000000000000 0xffffffffffffffff

Linker script and memory map

LOAD C:/ST/STM32CubeIDE_1.13.0/STM32CubeIDE/plugins/com.st.stm32cube.ide.mcu.externaltools.gnu-tools-for-stm32.11.3.rel1.win32_1.1.0.202305231506/tools/bin/../lib/gcc/arm-none-eabi/11.3.1/thumb/v7-m/nofp/crti.o
LOAD C:/ST/STM32CubeIDE_1.13.0/STM32CubeIDE/plugins/com.st.stm32cube.ide.mcu.externaltools.gnu-tools-for-stm32.11.3.rel1.win32_1.1.0.202305231506/tools/bin/../lib/gcc/arm-none-eabi/11.3.1/thumb/v7-m/nofp/crtbegin.o
LOAD C:/ST/STM32CubeIDE_1.13.0/STM32CubeIDE/plugins/com.st.stm32cube.ide.mcu.externaltools.gnu-tools-for-stm32.11.3.rel1.win32_1.1.0.202305231506/tools/bin/../lib/gcc/arm-none-eabi/11.3.1/../../../../arm-none-eabi/lib/thumb/v7-m/nofp/crt0.o
LOAD ./AddressExtractor/AddreessExtractor.o
LOAD ./AnalogInput/AnalogInput.o
LOAD ./Command/Command.o
LOAD ./Communication/Communication.o
LOAD ./Core/Src/CommandConfig.o
LOAD ./Core/Src/I2CCommunicationConfig.o
LOAD ./Core/Src/I2CSlave.o
LOAD ./Core/Src/main.o
LOAD ./Core/Src/stm32f1xx_hal_msp.o
LOAD ./Core/Src/stm32f1xx_it.o
LOAD ./Core/Src/syscalls.o
LOAD ./Core/Src/sysmem.o
LOAD ./Core/Src/system_stm32f1xx.o
LOAD ./Core/Startup/startup_stm32f103c6tx.o
LOAD ./Drivers/STM32F1xx_HAL_Driver/Src/stm32f1xx_hal.o
LOAD ./Drivers/STM32F1xx_HAL_Driver/Src/stm32f1xx_hal_adc.o
LOAD ./Drivers/STM32F1xx_HAL_Driver/Src/stm32f1xx_hal_adc_ex.o
LOAD ./Drivers/STM32F1xx_HAL_Driver/Src/stm32f1xx_hal_cortex.o
LOAD ./Drivers/STM32F1xx_HAL_Driver/Src/stm32f1xx_hal_dma.o
LOAD ./Drivers/STM32F1xx_HAL_Driver/Src/stm32f1xx_hal_exti.o
LOAD ./Drivers/STM32F1xx_HAL_Driver/Src/stm32f1xx_hal_flash.o
LOAD ./Drivers/STM32F1xx_HAL_Driver/Src/stm32f1xx_hal_flash_ex.o
LOAD ./Drivers/STM32F1xx_HAL_Driver/Src/stm32f1xx_hal_gpio.o
LOAD ./Drivers/STM32F1xx_HAL_Driver/Src/stm32f1xx_hal_gpio_ex.o
LOAD ./Drivers/STM32F1xx_HAL_Driver/Src/stm32f1xx_hal_i2c.o
LOAD ./Drivers/STM32F1xx_HAL_Driver/Src/stm32f1xx_hal_pcd.o
LOAD ./Drivers/STM32F1xx_HAL_Driver/Src/stm32f1xx_hal_pcd_ex.o
LOAD ./Drivers/STM32F1xx_HAL_Driver/Src/stm32f1xx_hal_pwr.o
LOAD ./Drivers/STM32F1xx_HAL_Driver/Src/stm32f1xx_hal_rcc.o
LOAD ./Drivers/STM32F1xx_HAL_Driver/Src/stm32f1xx_hal_rcc_ex.o
LOAD ./Drivers/STM32F1xx_HAL_Driver/Src/stm32f1xx_hal_tim.o
LOAD ./Drivers/STM32F1xx_HAL_Driver/Src/stm32f1xx_hal_tim_ex.o
LOAD ./Drivers/STM32F1xx_HAL_Driver/Src/stm32f1xx_ll_usb.o
LOAD ./HashMap/HashMap.o
LOAD ./LinkList/LinkList.o
LOAD ./Middlewares/ST/STM32_USB_Device_Library/Class/CDC/Src/usbd_cdc.o
LOAD ./Middlewares/ST/STM32_USB_Device_Library/Core/Src/usbd_core.o
LOAD ./Middlewares/ST/STM32_USB_Device_Library/Core/Src/usbd_ctlreq.o
LOAD ./Middlewares/ST/STM32_USB_Device_Library/Core/Src/usbd_ioreq.o
LOAD ./Queue/Queue.o
LOAD ./StringUtils/StringUtils.o
LOAD ./TimeTrigger/TimeTrigger.o
LOAD ./USB_DEVICE/App/usb_device.o
LOAD ./USB_DEVICE/App/usbd_cdc_if.o
LOAD ./USB_DEVICE/App/usbd_desc.o
LOAD ./USB_DEVICE/Target/usbd_conf.o
START GROUP
LOAD C:/ST/STM32CubeIDE_1.13.0/STM32CubeIDE/plugins/com.st.stm32cube.ide.mcu.externaltools.gnu-tools-for-stm32.11.3.rel1.win32_1.1.0.202305231506/tools/bin/../lib/gcc/arm-none-eabi/11.3.1/../../../../arm-none-eabi/lib/thumb/v7-m/nofp\libc_nano.a
LOAD C:/ST/STM32CubeIDE_1.13.0/STM32CubeIDE/plugins/com.st.stm32cube.ide.mcu.externaltools.gnu-tools-for-stm32.11.3.rel1.win32_1.1.0.202305231506/tools/bin/../lib/gcc/arm-none-eabi/11.3.1/../../../../arm-none-eabi/lib/thumb/v7-m/nofp\libm.a
END GROUP
START GROUP
LOAD C:/ST/STM32CubeIDE_1.13.0/STM32CubeIDE/plugins/com.st.stm32cube.ide.mcu.externaltools.gnu-tools-for-stm32.11.3.rel1.win32_1.1.0.202305231506/tools/bin/../lib/gcc/arm-none-eabi/11.3.1/thumb/v7-m/nofp\libgcc.a
LOAD C:/ST/STM32CubeIDE_1.13.0/STM32CubeIDE/plugins/com.st.stm32cube.ide.mcu.externaltools.gnu-tools-for-stm32.11.3.rel1.win32_1.1.0.202305231506/tools/bin/../lib/gcc/arm-none-eabi/11.3.1/../../../../arm-none-eabi/lib/thumb/v7-m/nofp\libc_nano.a
END GROUP
START GROUP
LOAD C:/ST/STM32CubeIDE_1.13.0/STM32CubeIDE/plugins/com.st.stm32cube.ide.mcu.externaltools.gnu-tools-for-stm32.11.3.rel1.win32_1.1.0.202305231506/tools/bin/../lib/gcc/arm-none-eabi/11.3.1/thumb/v7-m/nofp\libgcc.a
LOAD C:/ST/STM32CubeIDE_1.13.0/STM32CubeIDE/plugins/com.st.stm32cube.ide.mcu.externaltools.gnu-tools-for-stm32.11.3.rel1.win32_1.1.0.202305231506/tools/bin/../lib/gcc/arm-none-eabi/11.3.1/../../../../arm-none-eabi/lib/thumb/v7-m/nofp\libc_nano.a
LOAD C:/ST/STM32CubeIDE_1.13.0/STM32CubeIDE/plugins/com.st.stm32cube.ide.mcu.externaltools.gnu-tools-for-stm32.11.3.rel1.win32_1.1.0.202305231506/tools/bin/../lib/gcc/arm-none-eabi/11.3.1/../../../../arm-none-eabi/lib/thumb/v7-m/nofp\libnosys.a
END GROUP
START GROUP
LOAD C:/ST/STM32CubeIDE_1.13.0/STM32CubeIDE/plugins/com.st.stm32cube.ide.mcu.externaltools.gnu-tools-for-stm32.11.3.rel1.win32_1.1.0.202305231506/tools/bin/../lib/gcc/arm-none-eabi/11.3.1/thumb/v7-m/nofp\libgcc.a
LOAD C:/ST/STM32CubeIDE_1.13.0/STM32CubeIDE/plugins/com.st.stm32cube.ide.mcu.externaltools.gnu-tools-for-stm32.11.3.rel1.win32_1.1.0.202305231506/tools/bin/../lib/gcc/arm-none-eabi/11.3.1/../../../../arm-none-eabi/lib/thumb/v7-m/nofp\libc_nano.a
LOAD C:/ST/STM32CubeIDE_1.13.0/STM32CubeIDE/plugins/com.st.stm32cube.ide.mcu.externaltools.gnu-tools-for-stm32.11.3.rel1.win32_1.1.0.202305231506/tools/bin/../lib/gcc/arm-none-eabi/11.3.1/../../../../arm-none-eabi/lib/thumb/v7-m/nofp\libnosys.a
END GROUP
LOAD C:/ST/STM32CubeIDE_1.13.0/STM32CubeIDE/plugins/com.st.stm32cube.ide.mcu.externaltools.gnu-tools-for-stm32.11.3.rel1.win32_1.1.0.202305231506/tools/bin/../lib/gcc/arm-none-eabi/11.3.1/thumb/v7-m/nofp/crtend.o
LOAD C:/ST/STM32CubeIDE_1.13.0/STM32CubeIDE/plugins/com.st.stm32cube.ide.mcu.externaltools.gnu-tools-for-stm32.11.3.rel1.win32_1.1.0.202305231506/tools/bin/../lib/gcc/arm-none-eabi/11.3.1/thumb/v7-m/nofp/crtn.o
                0x0000000020002800                _estack = (ORIGIN (RAM) + LENGTH (RAM))
                0x0000000000000200                _Min_Heap_Size = 0x200
                0x0000000000000400                _Min_Stack_Size = 0x400

.isr_vector     0x0000000008000000      0x10c
                0x0000000008000000                . = ALIGN (0x4)
 *(.isr_vector)
 .isr_vector    0x0000000008000000      0x10c ./Core/Startup/startup_stm32f103c6tx.o
                0x0000000008000000                g_pfnVectors
                0x000000000800010c                . = ALIGN (0x4)

.text           0x0000000008000110     0x7980
                0x0000000008000110                . = ALIGN (0x4)
 *(.text)
 .text          0x0000000008000110       0x40 C:/ST/STM32CubeIDE_1.13.0/STM32CubeIDE/plugins/com.st.stm32cube.ide.mcu.externaltools.gnu-tools-for-stm32.11.3.rel1.win32_1.1.0.202305231506/tools/bin/../lib/gcc/arm-none-eabi/11.3.1/thumb/v7-m/nofp/crtbegin.o
 .text          0x0000000008000150       0x14 C:/ST/STM32CubeIDE_1.13.0/STM32CubeIDE/plugins/com.st.stm32cube.ide.mcu.externaltools.gnu-tools-for-stm32.11.3.rel1.win32_1.1.0.202305231506/tools/bin/../lib/gcc/arm-none-eabi/11.3.1/../../../../arm-none-eabi/lib/thumb/v7-m/nofp\libc_nano.a(libc_a-strcmp.o)
                0x0000000008000150                strcmp
 .text          0x0000000008000164       0x10 C:/ST/STM32CubeIDE_1.13.0/STM32CubeIDE/plugins/com.st.stm32cube.ide.mcu.externaltools.gnu-tools-for-stm32.11.3.rel1.win32_1.1.0.202305231506/tools/bin/../lib/gcc/arm-none-eabi/11.3.1/../../../../arm-none-eabi/lib/thumb/v7-m/nofp\libc_nano.a(libc_a-strlen.o)
                0x0000000008000164                strlen
 .text          0x0000000008000174      0x254 C:/ST/STM32CubeIDE_1.13.0/STM32CubeIDE/plugins/com.st.stm32cube.ide.mcu.externaltools.gnu-tools-for-stm32.11.3.rel1.win32_1.1.0.202305231506/tools/bin/../lib/gcc/arm-none-eabi/11.3.1/thumb/v7-m/nofp\libgcc.a(_arm_muldf3.o)
                0x0000000008000174                __muldf3
                0x0000000008000174                __aeabi_dmul
 .text          0x00000000080003c8      0x378 C:/ST/STM32CubeIDE_1.13.0/STM32CubeIDE/plugins/com.st.stm32cube.ide.mcu.externaltools.gnu-tools-for-stm32.11.3.rel1.win32_1.1.0.202305231506/tools/bin/../lib/gcc/arm-none-eabi/11.3.1/thumb/v7-m/nofp\libgcc.a(_arm_addsubdf3.o)
                0x00000000080003c8                __aeabi_drsub
                0x00000000080003d0                __aeabi_dsub
                0x00000000080003d0                __subdf3
                0x00000000080003d4                __aeabi_dadd
                0x00000000080003d4                __adddf3
                0x000000000800064c                __floatunsidf
                0x000000000800064c                __aeabi_ui2d
                0x000000000800066c                __floatsidf
                0x000000000800066c                __aeabi_i2d
                0x0000000008000690                __aeabi_f2d
                0x0000000008000690                __extendsfdf2
                0x00000000080006d4                __floatundidf
                0x00000000080006d4                __aeabi_ul2d
                0x00000000080006e4                __floatdidf
                0x00000000080006e4                __aeabi_l2d
 .text          0x0000000008000740       0xa0 C:/ST/STM32CubeIDE_1.13.0/STM32CubeIDE/plugins/com.st.stm32cube.ide.mcu.externaltools.gnu-tools-for-stm32.11.3.rel1.win32_1.1.0.202305231506/tools/bin/../lib/gcc/arm-none-eabi/11.3.1/thumb/v7-m/nofp\libgcc.a(_arm_truncdfsf2.o)
                0x0000000008000740                __truncdfsf2
                0x0000000008000740                __aeabi_d2f
 .text          0x00000000080007e0      0x21c C:/ST/STM32CubeIDE_1.13.0/STM32CubeIDE/plugins/com.st.stm32cube.ide.mcu.externaltools.gnu-tools-for-stm32.11.3.rel1.win32_1.1.0.202305231506/tools/bin/../lib/gcc/arm-none-eabi/11.3.1/thumb/v7-m/nofp\libgcc.a(_arm_addsubsf3.o)
                0x00000000080007e0                __aeabi_frsub
                0x00000000080007e8                __subsf3
                0x00000000080007e8                __aeabi_fsub
                0x00000000080007ec                __aeabi_fadd
                0x00000000080007ec                __addsf3
                0x000000000800094c                __aeabi_ui2f
                0x000000000800094c                __floatunsisf
                0x0000000008000954                __aeabi_i2f
                0x0000000008000954                __floatsisf
                0x0000000008000970                __aeabi_ul2f
                0x0000000008000970                __floatundisf
                0x0000000008000980                __aeabi_l2f
                0x0000000008000980                __floatdisf
 .text          0x00000000080009fc      0x2a0 C:/ST/STM32CubeIDE_1.13.0/STM32CubeIDE/plugins/com.st.stm32cube.ide.mcu.externaltools.gnu-tools-for-stm32.11.3.rel1.win32_1.1.0.202305231506/tools/bin/../lib/gcc/arm-none-eabi/11.3.1/thumb/v7-m/nofp\libgcc.a(_arm_muldivsf3.o)
                0x00000000080009fc                __mulsf3
                0x00000000080009fc                __aeabi_fmul
                0x0000000008000b64                __aeabi_fdiv
                0x0000000008000b64                __divsf3
 .text          0x0000000008000c9c       0x4c C:/ST/STM32CubeIDE_1.13.0/STM32CubeIDE/plugins/com.st.stm32cube.ide.mcu.externaltools.gnu-tools-for-stm32.11.3.rel1.win32_1.1.0.202305231506/tools/bin/../lib/gcc/arm-none-eabi/11.3.1/thumb/v7-m/nofp\libgcc.a(_arm_fixsfsi.o)
                0x0000000008000c9c                __aeabi_f2iz
                0x0000000008000c9c                __fixsfsi
 .text          0x0000000008000ce8       0x40 C:/ST/STM32CubeIDE_1.13.0/STM32CubeIDE/plugins/com.st.stm32cube.ide.mcu.externaltools.gnu-tools-for-stm32.11.3.rel1.win32_1.1.0.202305231506/tools/bin/../lib/gcc/arm-none-eabi/11.3.1/thumb/v7-m/nofp\libgcc.a(_arm_fixunssfsi.o)
                0x0000000008000ce8                __fixunssfsi
                0x0000000008000ce8                __aeabi_f2uiz
 *(.text*)
 .text.AnalogInput_DefaultHandler
                0x0000000008000d28        0x4 ./AnalogInput/AnalogInput.o
 .text.NodeFreeElement
                0x0000000008000d2c        0x6 ./AnalogInput/AnalogInput.o
 *fill*         0x0000000008000d32        0x2 
 .text.AnalogInput_Init
                0x0000000008000d34       0x70 ./AnalogInput/AnalogInput.o
                0x0000000008000d34                AnalogInput_Init
 .text.AnalogInput_GetDataLength
                0x0000000008000da4       0x40 ./AnalogInput/AnalogInput.o
                0x0000000008000da4                AnalogInput_GetDataLength
 .text.AnalogInput_SetType
                0x0000000008000de4       0x34 ./AnalogInput/AnalogInput.o
                0x0000000008000de4                AnalogInput_SetType
 .text.AnalogInput_TurnOff
                0x0000000008000e18       0x18 ./AnalogInput/AnalogInput.o
                0x0000000008000e18                AnalogInput_TurnOff
 .text.AnalogInput_TurnOn
                0x0000000008000e30       0x18 ./AnalogInput/AnalogInput.o
                0x0000000008000e30                AnalogInput_TurnOn
 .text.AnalogInput_SetMinAndMax
                0x0000000008000e48       0x1c ./AnalogInput/AnalogInput.o
                0x0000000008000e48                AnalogInput_SetMinAndMax
 .text.AnalogInput_SetInputMax
                0x0000000008000e64       0x18 ./AnalogInput/AnalogInput.o
                0x0000000008000e64                AnalogInput_SetInputMax
 .text.AnalogInput_SetHandler
                0x0000000008000e7c       0x18 ./AnalogInput/AnalogInput.o
                0x0000000008000e7c                AnalogInput_SetHandler
 .text.AnalogInput_Update
                0x0000000008000e94       0xd4 ./AnalogInput/AnalogInput.o
                0x0000000008000e94                AnalogInput_Update
 .text.AnalogInput_GetData
                0x0000000008000f68       0x20 ./AnalogInput/AnalogInput.o
                0x0000000008000f68                AnalogInput_GetData
 .text.AnalogInput_GetStatusString
                0x0000000008000f88      0x140 ./AnalogInput/AnalogInput.o
                0x0000000008000f88                AnalogInput_GetStatusString
 .text.AnalogInput_TypeFromString
                0x00000000080010c8       0x80 ./AnalogInput/AnalogInput.o
                0x00000000080010c8                AnalogInput_TypeFromString
 .text.EmptyCommandHanlder
                0x0000000008001148        0x2 ./Command/Command.o
 .text.FreeCommandDefElement
                0x000000000800114a        0x6 ./Command/Command.o
 .text.HelpCommandHanlderFunction
                0x0000000008001150       0x74 ./Command/Command.o
 .text.FreeCommandQueueElement
                0x00000000080011c4       0x14 ./Command/Command.o
 .text.Command_Register
                0x00000000080011d8       0x30 ./Command/Command.o
                0x00000000080011d8                Command_Register
 .text.Command_Init
                0x0000000008001208       0x4c ./Command/Command.o
                0x0000000008001208                Command_Init
 .text.Command_ReceiveData
                0x0000000008001254       0x30 ./Command/Command.o
                0x0000000008001254                Command_ReceiveData
 .text.Command_RegisterDefaultCallback
                0x0000000008001284        0xc ./Command/Command.o
                0x0000000008001284                Command_RegisterDefaultCallback
 .text.Command_Update
                0x0000000008001290       0x84 ./Command/Command.o
                0x0000000008001290                Command_Update
 .text.Command_Response
                0x0000000008001314        0x4 ./Command/Command.o
                0x0000000008001314                Command_Response
 .text.Command_ResponseConstChar
                0x0000000008001318       0x14 ./Command/Command.o
                0x0000000008001318                Command_ResponseConstChar
 .text.EmptyTransmitFunction
                0x000000000800132c        0x2 ./Communication/Communication.o
 .text.EmptyHanlderFunction
                0x000000000800132e        0x2 ./Communication/Communication.o
 .text.QueueFreeUARTFrameNode
                0x0000000008001330       0x14 ./Communication/Communication.o
 .text.Communication_Init
                0x0000000008001344       0x30 ./Communication/Communication.o
                0x0000000008001344                Communication_Init
 .text.Communication_SetTransmitFunction
                0x0000000008001374        0x4 ./Communication/Communication.o
                0x0000000008001374                Communication_SetTransmitFunction
 .text.Communication_SetHandlerFunction
                0x0000000008001378        0x4 ./Communication/Communication.o
                0x0000000008001378                Communication_SetHandlerFunction
 .text.Communication_ReceiveData
                0x000000000800137c       0x2e ./Communication/Communication.o
                0x000000000800137c                Communication_ReceiveData
 .text.Communication_Update
                0x00000000080013aa       0x30 ./Communication/Communication.o
                0x00000000080013aa                Communication_Update
 *fill*         0x00000000080013da        0x6 
 .text.customAtof
                0x00000000080013e0       0xc8 ./Core/Src/CommandConfig.o
 .text.GetIndexFromString.isra.0
                0x00000000080014a8       0x18 ./Core/Src/CommandConfig.o
 .text.Command_DefaultResponse
                0x00000000080014c0        0xc ./Core/Src/CommandConfig.o
                0x00000000080014c0                Command_DefaultResponse
 .text.Command_AnalogInputConfig
                0x00000000080014cc      0x160 ./Core/Src/CommandConfig.o
                0x00000000080014cc                Command_AnalogInputConfig
 .text.Command_TimeTrigger
                0x000000000800162c       0x6c ./Core/Src/CommandConfig.o
                0x000000000800162c                Command_TimeTrigger
 .text.I2C_TransmitFunction
                0x0000000008001698       0x2c ./Core/Src/I2CCommunicationConfig.o
                0x0000000008001698                I2C_TransmitFunction
 .text.I2C_HandlerFunction
                0x00000000080016c4       0xd4 ./Core/Src/I2CCommunicationConfig.o
                0x00000000080016c4                I2C_HandlerFunction
 .text.HAL_I2C_ListenCpltCallback
                0x0000000008001798        0x4 ./Core/Src/I2CSlave.o
                0x0000000008001798                HAL_I2C_ListenCpltCallback
 .text.HAL_I2C_AddrCallback
                0x000000000800179c       0x54 ./Core/Src/I2CSlave.o
                0x000000000800179c                HAL_I2C_AddrCallback
 .text.HAL_I2C_SlaveRxCpltCallback
                0x00000000080017f0       0x54 ./Core/Src/I2CSlave.o
                0x00000000080017f0                HAL_I2C_SlaveRxCpltCallback
 .text.HAL_I2C_ErrorCallback
                0x0000000008001844       0x30 ./Core/Src/I2CSlave.o
                0x0000000008001844                HAL_I2C_ErrorCallback
 .text.ADC_Select
                0x0000000008001874       0x24 ./Core/Src/main.o
                0x0000000008001874                ADC_Select
 .text.AD1_Handler
                0x0000000008001898       0x4c ./Core/Src/main.o
                0x0000000008001898                AD1_Handler
 *fill*         0x00000000080018e4        0x4 
 .text.AD2_Handler
                0x00000000080018e8       0x4c ./Core/Src/main.o
                0x00000000080018e8                AD2_Handler
 .text.SystemClock_Config
                0x0000000008001934       0x82 ./Core/Src/main.o
                0x0000000008001934                SystemClock_Config
 *fill*         0x00000000080019b6        0x2 
 .text.startup.main
                0x00000000080019b8      0x338 ./Core/Src/main.o
                0x00000000080019b8                main
 .text.Error_Handler
                0x0000000008001cf0        0x4 ./Core/Src/main.o
                0x0000000008001cf0                Error_Handler
 .text.HAL_MspInit
                0x0000000008001cf4       0x44 ./Core/Src/stm32f1xx_hal_msp.o
                0x0000000008001cf4                HAL_MspInit
 .text.HAL_ADC_MspInit
                0x0000000008001d38       0x5c ./Core/Src/stm32f1xx_hal_msp.o
                0x0000000008001d38                HAL_ADC_MspInit
 .text.HAL_I2C_MspInit
                0x0000000008001d94       0x84 ./Core/Src/stm32f1xx_hal_msp.o
                0x0000000008001d94                HAL_I2C_MspInit
 .text.HAL_TIM_Base_MspInit
                0x0000000008001e18       0x24 ./Core/Src/stm32f1xx_hal_msp.o
                0x0000000008001e18                HAL_TIM_Base_MspInit
 .text.NMI_Handler
                0x0000000008001e3c        0x2 ./Core/Src/stm32f1xx_it.o
                0x0000000008001e3c                NMI_Handler
 .text.HardFault_Handler
                0x0000000008001e3e        0x2 ./Core/Src/stm32f1xx_it.o
                0x0000000008001e3e                HardFault_Handler
 .text.MemManage_Handler
                0x0000000008001e40        0x2 ./Core/Src/stm32f1xx_it.o
                0x0000000008001e40                MemManage_Handler
 .text.BusFault_Handler
                0x0000000008001e42        0x2 ./Core/Src/stm32f1xx_it.o
                0x0000000008001e42                BusFault_Handler
 .text.UsageFault_Handler
                0x0000000008001e44        0x2 ./Core/Src/stm32f1xx_it.o
                0x0000000008001e44                UsageFault_Handler
 .text.SVC_Handler
                0x0000000008001e46        0x2 ./Core/Src/stm32f1xx_it.o
                0x0000000008001e46                SVC_Handler
 .text.DebugMon_Handler
                0x0000000008001e48        0x2 ./Core/Src/stm32f1xx_it.o
                0x0000000008001e48                DebugMon_Handler
 .text.PendSV_Handler
                0x0000000008001e4a        0x2 ./Core/Src/stm32f1xx_it.o
                0x0000000008001e4a                PendSV_Handler
 .text.SysTick_Handler
                0x0000000008001e4c        0x4 ./Core/Src/stm32f1xx_it.o
                0x0000000008001e4c                SysTick_Handler
 .text.USB_LP_CAN1_RX0_IRQHandler
                0x0000000008001e50        0xc ./Core/Src/stm32f1xx_it.o
                0x0000000008001e50                USB_LP_CAN1_RX0_IRQHandler
 .text.I2C1_EV_IRQHandler
                0x0000000008001e5c        0xc ./Core/Src/stm32f1xx_it.o
                0x0000000008001e5c                I2C1_EV_IRQHandler
 .text.I2C1_ER_IRQHandler
                0x0000000008001e68        0xc ./Core/Src/stm32f1xx_it.o
                0x0000000008001e68                I2C1_ER_IRQHandler
 .text._getpid  0x0000000008001e74        0x4 ./Core/Src/syscalls.o
                0x0000000008001e74                _getpid
 .text._kill    0x0000000008001e78       0x10 ./Core/Src/syscalls.o
                0x0000000008001e78                _kill
 .text._exit    0x0000000008001e88        0xc ./Core/Src/syscalls.o
                0x0000000008001e88                _exit
 .text._read    0x0000000008001e94       0x1c ./Core/Src/syscalls.o
                0x0000000008001e94                _read
 .text._write   0x0000000008001eb0       0x1c ./Core/Src/syscalls.o
                0x0000000008001eb0                _write
 .text._close   0x0000000008001ecc        0x6 ./Core/Src/syscalls.o
                0x0000000008001ecc                _close
 .text._fstat   0x0000000008001ed2        0xa ./Core/Src/syscalls.o
                0x0000000008001ed2                _fstat
 .text._isatty  0x0000000008001edc        0x4 ./Core/Src/syscalls.o
                0x0000000008001edc                _isatty
 .text._lseek   0x0000000008001ee0        0x4 ./Core/Src/syscalls.o
                0x0000000008001ee0                _lseek
 .text._sbrk    0x0000000008001ee4       0x40 ./Core/Src/sysmem.o
                0x0000000008001ee4                _sbrk
 .text.SystemInit
                0x0000000008001f24        0x2 ./Core/Src/system_stm32f1xx.o
                0x0000000008001f24                SystemInit
 *fill*         0x0000000008001f26        0x2 
 .text.Reset_Handler
                0x0000000008001f28       0x48 ./Core/Startup/startup_stm32f103c6tx.o
                0x0000000008001f28                Reset_Handler
 .text.Default_Handler
                0x0000000008001f70        0x2 ./Core/Startup/startup_stm32f103c6tx.o
                0x0000000008001f70                RTC_Alarm_IRQHandler
                0x0000000008001f70                EXTI2_IRQHandler
                0x0000000008001f70                TIM1_CC_IRQHandler
                0x0000000008001f70                PVD_IRQHandler
                0x0000000008001f70                EXTI3_IRQHandler
                0x0000000008001f70                EXTI0_IRQHandler
                0x0000000008001f70                ADC1_2_IRQHandler
                0x0000000008001f70                SPI1_IRQHandler
                0x0000000008001f70                TAMPER_IRQHandler
                0x0000000008001f70                DMA1_Channel4_IRQHandler
                0x0000000008001f70                RTC_IRQHandler
                0x0000000008001f70                DMA1_Channel7_IRQHandler
                0x0000000008001f70                CAN1_RX1_IRQHandler
                0x0000000008001f70                DMA1_Channel6_IRQHandler
                0x0000000008001f70                TIM3_IRQHandler
                0x0000000008001f70                RCC_IRQHandler
                0x0000000008001f70                TIM1_TRG_COM_IRQHandler
                0x0000000008001f70                DMA1_Channel1_IRQHandler
                0x0000000008001f70                Default_Handler
                0x0000000008001f70                EXTI15_10_IRQHandler
                0x0000000008001f70                EXTI9_5_IRQHandler
                0x0000000008001f70                DMA1_Channel5_IRQHandler
                0x0000000008001f70                EXTI4_IRQHandler
                0x0000000008001f70                USB_HP_CAN1_TX_IRQHandler
                0x0000000008001f70                DMA1_Channel3_IRQHandler
                0x0000000008001f70                TIM1_UP_IRQHandler
                0x0000000008001f70                WWDG_IRQHandler
                0x0000000008001f70                TIM2_IRQHandler
                0x0000000008001f70                TIM1_BRK_IRQHandler
                0x0000000008001f70                EXTI1_IRQHandler
                0x0000000008001f70                USART2_IRQHandler
                0x0000000008001f70                DMA1_Channel2_IRQHandler
                0x0000000008001f70                CAN1_SCE_IRQHandler
                0x0000000008001f70                FLASH_IRQHandler
                0x0000000008001f70                USART1_IRQHandler
                0x0000000008001f70                USBWakeUp_IRQHandler
 *fill*         0x0000000008001f72        0x2 
 .text.HAL_InitTick
                0x0000000008001f74       0x48 ./Drivers/STM32F1xx_HAL_Driver/Src/stm32f1xx_hal.o
                0x0000000008001f74                HAL_InitTick
 .text.HAL_Init
                0x0000000008001fbc       0x24 ./Drivers/STM32F1xx_HAL_Driver/Src/stm32f1xx_hal.o
                0x0000000008001fbc                HAL_Init
 .text.HAL_IncTick
                0x0000000008001fe0       0x18 ./Drivers/STM32F1xx_HAL_Driver/Src/stm32f1xx_hal.o
                0x0000000008001fe0                HAL_IncTick
 .text.HAL_GetTick
                0x0000000008001ff8        0xc ./Drivers/STM32F1xx_HAL_Driver/Src/stm32f1xx_hal.o
                0x0000000008001ff8                HAL_GetTick
 .text.HAL_Delay
                0x0000000008002004       0x24 ./Drivers/STM32F1xx_HAL_Driver/Src/stm32f1xx_hal.o
                0x0000000008002004                HAL_Delay
 .text.HAL_ADC_GetValue
                0x0000000008002028        0x6 ./Drivers/STM32F1xx_HAL_Driver/Src/stm32f1xx_hal_adc.o
                0x0000000008002028                HAL_ADC_GetValue
 *fill*         0x000000000800202e        0x2 
 .text.HAL_ADC_ConfigChannel
                0x0000000008002030       0xfc ./Drivers/STM32F1xx_HAL_Driver/Src/stm32f1xx_hal_adc.o
                0x0000000008002030                HAL_ADC_ConfigChannel
 .text.ADC_Enable
                0x000000000800212c       0x78 ./Drivers/STM32F1xx_HAL_Driver/Src/stm32f1xx_hal_adc.o
                0x000000000800212c                ADC_Enable
 .text.HAL_ADC_Start
                0x00000000080021a4       0xc4 ./Drivers/STM32F1xx_HAL_Driver/Src/stm32f1xx_hal_adc.o
                0x00000000080021a4                HAL_ADC_Start
 .text.ADC_ConversionStop_Disable
                0x0000000008002268       0x4c ./Drivers/STM32F1xx_HAL_Driver/Src/stm32f1xx_hal_adc.o
                0x0000000008002268                ADC_ConversionStop_Disable
 .text.HAL_ADC_Init
                0x00000000080022b4       0xfc ./Drivers/STM32F1xx_HAL_Driver/Src/stm32f1xx_hal_adc.o
                0x00000000080022b4                HAL_ADC_Init
 .text.HAL_ADC_Stop
                0x00000000080023b0       0x34 ./Drivers/STM32F1xx_HAL_Driver/Src/stm32f1xx_hal_adc.o
                0x00000000080023b0                HAL_ADC_Stop
 .text.HAL_NVIC_SetPriorityGrouping
                0x00000000080023e4       0x24 ./Drivers/STM32F1xx_HAL_Driver/Src/stm32f1xx_hal_cortex.o
                0x00000000080023e4                HAL_NVIC_SetPriorityGrouping
 .text.HAL_NVIC_SetPriority
                0x0000000008002408       0x60 ./Drivers/STM32F1xx_HAL_Driver/Src/stm32f1xx_hal_cortex.o
                0x0000000008002408                HAL_NVIC_SetPriority
 .text.HAL_NVIC_EnableIRQ
                0x0000000008002468       0x1c ./Drivers/STM32F1xx_HAL_Driver/Src/stm32f1xx_hal_cortex.o
                0x0000000008002468                HAL_NVIC_EnableIRQ
 .text.HAL_SYSTICK_Config
                0x0000000008002484       0x28 ./Drivers/STM32F1xx_HAL_Driver/Src/stm32f1xx_hal_cortex.o
                0x0000000008002484                HAL_SYSTICK_Config
 .text.HAL_DMA_Abort_IT
                0x00000000080024ac       0x90 ./Drivers/STM32F1xx_HAL_Driver/Src/stm32f1xx_hal_dma.o
                0x00000000080024ac                HAL_DMA_Abort_IT
 .text.HAL_DMA_GetState
                0x000000000800253c        0x6 ./Drivers/STM32F1xx_HAL_Driver/Src/stm32f1xx_hal_dma.o
                0x000000000800253c                HAL_DMA_GetState
 *fill*         0x0000000008002542        0x2 
 .text.HAL_GPIO_Init
                0x0000000008002544      0x1ac ./Drivers/STM32F1xx_HAL_Driver/Src/stm32f1xx_hal_gpio.o
                0x0000000008002544                HAL_GPIO_Init
 .text.HAL_GPIO_ReadPin
                0x00000000080026f0        0xc ./Drivers/STM32F1xx_HAL_Driver/Src/stm32f1xx_hal_gpio.o
                0x00000000080026f0                HAL_GPIO_ReadPin
 .text.HAL_GPIO_WritePin
                0x00000000080026fc        0xa ./Drivers/STM32F1xx_HAL_Driver/Src/stm32f1xx_hal_gpio.o
                0x00000000080026fc                HAL_GPIO_WritePin
 *fill*         0x0000000008002706        0x2 
 .text.HAL_I2C_Init
                0x0000000008002708      0x150 ./Drivers/STM32F1xx_HAL_Driver/Src/stm32f1xx_hal_i2c.o
                0x0000000008002708                HAL_I2C_Init
 .text.HAL_I2C_Slave_Seq_Transmit_IT
                0x0000000008002858       0x76 ./Drivers/STM32F1xx_HAL_Driver/Src/stm32f1xx_hal_i2c.o
                0x0000000008002858                HAL_I2C_Slave_Seq_Transmit_IT
 .text.HAL_I2C_Slave_Seq_Receive_IT
                0x00000000080028ce       0x76 ./Drivers/STM32F1xx_HAL_Driver/Src/stm32f1xx_hal_i2c.o
                0x00000000080028ce                HAL_I2C_Slave_Seq_Receive_IT
 .text.HAL_I2C_EnableListen_IT
                0x0000000008002944       0x36 ./Drivers/STM32F1xx_HAL_Driver/Src/stm32f1xx_hal_i2c.o
                0x0000000008002944                HAL_I2C_EnableListen_IT
 .text.HAL_I2C_MasterTxCpltCallback
                0x000000000800297a        0x2 ./Drivers/STM32F1xx_HAL_Driver/Src/stm32f1xx_hal_i2c.o
                0x000000000800297a                HAL_I2C_MasterTxCpltCallback
 .text.HAL_I2C_MasterRxCpltCallback
                0x000000000800297c        0x2 ./Drivers/STM32F1xx_HAL_Driver/Src/stm32f1xx_hal_i2c.o
                0x000000000800297c                HAL_I2C_MasterRxCpltCallback
 .text.HAL_I2C_SlaveTxCpltCallback
                0x000000000800297e        0x2 ./Drivers/STM32F1xx_HAL_Driver/Src/stm32f1xx_hal_i2c.o
                0x000000000800297e                HAL_I2C_SlaveTxCpltCallback
 .text.HAL_I2C_MemTxCpltCallback
                0x0000000008002980        0x2 ./Drivers/STM32F1xx_HAL_Driver/Src/stm32f1xx_hal_i2c.o
                0x0000000008002980                HAL_I2C_MemTxCpltCallback
 .text.I2C_MemoryTransmit_TXE_BTF
                0x0000000008002982       0xb0 ./Drivers/STM32F1xx_HAL_Driver/Src/stm32f1xx_hal_i2c.o
 .text.HAL_I2C_MemRxCpltCallback
                0x0000000008002a32        0x2 ./Drivers/STM32F1xx_HAL_Driver/Src/stm32f1xx_hal_i2c.o
                0x0000000008002a32                HAL_I2C_MemRxCpltCallback
 .text.HAL_I2C_AbortCpltCallback
                0x0000000008002a34        0x2 ./Drivers/STM32F1xx_HAL_Driver/Src/stm32f1xx_hal_i2c.o
                0x0000000008002a34                HAL_I2C_AbortCpltCallback
 *fill*         0x0000000008002a36        0x2 
 .text.I2C_DMAAbort
                0x0000000008002a38       0xc0 ./Drivers/STM32F1xx_HAL_Driver/Src/stm32f1xx_hal_i2c.o
 .text.I2C_ITError
                0x0000000008002af8      0x150 ./Drivers/STM32F1xx_HAL_Driver/Src/stm32f1xx_hal_i2c.o
 .text.HAL_I2C_EV_IRQHandler
                0x0000000008002c48      0x890 ./Drivers/STM32F1xx_HAL_Driver/Src/stm32f1xx_hal_i2c.o
                0x0000000008002c48                HAL_I2C_EV_IRQHandler
 .text.HAL_I2C_ER_IRQHandler
                0x00000000080034d8      0x140 ./Drivers/STM32F1xx_HAL_Driver/Src/stm32f1xx_hal_i2c.o
                0x00000000080034d8                HAL_I2C_ER_IRQHandler
 .text.HAL_I2C_GetError
                0x0000000008003618        0x4 ./Drivers/STM32F1xx_HAL_Driver/Src/stm32f1xx_hal_i2c.o
                0x0000000008003618                HAL_I2C_GetError
 .text.HAL_PCD_Init
                0x000000000800361c       0xf0 ./Drivers/STM32F1xx_HAL_Driver/Src/stm32f1xx_hal_pcd.o
                0x000000000800361c                HAL_PCD_Init
 .text.HAL_PCD_Start
                0x000000000800370c       0x32 ./Drivers/STM32F1xx_HAL_Driver/Src/stm32f1xx_hal_pcd.o
                0x000000000800370c                HAL_PCD_Start
 .text.HAL_PCD_SetAddress
                0x000000000800373e       0x28 ./Drivers/STM32F1xx_HAL_Driver/Src/stm32f1xx_hal_pcd.o
                0x000000000800373e                HAL_PCD_SetAddress
 *fill*         0x0000000008003766        0x2 
 .text.HAL_PCD_IRQHandler
                0x0000000008003768      0x9b4 ./Drivers/STM32F1xx_HAL_Driver/Src/stm32f1xx_hal_pcd.o
                0x0000000008003768                HAL_PCD_IRQHandler
 .text.HAL_PCD_EP_Open
                0x000000000800411c       0x60 ./Drivers/STM32F1xx_HAL_Driver/Src/stm32f1xx_hal_pcd.o
                0x000000000800411c                HAL_PCD_EP_Open
 .text.HAL_PCD_EP_Close
                0x000000000800417c       0x52 ./Drivers/STM32F1xx_HAL_Driver/Src/stm32f1xx_hal_pcd.o
                0x000000000800417c                HAL_PCD_EP_Close
 .text.HAL_PCD_EP_Receive
                0x00000000080041ce       0x2e ./Drivers/STM32F1xx_HAL_Driver/Src/stm32f1xx_hal_pcd.o
                0x00000000080041ce                HAL_PCD_EP_Receive
 .text.HAL_PCD_EP_GetRxCount
                0x00000000080041fc       0x10 ./Drivers/STM32F1xx_HAL_Driver/Src/stm32f1xx_hal_pcd.o
                0x00000000080041fc                HAL_PCD_EP_GetRxCount
 .text.HAL_PCD_EP_Transmit
                0x000000000800420c       0x34 ./Drivers/STM32F1xx_HAL_Driver/Src/stm32f1xx_hal_pcd.o
                0x000000000800420c                HAL_PCD_EP_Transmit
 .text.HAL_PCD_EP_SetStall
                0x0000000008004240       0x68 ./Drivers/STM32F1xx_HAL_Driver/Src/stm32f1xx_hal_pcd.o
                0x0000000008004240                HAL_PCD_EP_SetStall
 .text.HAL_PCD_EP_ClrStall
                0x00000000080042a8       0x64 ./Drivers/STM32F1xx_HAL_Driver/Src/stm32f1xx_hal_pcd.o
                0x00000000080042a8                HAL_PCD_EP_ClrStall
 .text.HAL_PCDEx_PMAConfig
                0x000000000800430c       0x32 ./Drivers/STM32F1xx_HAL_Driver/Src/stm32f1xx_hal_pcd_ex.o
                0x000000000800430c                HAL_PCDEx_PMAConfig
 *fill*         0x000000000800433e        0x2 
 .text.HAL_RCC_OscConfig
                0x0000000008004340      0x338 ./Drivers/STM32F1xx_HAL_Driver/Src/stm32f1xx_hal_rcc.o
                0x0000000008004340                HAL_RCC_OscConfig
 .text.HAL_RCC_GetSysClockFreq
                0x0000000008004678       0x4c ./Drivers/STM32F1xx_HAL_Driver/Src/stm32f1xx_hal_rcc.o
                0x0000000008004678                HAL_RCC_GetSysClockFreq
 .text.HAL_RCC_ClockConfig
                0x00000000080046c4      0x138 ./Drivers/STM32F1xx_HAL_Driver/Src/stm32f1xx_hal_rcc.o
                0x00000000080046c4                HAL_RCC_ClockConfig
 .text.HAL_RCC_GetPCLK1Freq
                0x00000000080047fc       0x20 ./Drivers/STM32F1xx_HAL_Driver/Src/stm32f1xx_hal_rcc.o
                0x00000000080047fc                HAL_RCC_GetPCLK1Freq
 .text.HAL_RCCEx_PeriphCLKConfig
                0x000000000800481c       0xf4 ./Drivers/STM32F1xx_HAL_Driver/Src/stm32f1xx_hal_rcc_ex.o
                0x000000000800481c                HAL_RCCEx_PeriphCLKConfig
 .text.HAL_TIM_Base_Start
                0x0000000008004910       0x44 ./Drivers/STM32F1xx_HAL_Driver/Src/stm32f1xx_hal_tim.o
                0x0000000008004910                HAL_TIM_Base_Start
 .text.TIM_Base_SetConfig
                0x0000000008004954       0x64 ./Drivers/STM32F1xx_HAL_Driver/Src/stm32f1xx_hal_tim.o
                0x0000000008004954                TIM_Base_SetConfig
 .text.HAL_TIM_Base_Init
                0x00000000080049b8       0x58 ./Drivers/STM32F1xx_HAL_Driver/Src/stm32f1xx_hal_tim.o
                0x00000000080049b8                HAL_TIM_Base_Init
 .text.TIM_ETR_SetConfig
                0x0000000008004a10       0x14 ./Drivers/STM32F1xx_HAL_Driver/Src/stm32f1xx_hal_tim.o
                0x0000000008004a10                TIM_ETR_SetConfig
 .text.HAL_TIM_ConfigClockSource
                0x0000000008004a24      0x132 ./Drivers/STM32F1xx_HAL_Driver/Src/stm32f1xx_hal_tim.o
                0x0000000008004a24                HAL_TIM_ConfigClockSource
 *fill*         0x0000000008004b56        0x2 
 .text.HAL_TIMEx_MasterConfigSynchronization
                0x0000000008004b58       0x54 ./Drivers/STM32F1xx_HAL_Driver/Src/stm32f1xx_hal_tim_ex.o
                0x0000000008004b58                HAL_TIMEx_MasterConfigSynchronization
 .text.USB_CoreInit
                0x0000000008004bac        0xe ./Drivers/STM32F1xx_HAL_Driver/Src/stm32f1xx_ll_usb.o
                0x0000000008004bac                USB_CoreInit
 .text.USB_EnableGlobalInt
                0x0000000008004bba       0x12 ./Drivers/STM32F1xx_HAL_Driver/Src/stm32f1xx_ll_usb.o
                0x0000000008004bba                USB_EnableGlobalInt
 .text.USB_DisableGlobalInt
                0x0000000008004bcc       0x14 ./Drivers/STM32F1xx_HAL_Driver/Src/stm32f1xx_ll_usb.o
                0x0000000008004bcc                USB_DisableGlobalInt
 .text.USB_SetCurrentMode
                0x0000000008004be0        0x4 ./Drivers/STM32F1xx_HAL_Driver/Src/stm32f1xx_ll_usb.o
                0x0000000008004be0                USB_SetCurrentMode
 .text.USB_DevInit
                0x0000000008004be4       0x28 ./Drivers/STM32F1xx_HAL_Driver/Src/stm32f1xx_ll_usb.o
                0x0000000008004be4                USB_DevInit
 .text.USB_ActivateEndpoint
                0x0000000008004c0c      0x2c0 ./Drivers/STM32F1xx_HAL_Driver/Src/stm32f1xx_ll_usb.o
                0x0000000008004c0c                USB_ActivateEndpoint
 .text.USB_DeactivateEndpoint
                0x0000000008004ecc      0x1a6 ./Drivers/STM32F1xx_HAL_Driver/Src/stm32f1xx_ll_usb.o
                0x0000000008004ecc                USB_DeactivateEndpoint
 .text.USB_EPSetStall
                0x0000000008005072       0x40 ./Drivers/STM32F1xx_HAL_Driver/Src/stm32f1xx_ll_usb.o
                0x0000000008005072                USB_EPSetStall
 .text.USB_EPClearStall
                0x00000000080050b2       0x92 ./Drivers/STM32F1xx_HAL_Driver/Src/stm32f1xx_ll_usb.o
                0x00000000080050b2                USB_EPClearStall
 .text.USB_SetDevAddress
                0x0000000008005144        0xc ./Drivers/STM32F1xx_HAL_Driver/Src/stm32f1xx_ll_usb.o
                0x0000000008005144                USB_SetDevAddress
 .text.USB_DevConnect
                0x0000000008005150        0x4 ./Drivers/STM32F1xx_HAL_Driver/Src/stm32f1xx_ll_usb.o
                0x0000000008005150                USB_DevConnect
 .text.USB_DevDisconnect
                0x0000000008005154        0x4 ./Drivers/STM32F1xx_HAL_Driver/Src/stm32f1xx_ll_usb.o
                0x0000000008005154                USB_DevDisconnect
 .text.USB_ReadInterrupts
                0x0000000008005158        0x8 ./Drivers/STM32F1xx_HAL_Driver/Src/stm32f1xx_ll_usb.o
                0x0000000008005158                USB_ReadInterrupts
 .text.USB_EP0_OutStart
                0x0000000008005160        0x4 ./Drivers/STM32F1xx_HAL_Driver/Src/stm32f1xx_ll_usb.o
                0x0000000008005160                USB_EP0_OutStart
 .text.USB_WritePMA
                0x0000000008005164       0x20 ./Drivers/STM32F1xx_HAL_Driver/Src/stm32f1xx_ll_usb.o
                0x0000000008005164                USB_WritePMA
 .text.USB_EPStartXfer
                0x0000000008005184      0x430 ./Drivers/STM32F1xx_HAL_Driver/Src/stm32f1xx_ll_usb.o
                0x0000000008005184                USB_EPStartXfer
 .text.USB_ReadPMA
                0x00000000080055b4       0x38 ./Drivers/STM32F1xx_HAL_Driver/Src/stm32f1xx_ll_usb.o
                0x00000000080055b4                USB_ReadPMA
 .text.DefaultFreeElementCallback
                0x00000000080055ec        0x2 ./HashMap/HashMap.o
 *fill*         0x00000000080055ee        0x2 
 .text.HashMap_Init
                0x00000000080055f0       0x18 ./HashMap/HashMap.o
                0x00000000080055f0                HashMap_Init
 .text.HashMap_Set
                0x0000000008005608       0x44 ./HashMap/HashMap.o
                0x0000000008005608                HashMap_Set
 .text.HashMap_Get
                0x000000000800564c       0x1c ./HashMap/HashMap.o
                0x000000000800564c                HashMap_Get
 .text.HashMap_Contains
                0x0000000008005668       0x1e ./HashMap/HashMap.o
                0x0000000008005668                HashMap_Contains
 .text.HashMap_SetFreeElementCallback
                0x0000000008005686        0x4 ./HashMap/HashMap.o
                0x0000000008005686                HashMap_SetFreeElementCallback
 .text.EmptyFreeElement
                0x000000000800568a        0x2 ./LinkList/LinkList.o
 .text.LinkList_Init
                0x000000000800568c       0x1c ./LinkList/LinkList.o
                0x000000000800568c                LinkList_Init
 .text.LinkList_GetSize
                0x00000000080056a8        0x4 ./LinkList/LinkList.o
                0x00000000080056a8                LinkList_GetSize
 .text.LinkList_Append
                0x00000000080056ac       0x26 ./LinkList/LinkList.o
                0x00000000080056ac                LinkList_Append
 .text.LinkList_Get
                0x00000000080056d2       0x14 ./LinkList/LinkList.o
                0x00000000080056d2                LinkList_Get
 .text.LinkList_SetFreeElement
                0x00000000080056e6        0x4 ./LinkList/LinkList.o
                0x00000000080056e6                LinkList_SetFreeElement
 .text.USBD_CDC_EP0_RxReady
                0x00000000080056ea       0x28 ./Middlewares/ST/STM32_USB_Device_Library/Class/CDC/Src/usbd_cdc.o
 *fill*         0x0000000008005712        0x2 
 .text.USBD_CDC_GetFSCfgDesc
                0x0000000008005714        0xc ./Middlewares/ST/STM32_USB_Device_Library/Class/CDC/Src/usbd_cdc.o
 .text.USBD_CDC_GetHSCfgDesc
                0x0000000008005720        0xc ./Middlewares/ST/STM32_USB_Device_Library/Class/CDC/Src/usbd_cdc.o
 .text.USBD_CDC_GetOtherSpeedCfgDesc
                0x000000000800572c        0xc ./Middlewares/ST/STM32_USB_Device_Library/Class/CDC/Src/usbd_cdc.o
 .text.USBD_CDC_GetDeviceQualifierDescriptor
                0x0000000008005738        0xc ./Middlewares/ST/STM32_USB_Device_Library/Class/CDC/Src/usbd_cdc.o
                0x0000000008005738                USBD_CDC_GetDeviceQualifierDescriptor
 .text.USBD_CDC_DataOut
                0x0000000008005744       0x2e ./Middlewares/ST/STM32_USB_Device_Library/Class/CDC/Src/usbd_cdc.o
 .text.USBD_CDC_DataIn
                0x0000000008005772       0x42 ./Middlewares/ST/STM32_USB_Device_Library/Class/CDC/Src/usbd_cdc.o
 .text.USBD_CDC_Setup
                0x00000000080057b4       0xb6 ./Middlewares/ST/STM32_USB_Device_Library/Class/CDC/Src/usbd_cdc.o
 .text.USBD_CDC_DeInit
                0x000000000800586a       0x42 ./Middlewares/ST/STM32_USB_Device_Library/Class/CDC/Src/usbd_cdc.o
 .text.USBD_CDC_Init
                0x00000000080058ac       0xa0 ./Middlewares/ST/STM32_USB_Device_Library/Class/CDC/Src/usbd_cdc.o
 .text.USBD_CDC_RegisterInterface
                0x000000000800594c        0xe ./Middlewares/ST/STM32_USB_Device_Library/Class/CDC/Src/usbd_cdc.o
                0x000000000800594c                USBD_CDC_RegisterInterface
 .text.USBD_CDC_SetTxBuffer
                0x000000000800595a       0x10 ./Middlewares/ST/STM32_USB_Device_Library/Class/CDC/Src/usbd_cdc.o
                0x000000000800595a                USBD_CDC_SetTxBuffer
 .text.USBD_CDC_SetRxBuffer
                0x000000000800596a        0xc ./Middlewares/ST/STM32_USB_Device_Library/Class/CDC/Src/usbd_cdc.o
                0x000000000800596a                USBD_CDC_SetRxBuffer
 .text.USBD_CDC_TransmitPacket
                0x0000000008005976       0x32 ./Middlewares/ST/STM32_USB_Device_Library/Class/CDC/Src/usbd_cdc.o
                0x0000000008005976                USBD_CDC_TransmitPacket
 .text.USBD_CDC_ReceivePacket
                0x00000000080059a8       0x2e ./Middlewares/ST/STM32_USB_Device_Library/Class/CDC/Src/usbd_cdc.o
                0x00000000080059a8                USBD_CDC_ReceivePacket
 .text.USBD_Init
                0x00000000080059d6       0x2a ./Middlewares/ST/STM32_USB_Device_Library/Core/Src/usbd_core.o
                0x00000000080059d6                USBD_Init
 .text.USBD_RegisterClass
                0x0000000008005a00        0xe ./Middlewares/ST/STM32_USB_Device_Library/Core/Src/usbd_core.o
                0x0000000008005a00                USBD_RegisterClass
 .text.USBD_Start
                0x0000000008005a0e        0xa ./Middlewares/ST/STM32_USB_Device_Library/Core/Src/usbd_core.o
                0x0000000008005a0e                USBD_Start
 .text.USBD_SetClassConfig
                0x0000000008005a18       0x1a ./Middlewares/ST/STM32_USB_Device_Library/Core/Src/usbd_core.o
                0x0000000008005a18                USBD_SetClassConfig
 .text.USBD_ClrClassConfig
                0x0000000008005a32        0xe ./Middlewares/ST/STM32_USB_Device_Library/Core/Src/usbd_core.o
                0x0000000008005a32                USBD_ClrClassConfig
 .text.USBD_LL_SetupStage
                0x0000000008005a40       0x5a ./Middlewares/ST/STM32_USB_Device_Library/Core/Src/usbd_core.o
                0x0000000008005a40                USBD_LL_SetupStage
 .text.USBD_LL_DataOutStage
                0x0000000008005a9a       0x74 ./Middlewares/ST/STM32_USB_Device_Library/Core/Src/usbd_core.o
                0x0000000008005a9a                USBD_LL_DataOutStage
 .text.USBD_LL_DataInStage
                0x0000000008005b0e       0xb6 ./Middlewares/ST/STM32_USB_Device_Library/Core/Src/usbd_core.o
                0x0000000008005b0e                USBD_LL_DataInStage
 .text.USBD_LL_Reset
                0x0000000008005bc4       0x4e ./Middlewares/ST/STM32_USB_Device_Library/Core/Src/usbd_core.o
                0x0000000008005bc4                USBD_LL_Reset
 .text.USBD_LL_SetSpeed
                0x0000000008005c12        0x6 ./Middlewares/ST/STM32_USB_Device_Library/Core/Src/usbd_core.o
                0x0000000008005c12                USBD_LL_SetSpeed
 .text.USBD_LL_Suspend
                0x0000000008005c18       0x12 ./Middlewares/ST/STM32_USB_Device_Library/Core/Src/usbd_core.o
                0x0000000008005c18                USBD_LL_Suspend
 .text.USBD_LL_Resume
                0x0000000008005c2a       0x14 ./Middlewares/ST/STM32_USB_Device_Library/Core/Src/usbd_core.o
                0x0000000008005c2a                USBD_LL_Resume
 .text.USBD_LL_SOF
                0x0000000008005c3e       0x18 ./Middlewares/ST/STM32_USB_Device_Library/Core/Src/usbd_core.o
                0x0000000008005c3e                USBD_LL_SOF
 .text.USBD_CtlError.constprop.0
                0x0000000008005c56       0x16 ./Middlewares/ST/STM32_USB_Device_Library/Core/Src/usbd_ctlreq.o
 .text.USBD_StdDevReq
                0x0000000008005c6c      0x250 ./Middlewares/ST/STM32_USB_Device_Library/Core/Src/usbd_ctlreq.o
                0x0000000008005c6c                USBD_StdDevReq
 .text.USBD_StdItfReq
                0x0000000008005ebc       0x48 ./Middlewares/ST/STM32_USB_Device_Library/Core/Src/usbd_ctlreq.o
                0x0000000008005ebc                USBD_StdItfReq
 .text.USBD_StdEPReq
                0x0000000008005f04      0x110 ./Middlewares/ST/STM32_USB_Device_Library/Core/Src/usbd_ctlreq.o
                0x0000000008005f04                USBD_StdEPReq
 .text.USBD_ParseSetupRequest
                0x0000000008006014       0x28 ./Middlewares/ST/STM32_USB_Device_Library/Core/Src/usbd_ctlreq.o
                0x0000000008006014                USBD_ParseSetupRequest
 .text.USBD_CtlError
                0x000000000800603c       0x16 ./Middlewares/ST/STM32_USB_Device_Library/Core/Src/usbd_ctlreq.o
                0x000000000800603c                USBD_CtlError
 .text.USBD_GetString
                0x0000000008006052       0x38 ./Middlewares/ST/STM32_USB_Device_Library/Core/Src/usbd_ctlreq.o
                0x0000000008006052                USBD_GetString
 .text.USBD_CtlSendData
                0x000000000800608a       0x1a ./Middlewares/ST/STM32_USB_Device_Library/Core/Src/usbd_ioreq.o
                0x000000000800608a                USBD_CtlSendData
 .text.USBD_CtlContinueSendData
                0x00000000080060a4       0x10 ./Middlewares/ST/STM32_USB_Device_Library/Core/Src/usbd_ioreq.o
                0x00000000080060a4                USBD_CtlContinueSendData
 .text.USBD_CtlPrepareRx
                0x00000000080060b4       0x1a ./Middlewares/ST/STM32_USB_Device_Library/Core/Src/usbd_ioreq.o
                0x00000000080060b4                USBD_CtlPrepareRx
 .text.USBD_CtlContinueRx
                0x00000000080060ce       0x10 ./Middlewares/ST/STM32_USB_Device_Library/Core/Src/usbd_ioreq.o
                0x00000000080060ce                USBD_CtlContinueRx
 .text.USBD_CtlSendStatus
                0x00000000080060de       0x16 ./Middlewares/ST/STM32_USB_Device_Library/Core/Src/usbd_ioreq.o
                0x00000000080060de                USBD_CtlSendStatus
 .text.USBD_CtlReceiveStatus
                0x00000000080060f4       0x16 ./Middlewares/ST/STM32_USB_Device_Library/Core/Src/usbd_ioreq.o
                0x00000000080060f4                USBD_CtlReceiveStatus
 .text.EmptyFreeNodeFunction
                0x000000000800610a        0x2 ./Queue/Queue.o
 .text.Queue_Init
                0x000000000800610c       0x1c ./Queue/Queue.o
                0x000000000800610c                Queue_Init
 .text.Queue_SetFreeElement
                0x0000000008006128        0x4 ./Queue/Queue.o
                0x0000000008006128                Queue_SetFreeElement
 .text.Queue_IsEmpty
                0x000000000800612c        0xa ./Queue/Queue.o
                0x000000000800612c                Queue_IsEmpty
 .text.Queue_EnQueue
                0x0000000008006136       0x26 ./Queue/Queue.o
                0x0000000008006136                Queue_EnQueue
 .text.Queue_DeQueue
                0x000000000800615c       0x2a ./Queue/Queue.o
                0x000000000800615c                Queue_DeQueue
 *fill*         0x0000000008006186        0x2 
 .text.SplitString
                0x0000000008006188       0x7c ./StringUtils/StringUtils.o
                0x0000000008006188                SplitString
 .text.Free2DArray
                0x0000000008006204       0x26 ./StringUtils/StringUtils.o
                0x0000000008006204                Free2DArray
 .text.FormatString
                0x000000000800622a       0x1e ./StringUtils/StringUtils.o
                0x000000000800622a                FormatString
 .text.TimeTrigger_Reset
                0x0000000008006248        0xc ./TimeTrigger/TimeTrigger.o
                0x0000000008006248                TimeTrigger_Reset
 .text.TimeTrigger_IsTrigger
                0x0000000008006254       0x12 ./TimeTrigger/TimeTrigger.o
                0x0000000008006254                TimeTrigger_IsTrigger
 *fill*         0x0000000008006266        0x2 
 .text.MX_USB_DEVICE_Init
                0x0000000008006268       0x50 ./USB_DEVICE/App/usb_device.o
                0x0000000008006268                MX_USB_DEVICE_Init
 .text.CDC_DeInit_FS
                0x00000000080062b8        0x4 ./USB_DEVICE/App/usbd_cdc_if.o
 .text.CDC_Control_FS
                0x00000000080062bc        0x4 ./USB_DEVICE/App/usbd_cdc_if.o
 .text.CDC_Receive_FS
                0x00000000080062c0       0x34 ./USB_DEVICE/App/usbd_cdc_if.o
 .text.CDC_Init_FS
                0x00000000080062f4       0x28 ./USB_DEVICE/App/usbd_cdc_if.o
 .text.CDC_Transmit_FS
                0x000000000800631c       0x2c ./USB_DEVICE/App/usbd_cdc_if.o
                0x000000000800631c                CDC_Transmit_FS
 .text.USBD_FS_DeviceDescriptor
                0x0000000008006348        0xc ./USB_DEVICE/App/usbd_desc.o
                0x0000000008006348                USBD_FS_DeviceDescriptor
 .text.USBD_FS_LangIDStrDescriptor
                0x0000000008006354        0xc ./USB_DEVICE/App/usbd_desc.o
                0x0000000008006354                USBD_FS_LangIDStrDescriptor
 .text.IntToUnicode
                0x0000000008006360       0x2a ./USB_DEVICE/App/usbd_desc.o
 *fill*         0x000000000800638a        0x2 
 .text.USBD_FS_SerialStrDescriptor
                0x000000000800638c       0x3c ./USB_DEVICE/App/usbd_desc.o
                0x000000000800638c                USBD_FS_SerialStrDescriptor
 .text.USBD_FS_ManufacturerStrDescriptor
                0x00000000080063c8       0x1c ./USB_DEVICE/App/usbd_desc.o
                0x00000000080063c8                USBD_FS_ManufacturerStrDescriptor
 .text.USBD_FS_ProductStrDescriptor
                0x00000000080063e4       0x1c ./USB_DEVICE/App/usbd_desc.o
                0x00000000080063e4                USBD_FS_ProductStrDescriptor
 .text.USBD_FS_ConfigStrDescriptor
                0x0000000008006400       0x1c ./USB_DEVICE/App/usbd_desc.o
                0x0000000008006400                USBD_FS_ConfigStrDescriptor
 .text.USBD_FS_InterfaceStrDescriptor
                0x000000000800641c       0x1c ./USB_DEVICE/App/usbd_desc.o
                0x000000000800641c                USBD_FS_InterfaceStrDescriptor
 .text.USBD_Get_USB_Status
                0x0000000008006438       0x10 ./USB_DEVICE/Target/usbd_conf.o
 .text.HAL_PCD_MspInit
                0x0000000008006448       0x40 ./USB_DEVICE/Target/usbd_conf.o
                0x0000000008006448                HAL_PCD_MspInit
 .text.HAL_PCD_SetupStageCallback
                0x0000000008006488        0xc ./USB_DEVICE/Target/usbd_conf.o
                0x0000000008006488                HAL_PCD_SetupStageCallback
 .text.HAL_PCD_DataOutStageCallback
                0x0000000008006494       0x12 ./USB_DEVICE/Target/usbd_conf.o
                0x0000000008006494                HAL_PCD_DataOutStageCallback
 .text.HAL_PCD_DataInStageCallback
                0x00000000080064a6       0x10 ./USB_DEVICE/Target/usbd_conf.o
                0x00000000080064a6                HAL_PCD_DataInStageCallback
 .text.HAL_PCD_SOFCallback
                0x00000000080064b6        0x8 ./USB_DEVICE/Target/usbd_conf.o
                0x00000000080064b6                HAL_PCD_SOFCallback
 .text.HAL_PCD_ResetCallback
                0x00000000080064be       0x24 ./USB_DEVICE/Target/usbd_conf.o
                0x00000000080064be                HAL_PCD_ResetCallback
 *fill*         0x00000000080064e2        0x2 
 .text.HAL_PCD_SuspendCallback
                0x00000000080064e4       0x20 ./USB_DEVICE/Target/usbd_conf.o
                0x00000000080064e4                HAL_PCD_SuspendCallback
 .text.HAL_PCD_ResumeCallback
                0x0000000008006504        0x8 ./USB_DEVICE/Target/usbd_conf.o
                0x0000000008006504                HAL_PCD_ResumeCallback
 .text.USBD_LL_Init
                0x000000000800650c       0x84 ./USB_DEVICE/Target/usbd_conf.o
                0x000000000800650c                USBD_LL_Init
 .text.USBD_LL_Start
                0x0000000008006590       0x12 ./USB_DEVICE/Target/usbd_conf.o
                0x0000000008006590                USBD_LL_Start
 .text.USBD_LL_OpenEP
                0x00000000080065a2       0x18 ./USB_DEVICE/Target/usbd_conf.o
                0x00000000080065a2                USBD_LL_OpenEP
 .text.USBD_LL_CloseEP
                0x00000000080065ba       0x12 ./USB_DEVICE/Target/usbd_conf.o
                0x00000000080065ba                USBD_LL_CloseEP
 .text.USBD_LL_StallEP
                0x00000000080065cc       0x12 ./USB_DEVICE/Target/usbd_conf.o
                0x00000000080065cc                USBD_LL_StallEP
 .text.USBD_LL_ClearStallEP
                0x00000000080065de       0x12 ./USB_DEVICE/Target/usbd_conf.o
                0x00000000080065de                USBD_LL_ClearStallEP
 .text.USBD_LL_IsStallEP
                0x00000000080065f0       0x24 ./USB_DEVICE/Target/usbd_conf.o
                0x00000000080065f0                USBD_LL_IsStallEP
 .text.USBD_LL_SetUSBAddress
                0x0000000008006614       0x12 ./USB_DEVICE/Target/usbd_conf.o
                0x0000000008006614                USBD_LL_SetUSBAddress
 .text.USBD_LL_Transmit
                0x0000000008006626       0x12 ./USB_DEVICE/Target/usbd_conf.o
                0x0000000008006626                USBD_LL_Transmit
 .text.USBD_LL_PrepareReceive
                0x0000000008006638       0x12 ./USB_DEVICE/Target/usbd_conf.o
                0x0000000008006638                USBD_LL_PrepareReceive
 .text.USBD_LL_GetRxDataSize
                0x000000000800664a        0x8 ./USB_DEVICE/Target/usbd_conf.o
                0x000000000800664a                USBD_LL_GetRxDataSize
 *fill*         0x0000000008006652        0x2 
 .text.USBD_static_malloc
                0x0000000008006654        0x8 ./USB_DEVICE/Target/usbd_conf.o
                0x0000000008006654                USBD_static_malloc
 .text.USBD_static_free
                0x000000000800665c        0x2 ./USB_DEVICE/Target/usbd_conf.o
                0x000000000800665c                USBD_static_free
 .text.HAL_PCDEx_SetConnectionState
                0x000000000800665e        0x2 ./USB_DEVICE/Target/usbd_conf.o
                0x000000000800665e                HAL_PCDEx_SetConnectionState
 .text.malloc   0x0000000008006660       0x10 C:/ST/STM32CubeIDE_1.13.0/STM32CubeIDE/plugins/com.st.stm32cube.ide.mcu.externaltools.gnu-tools-for-stm32.11.3.rel1.win32_1.1.0.202305231506/tools/bin/../lib/gcc/arm-none-eabi/11.3.1/../../../../arm-none-eabi/lib/thumb/v7-m/nofp\libc_nano.a(libc_a-malloc.o)
                0x0000000008006660                malloc
 .text.free     0x0000000008006670       0x10 C:/ST/STM32CubeIDE_1.13.0/STM32CubeIDE/plugins/com.st.stm32cube.ide.mcu.externaltools.gnu-tools-for-stm32.11.3.rel1.win32_1.1.0.202305231506/tools/bin/../lib/gcc/arm-none-eabi/11.3.1/../../../../arm-none-eabi/lib/thumb/v7-m/nofp\libc_nano.a(libc_a-malloc.o)
                0x0000000008006670                free
 .text.sbrk_aligned
                0x0000000008006680       0x40 C:/ST/STM32CubeIDE_1.13.0/STM32CubeIDE/plugins/com.st.stm32cube.ide.mcu.externaltools.gnu-tools-for-stm32.11.3.rel1.win32_1.1.0.202305231506/tools/bin/../lib/gcc/arm-none-eabi/11.3.1/../../../../arm-none-eabi/lib/thumb/v7-m/nofp\libc_nano.a(libc_a-mallocr.o)
 .text._malloc_r
                0x00000000080066c0      0x100 C:/ST/STM32CubeIDE_1.13.0/STM32CubeIDE/plugins/com.st.stm32cube.ide.mcu.externaltools.gnu-tools-for-stm32.11.3.rel1.win32_1.1.0.202305231506/tools/bin/../lib/gcc/arm-none-eabi/11.3.1/../../../../arm-none-eabi/lib/thumb/v7-m/nofp\libc_nano.a(libc_a-mallocr.o)
                0x00000000080066c0                _malloc_r
 .text.__malloc_lock
                0x00000000080067c0        0xc C:/ST/STM32CubeIDE_1.13.0/STM32CubeIDE/plugins/com.st.stm32cube.ide.mcu.externaltools.gnu-tools-for-stm32.11.3.rel1.win32_1.1.0.202305231506/tools/bin/../lib/gcc/arm-none-eabi/11.3.1/../../../../arm-none-eabi/lib/thumb/v7-m/nofp\libc_nano.a(libc_a-mlock.o)
                0x00000000080067c0                __malloc_lock
 .text.__malloc_unlock
                0x00000000080067cc        0xc C:/ST/STM32CubeIDE_1.13.0/STM32CubeIDE/plugins/com.st.stm32cube.ide.mcu.externaltools.gnu-tools-for-stm32.11.3.rel1.win32_1.1.0.202305231506/tools/bin/../lib/gcc/arm-none-eabi/11.3.1/../../../../arm-none-eabi/lib/thumb/v7-m/nofp\libc_nano.a(libc_a-mlock.o)
                0x00000000080067cc                __malloc_unlock
 .text.std      0x00000000080067d8       0x48 C:/ST/STM32CubeIDE_1.13.0/STM32CubeIDE/plugins/com.st.stm32cube.ide.mcu.externaltools.gnu-tools-for-stm32.11.3.rel1.win32_1.1.0.202305231506/tools/bin/../lib/gcc/arm-none-eabi/11.3.1/../../../../arm-none-eabi/lib/thumb/v7-m/nofp\libc_nano.a(libc_a-findfp.o)
 .text.stdio_exit_handler
                0x0000000008006820       0x18 C:/ST/STM32CubeIDE_1.13.0/STM32CubeIDE/plugins/com.st.stm32cube.ide.mcu.externaltools.gnu-tools-for-stm32.11.3.rel1.win32_1.1.0.202305231506/tools/bin/../lib/gcc/arm-none-eabi/11.3.1/../../../../arm-none-eabi/lib/thumb/v7-m/nofp\libc_nano.a(libc_a-findfp.o)
 .text.cleanup_stdio
                0x0000000008006838       0x40 C:/ST/STM32CubeIDE_1.13.0/STM32CubeIDE/plugins/com.st.stm32cube.ide.mcu.externaltools.gnu-tools-for-stm32.11.3.rel1.win32_1.1.0.202305231506/tools/bin/../lib/gcc/arm-none-eabi/11.3.1/../../../../arm-none-eabi/lib/thumb/v7-m/nofp\libc_nano.a(libc_a-findfp.o)
 .text.global_stdio_init.part.0
                0x0000000008006878       0x3c C:/ST/STM32CubeIDE_1.13.0/STM32CubeIDE/plugins/com.st.stm32cube.ide.mcu.externaltools.gnu-tools-for-stm32.11.3.rel1.win32_1.1.0.202305231506/tools/bin/../lib/gcc/arm-none-eabi/11.3.1/../../../../arm-none-eabi/lib/thumb/v7-m/nofp\libc_nano.a(libc_a-findfp.o)
 .text.__sfp_lock_acquire
                0x00000000080068b4        0xc C:/ST/STM32CubeIDE_1.13.0/STM32CubeIDE/plugins/com.st.stm32cube.ide.mcu.externaltools.gnu-tools-for-stm32.11.3.rel1.win32_1.1.0.202305231506/tools/bin/../lib/gcc/arm-none-eabi/11.3.1/../../../../arm-none-eabi/lib/thumb/v7-m/nofp\libc_nano.a(libc_a-findfp.o)
                0x00000000080068b4                __sfp_lock_acquire
 .text.__sfp_lock_release
                0x00000000080068c0        0xc C:/ST/STM32CubeIDE_1.13.0/STM32CubeIDE/plugins/com.st.stm32cube.ide.mcu.externaltools.gnu-tools-for-stm32.11.3.rel1.win32_1.1.0.202305231506/tools/bin/../lib/gcc/arm-none-eabi/11.3.1/../../../../arm-none-eabi/lib/thumb/v7-m/nofp\libc_nano.a(libc_a-findfp.o)
                0x00000000080068c0                __sfp_lock_release
 .text.__sinit  0x00000000080068cc       0x30 C:/ST/STM32CubeIDE_1.13.0/STM32CubeIDE/plugins/com.st.stm32cube.ide.mcu.externaltools.gnu-tools-for-stm32.11.3.rel1.win32_1.1.0.202305231506/tools/bin/../lib/gcc/arm-none-eabi/11.3.1/../../../../arm-none-eabi/lib/thumb/v7-m/nofp\libc_nano.a(libc_a-findfp.o)
                0x00000000080068cc                __sinit
 .text._fwalk_sglue
                0x00000000080068fc       0x3c C:/ST/STM32CubeIDE_1.13.0/STM32CubeIDE/plugins/com.st.stm32cube.ide.mcu.externaltools.gnu-tools-for-stm32.11.3.rel1.win32_1.1.0.202305231506/tools/bin/../lib/gcc/arm-none-eabi/11.3.1/../../../../arm-none-eabi/lib/thumb/v7-m/nofp\libc_nano.a(libc_a-fwalk.o)
                0x00000000080068fc                _fwalk_sglue
 .text.__sread  0x0000000008006938       0x22 C:/ST/STM32CubeIDE_1.13.0/STM32CubeIDE/plugins/com.st.stm32cube.ide.mcu.externaltools.gnu-tools-for-stm32.11.3.rel1.win32_1.1.0.202305231506/tools/bin/../lib/gcc/arm-none-eabi/11.3.1/../../../../arm-none-eabi/lib/thumb/v7-m/nofp\libc_nano.a(libc_a-stdio.o)
                0x0000000008006938                __sread
 .text.__swrite
                0x000000000800695a       0x38 C:/ST/STM32CubeIDE_1.13.0/STM32CubeIDE/plugins/com.st.stm32cube.ide.mcu.externaltools.gnu-tools-for-stm32.11.3.rel1.win32_1.1.0.202305231506/tools/bin/../lib/gcc/arm-none-eabi/11.3.1/../../../../arm-none-eabi/lib/thumb/v7-m/nofp\libc_nano.a(libc_a-stdio.o)
                0x000000000800695a                __swrite
 .text.__sseek  0x0000000008006992       0x24 C:/ST/STM32CubeIDE_1.13.0/STM32CubeIDE/plugins/com.st.stm32cube.ide.mcu.externaltools.gnu-tools-for-stm32.11.3.rel1.win32_1.1.0.202305231506/tools/bin/../lib/gcc/arm-none-eabi/11.3.1/../../../../arm-none-eabi/lib/thumb/v7-m/nofp\libc_nano.a(libc_a-stdio.o)
                0x0000000008006992                __sseek
 .text.__sclose
                0x00000000080069b6        0x8 C:/ST/STM32CubeIDE_1.13.0/STM32CubeIDE/plugins/com.st.stm32cube.ide.mcu.externaltools.gnu-tools-for-stm32.11.3.rel1.win32_1.1.0.202305231506/tools/bin/../lib/gcc/arm-none-eabi/11.3.1/../../../../arm-none-eabi/lib/thumb/v7-m/nofp\libc_nano.a(libc_a-stdio.o)
                0x00000000080069b6                __sclose
 .text._vsnprintf_r
                0x00000000080069be       0x56 C:/ST/STM32CubeIDE_1.13.0/STM32CubeIDE/plugins/com.st.stm32cube.ide.mcu.externaltools.gnu-tools-for-stm32.11.3.rel1.win32_1.1.0.202305231506/tools/bin/../lib/gcc/arm-none-eabi/11.3.1/../../../../arm-none-eabi/lib/thumb/v7-m/nofp\libc_nano.a(libc_a-vsnprintf.o)
                0x00000000080069be                _vsniprintf_r
                0x00000000080069be                _vsnprintf_r
 .text.vsnprintf
                0x0000000008006a14       0x1c C:/ST/STM32CubeIDE_1.13.0/STM32CubeIDE/plugins/com.st.stm32cube.ide.mcu.externaltools.gnu-tools-for-stm32.11.3.rel1.win32_1.1.0.202305231506/tools/bin/../lib/gcc/arm-none-eabi/11.3.1/../../../../arm-none-eabi/lib/thumb/v7-m/nofp\libc_nano.a(libc_a-vsnprintf.o)
                0x0000000008006a14                vsniprintf
                0x0000000008006a14                vsnprintf
 .text.memset   0x0000000008006a30       0x10 C:/ST/STM32CubeIDE_1.13.0/STM32CubeIDE/plugins/com.st.stm32cube.ide.mcu.externaltools.gnu-tools-for-stm32.11.3.rel1.win32_1.1.0.202305231506/tools/bin/../lib/gcc/arm-none-eabi/11.3.1/../../../../arm-none-eabi/lib/thumb/v7-m/nofp\libc_nano.a(libc_a-memset.o)
                0x0000000008006a30                memset
 .text.strdup   0x0000000008006a40       0x10 C:/ST/STM32CubeIDE_1.13.0/STM32CubeIDE/plugins/com.st.stm32cube.ide.mcu.externaltools.gnu-tools-for-stm32.11.3.rel1.win32_1.1.0.202305231506/tools/bin/../lib/gcc/arm-none-eabi/11.3.1/../../../../arm-none-eabi/lib/thumb/v7-m/nofp\libc_nano.a(libc_a-strdup.o)
                0x0000000008006a40                strdup
 .text._strdup_r
                0x0000000008006a50       0x26 C:/ST/STM32CubeIDE_1.13.0/STM32CubeIDE/plugins/com.st.stm32cube.ide.mcu.externaltools.gnu-tools-for-stm32.11.3.rel1.win32_1.1.0.202305231506/tools/bin/../lib/gcc/arm-none-eabi/11.3.1/../../../../arm-none-eabi/lib/thumb/v7-m/nofp\libc_nano.a(libc_a-strdup_r.o)
                0x0000000008006a50                _strdup_r
 *fill*         0x0000000008006a76        0x2 
 .text.strtok   0x0000000008006a78       0x68 C:/ST/STM32CubeIDE_1.13.0/STM32CubeIDE/plugins/com.st.stm32cube.ide.mcu.externaltools.gnu-tools-for-stm32.11.3.rel1.win32_1.1.0.202305231506/tools/bin/../lib/gcc/arm-none-eabi/11.3.1/../../../../arm-none-eabi/lib/thumb/v7-m/nofp\libc_nano.a(libc_a-strtok.o)
                0x0000000008006a78                strtok
 .text.__strtok_r
                0x0000000008006ae0       0x50 C:/ST/STM32CubeIDE_1.13.0/STM32CubeIDE/plugins/com.st.stm32cube.ide.mcu.externaltools.gnu-tools-for-stm32.11.3.rel1.win32_1.1.0.202305231506/tools/bin/../lib/gcc/arm-none-eabi/11.3.1/../../../../arm-none-eabi/lib/thumb/v7-m/nofp\libc_nano.a(libc_a-strtok_r.o)
                0x0000000008006ae0                __strtok_r
 .text._close_r
                0x0000000008006b30       0x20 C:/ST/STM32CubeIDE_1.13.0/STM32CubeIDE/plugins/com.st.stm32cube.ide.mcu.externaltools.gnu-tools-for-stm32.11.3.rel1.win32_1.1.0.202305231506/tools/bin/../lib/gcc/arm-none-eabi/11.3.1/../../../../arm-none-eabi/lib/thumb/v7-m/nofp\libc_nano.a(libc_a-closer.o)
                0x0000000008006b30                _close_r
 .text._lseek_r
                0x0000000008006b50       0x24 C:/ST/STM32CubeIDE_1.13.0/STM32CubeIDE/plugins/com.st.stm32cube.ide.mcu.externaltools.gnu-tools-for-stm32.11.3.rel1.win32_1.1.0.202305231506/tools/bin/../lib/gcc/arm-none-eabi/11.3.1/../../../../arm-none-eabi/lib/thumb/v7-m/nofp\libc_nano.a(libc_a-lseekr.o)
                0x0000000008006b50                _lseek_r
 .text._read_r  0x0000000008006b74       0x24 C:/ST/STM32CubeIDE_1.13.0/STM32CubeIDE/plugins/com.st.stm32cube.ide.mcu.externaltools.gnu-tools-for-stm32.11.3.rel1.win32_1.1.0.202305231506/tools/bin/../lib/gcc/arm-none-eabi/11.3.1/../../../../arm-none-eabi/lib/thumb/v7-m/nofp\libc_nano.a(libc_a-readr.o)
                0x0000000008006b74                _read_r
 .text._sbrk_r  0x0000000008006b98       0x20 C:/ST/STM32CubeIDE_1.13.0/STM32CubeIDE/plugins/com.st.stm32cube.ide.mcu.externaltools.gnu-tools-for-stm32.11.3.rel1.win32_1.1.0.202305231506/tools/bin/../lib/gcc/arm-none-eabi/11.3.1/../../../../arm-none-eabi/lib/thumb/v7-m/nofp\libc_nano.a(libc_a-sbrkr.o)
                0x0000000008006b98                _sbrk_r
 .text._write_r
                0x0000000008006bb8       0x24 C:/ST/STM32CubeIDE_1.13.0/STM32CubeIDE/plugins/com.st.stm32cube.ide.mcu.externaltools.gnu-tools-for-stm32.11.3.rel1.win32_1.1.0.202305231506/tools/bin/../lib/gcc/arm-none-eabi/11.3.1/../../../../arm-none-eabi/lib/thumb/v7-m/nofp\libc_nano.a(libc_a-writer.o)
                0x0000000008006bb8                _write_r
 .text.__errno  0x0000000008006bdc        0xc C:/ST/STM32CubeIDE_1.13.0/STM32CubeIDE/plugins/com.st.stm32cube.ide.mcu.externaltools.gnu-tools-for-stm32.11.3.rel1.win32_1.1.0.202305231506/tools/bin/../lib/gcc/arm-none-eabi/11.3.1/../../../../arm-none-eabi/lib/thumb/v7-m/nofp\libc_nano.a(libc_a-errno.o)
                0x0000000008006bdc                __errno
 .text.__libc_init_array
                0x0000000008006be8       0x48 C:/ST/STM32CubeIDE_1.13.0/STM32CubeIDE/plugins/com.st.stm32cube.ide.mcu.externaltools.gnu-tools-for-stm32.11.3.rel1.win32_1.1.0.202305231506/tools/bin/../lib/gcc/arm-none-eabi/11.3.1/../../../../arm-none-eabi/lib/thumb/v7-m/nofp\libc_nano.a(libc_a-init.o)
                0x0000000008006be8                __libc_init_array
 .text.__retarget_lock_acquire_recursive
                0x0000000008006c30        0x2 C:/ST/STM32CubeIDE_1.13.0/STM32CubeIDE/plugins/com.st.stm32cube.ide.mcu.externaltools.gnu-tools-for-stm32.11.3.rel1.win32_1.1.0.202305231506/tools/bin/../lib/gcc/arm-none-eabi/11.3.1/../../../../arm-none-eabi/lib/thumb/v7-m/nofp\libc_nano.a(libc_a-lock.o)
                0x0000000008006c30                __retarget_lock_acquire_recursive
 .text.__retarget_lock_release_recursive
                0x0000000008006c32        0x2 C:/ST/STM32CubeIDE_1.13.0/STM32CubeIDE/plugins/com.st.stm32cube.ide.mcu.externaltools.gnu-tools-for-stm32.11.3.rel1.win32_1.1.0.202305231506/tools/bin/../lib/gcc/arm-none-eabi/11.3.1/../../../../arm-none-eabi/lib/thumb/v7-m/nofp\libc_nano.a(libc_a-lock.o)
                0x0000000008006c32                __retarget_lock_release_recursive
 .text.memcpy   0x0000000008006c34       0x1c C:/ST/STM32CubeIDE_1.13.0/STM32CubeIDE/plugins/com.st.stm32cube.ide.mcu.externaltools.gnu-tools-for-stm32.11.3.rel1.win32_1.1.0.202305231506/tools/bin/../lib/gcc/arm-none-eabi/11.3.1/../../../../arm-none-eabi/lib/thumb/v7-m/nofp\libc_nano.a(libc_a-memcpy-stub.o)
                0x0000000008006c34                memcpy
 .text.__assert_func
                0x0000000008006c50       0x3c C:/ST/STM32CubeIDE_1.13.0/STM32CubeIDE/plugins/com.st.stm32cube.ide.mcu.externaltools.gnu-tools-for-stm32.11.3.rel1.win32_1.1.0.202305231506/tools/bin/../lib/gcc/arm-none-eabi/11.3.1/../../../../arm-none-eabi/lib/thumb/v7-m/nofp\libc_nano.a(libc_a-assert.o)
                0x0000000008006c50                __assert_func
 .text._free_r  0x0000000008006c8c       0x90 C:/ST/STM32CubeIDE_1.13.0/STM32CubeIDE/plugins/com.st.stm32cube.ide.mcu.externaltools.gnu-tools-for-stm32.11.3.rel1.win32_1.1.0.202305231506/tools/bin/../lib/gcc/arm-none-eabi/11.3.1/../../../../arm-none-eabi/lib/thumb/v7-m/nofp\libc_nano.a(libc_a-freer.o)
                0x0000000008006c8c                _free_r
 .text.__ssputs_r
                0x0000000008006d1c       0xb4 C:/ST/STM32CubeIDE_1.13.0/STM32CubeIDE/plugins/com.st.stm32cube.ide.mcu.externaltools.gnu-tools-for-stm32.11.3.rel1.win32_1.1.0.202305231506/tools/bin/../lib/gcc/arm-none-eabi/11.3.1/../../../../arm-none-eabi/lib/thumb/v7-m/nofp\libc_nano.a(libc_a-nano-svfprintf.o)
                0x0000000008006d1c                __ssputs_r
 .text._svfprintf_r
                0x0000000008006dd0      0x1fc C:/ST/STM32CubeIDE_1.13.0/STM32CubeIDE/plugins/com.st.stm32cube.ide.mcu.externaltools.gnu-tools-for-stm32.11.3.rel1.win32_1.1.0.202305231506/tools/bin/../lib/gcc/arm-none-eabi/11.3.1/../../../../arm-none-eabi/lib/thumb/v7-m/nofp\libc_nano.a(libc_a-nano-svfprintf.o)
                0x0000000008006dd0                _svfiprintf_r
                0x0000000008006dd0                _svfprintf_r
 .text._printf_common
                0x0000000008006fcc       0xe4 C:/ST/STM32CubeIDE_1.13.0/STM32CubeIDE/plugins/com.st.stm32cube.ide.mcu.externaltools.gnu-tools-for-stm32.11.3.rel1.win32_1.1.0.202305231506/tools/bin/../lib/gcc/arm-none-eabi/11.3.1/../../../../arm-none-eabi/lib/thumb/v7-m/nofp\libc_nano.a(libc_a-nano-vfprintf_i.o)
                0x0000000008006fcc                _printf_common
 .text._printf_i
                0x00000000080070b0      0x244 C:/ST/STM32CubeIDE_1.13.0/STM32CubeIDE/plugins/com.st.stm32cube.ide.mcu.externaltools.gnu-tools-for-stm32.11.3.rel1.win32_1.1.0.202305231506/tools/bin/../lib/gcc/arm-none-eabi/11.3.1/../../../../arm-none-eabi/lib/thumb/v7-m/nofp\libc_nano.a(libc_a-nano-vfprintf_i.o)
                0x00000000080070b0                _printf_i
 .text.__sflush_r
                0x00000000080072f4      0x104 C:/ST/STM32CubeIDE_1.13.0/STM32CubeIDE/plugins/com.st.stm32cube.ide.mcu.externaltools.gnu-tools-for-stm32.11.3.rel1.win32_1.1.0.202305231506/tools/bin/../lib/gcc/arm-none-eabi/11.3.1/../../../../arm-none-eabi/lib/thumb/v7-m/nofp\libc_nano.a(libc_a-fflush.o)
                0x00000000080072f4                __sflush_r
 .text._fflush_r
                0x00000000080073f8       0x50 C:/ST/STM32CubeIDE_1.13.0/STM32CubeIDE/plugins/com.st.stm32cube.ide.mcu.externaltools.gnu-tools-for-stm32.11.3.rel1.win32_1.1.0.202305231506/tools/bin/../lib/gcc/arm-none-eabi/11.3.1/../../../../arm-none-eabi/lib/thumb/v7-m/nofp\libc_nano.a(libc_a-fflush.o)
                0x00000000080073f8                _fflush_r
 .text.fprintf  0x0000000008007448       0x24 C:/ST/STM32CubeIDE_1.13.0/STM32CubeIDE/plugins/com.st.stm32cube.ide.mcu.externaltools.gnu-tools-for-stm32.11.3.rel1.win32_1.1.0.202305231506/tools/bin/../lib/gcc/arm-none-eabi/11.3.1/../../../../arm-none-eabi/lib/thumb/v7-m/nofp\libc_nano.a(libc_a-fprintf.o)
                0x0000000008007448                fiprintf
                0x0000000008007448                fprintf
 .text.memmove  0x000000000800746c       0x34 C:/ST/STM32CubeIDE_1.13.0/STM32CubeIDE/plugins/com.st.stm32cube.ide.mcu.externaltools.gnu-tools-for-stm32.11.3.rel1.win32_1.1.0.202305231506/tools/bin/../lib/gcc/arm-none-eabi/11.3.1/../../../../arm-none-eabi/lib/thumb/v7-m/nofp\libc_nano.a(libc_a-memmove.o)
                0x000000000800746c                memmove
 .text.memchr   0x00000000080074a0       0x1c C:/ST/STM32CubeIDE_1.13.0/STM32CubeIDE/plugins/com.st.stm32cube.ide.mcu.externaltools.gnu-tools-for-stm32.11.3.rel1.win32_1.1.0.202305231506/tools/bin/../lib/gcc/arm-none-eabi/11.3.1/../../../../arm-none-eabi/lib/thumb/v7-m/nofp\libc_nano.a(libc_a-memchr-stub.o)
                0x00000000080074a0                memchr
 .text.abort    0x00000000080074bc        0xe C:/ST/STM32CubeIDE_1.13.0/STM32CubeIDE/plugins/com.st.stm32cube.ide.mcu.externaltools.gnu-tools-for-stm32.11.3.rel1.win32_1.1.0.202305231506/tools/bin/../lib/gcc/arm-none-eabi/11.3.1/../../../../arm-none-eabi/lib/thumb/v7-m/nofp\libc_nano.a(libc_a-abort.o)
                0x00000000080074bc                abort
 .text._realloc_r
                0x00000000080074ca       0x5e C:/ST/STM32CubeIDE_1.13.0/STM32CubeIDE/plugins/com.st.stm32cube.ide.mcu.externaltools.gnu-tools-for-stm32.11.3.rel1.win32_1.1.0.202305231506/tools/bin/../lib/gcc/arm-none-eabi/11.3.1/../../../../arm-none-eabi/lib/thumb/v7-m/nofp\libc_nano.a(libc_a-reallocr.o)
                0x00000000080074ca                _realloc_r
 .text.__sfputc_r
                0x0000000008007528       0x2a C:/ST/STM32CubeIDE_1.13.0/STM32CubeIDE/plugins/com.st.stm32cube.ide.mcu.externaltools.gnu-tools-for-stm32.11.3.rel1.win32_1.1.0.202305231506/tools/bin/../lib/gcc/arm-none-eabi/11.3.1/../../../../arm-none-eabi/lib/thumb/v7-m/nofp\libc_nano.a(libc_a-nano-vfprintf.o)
 .text.__sfputs_r
                0x0000000008007552       0x24 C:/ST/STM32CubeIDE_1.13.0/STM32CubeIDE/plugins/com.st.stm32cube.ide.mcu.externaltools.gnu-tools-for-stm32.11.3.rel1.win32_1.1.0.202305231506/tools/bin/../lib/gcc/arm-none-eabi/11.3.1/../../../../arm-none-eabi/lib/thumb/v7-m/nofp\libc_nano.a(libc_a-nano-vfprintf.o)
                0x0000000008007552                __sfputs_r
 *fill*         0x0000000008007576        0x2 
 .text._vfprintf_r
                0x0000000008007578      0x234 C:/ST/STM32CubeIDE_1.13.0/STM32CubeIDE/plugins/com.st.stm32cube.ide.mcu.externaltools.gnu-tools-for-stm32.11.3.rel1.win32_1.1.0.202305231506/tools/bin/../lib/gcc/arm-none-eabi/11.3.1/../../../../arm-none-eabi/lib/thumb/v7-m/nofp\libc_nano.a(libc_a-nano-vfprintf.o)
                0x0000000008007578                _vfprintf_r
                0x0000000008007578                _vfiprintf_r
 .text.__swbuf_r
                0x00000000080077ac       0x7a C:/ST/STM32CubeIDE_1.13.0/STM32CubeIDE/plugins/com.st.stm32cube.ide.mcu.externaltools.gnu-tools-for-stm32.11.3.rel1.win32_1.1.0.202305231506/tools/bin/../lib/gcc/arm-none-eabi/11.3.1/../../../../arm-none-eabi/lib/thumb/v7-m/nofp\libc_nano.a(libc_a-wbuf.o)
                0x00000000080077ac                __swbuf_r
 *fill*         0x0000000008007826        0x2 
 .text.__swsetup_r
                0x0000000008007828       0xb0 C:/ST/STM32CubeIDE_1.13.0/STM32CubeIDE/plugins/com.st.stm32cube.ide.mcu.externaltools.gnu-tools-for-stm32.11.3.rel1.win32_1.1.0.202305231506/tools/bin/../lib/gcc/arm-none-eabi/11.3.1/../../../../arm-none-eabi/lib/thumb/v7-m/nofp\libc_nano.a(libc_a-wsetup.o)
                0x0000000008007828                __swsetup_r
 .text._raise_r
                0x00000000080078d8       0x50 C:/ST/STM32CubeIDE_1.13.0/STM32CubeIDE/plugins/com.st.stm32cube.ide.mcu.externaltools.gnu-tools-for-stm32.11.3.rel1.win32_1.1.0.202305231506/tools/bin/../lib/gcc/arm-none-eabi/11.3.1/../../../../arm-none-eabi/lib/thumb/v7-m/nofp\libc_nano.a(libc_a-signal.o)
                0x00000000080078d8                _raise_r
 .text.raise    0x0000000008007928       0x10 C:/ST/STM32CubeIDE_1.13.0/STM32CubeIDE/plugins/com.st.stm32cube.ide.mcu.externaltools.gnu-tools-for-stm32.11.3.rel1.win32_1.1.0.202305231506/tools/bin/../lib/gcc/arm-none-eabi/11.3.1/../../../../arm-none-eabi/lib/thumb/v7-m/nofp\libc_nano.a(libc_a-signal.o)
                0x0000000008007928                raise
 .text._kill_r  0x0000000008007938       0x24 C:/ST/STM32CubeIDE_1.13.0/STM32CubeIDE/plugins/com.st.stm32cube.ide.mcu.externaltools.gnu-tools-for-stm32.11.3.rel1.win32_1.1.0.202305231506/tools/bin/../lib/gcc/arm-none-eabi/11.3.1/../../../../arm-none-eabi/lib/thumb/v7-m/nofp\libc_nano.a(libc_a-signalr.o)
                0x0000000008007938                _kill_r
 .text._getpid_r
                0x000000000800795c        0x4 C:/ST/STM32CubeIDE_1.13.0/STM32CubeIDE/plugins/com.st.stm32cube.ide.mcu.externaltools.gnu-tools-for-stm32.11.3.rel1.win32_1.1.0.202305231506/tools/bin/../lib/gcc/arm-none-eabi/11.3.1/../../../../arm-none-eabi/lib/thumb/v7-m/nofp\libc_nano.a(libc_a-signalr.o)
                0x000000000800795c                _getpid_r
 .text._malloc_usable_size_r
                0x0000000008007960       0x10 C:/ST/STM32CubeIDE_1.13.0/STM32CubeIDE/plugins/com.st.stm32cube.ide.mcu.externaltools.gnu-tools-for-stm32.11.3.rel1.win32_1.1.0.202305231506/tools/bin/../lib/gcc/arm-none-eabi/11.3.1/../../../../arm-none-eabi/lib/thumb/v7-m/nofp\libc_nano.a(libc_a-msizer.o)
                0x0000000008007960                _malloc_usable_size_r
 .text.__swhatbuf_r
                0x0000000008007970       0x4a C:/ST/STM32CubeIDE_1.13.0/STM32CubeIDE/plugins/com.st.stm32cube.ide.mcu.externaltools.gnu-tools-for-stm32.11.3.rel1.win32_1.1.0.202305231506/tools/bin/../lib/gcc/arm-none-eabi/11.3.1/../../../../arm-none-eabi/lib/thumb/v7-m/nofp\libc_nano.a(libc_a-makebuf.o)
                0x0000000008007970                __swhatbuf_r
 .text.__smakebuf_r
                0x00000000080079ba       0x78 C:/ST/STM32CubeIDE_1.13.0/STM32CubeIDE/plugins/com.st.stm32cube.ide.mcu.externaltools.gnu-tools-for-stm32.11.3.rel1.win32_1.1.0.202305231506/tools/bin/../lib/gcc/arm-none-eabi/11.3.1/../../../../arm-none-eabi/lib/thumb/v7-m/nofp\libc_nano.a(libc_a-makebuf.o)
                0x00000000080079ba                __smakebuf_r
 *fill*         0x0000000008007a32        0x2 
 .text._fstat_r
                0x0000000008007a34       0x24 C:/ST/STM32CubeIDE_1.13.0/STM32CubeIDE/plugins/com.st.stm32cube.ide.mcu.externaltools.gnu-tools-for-stm32.11.3.rel1.win32_1.1.0.202305231506/tools/bin/../lib/gcc/arm-none-eabi/11.3.1/../../../../arm-none-eabi/lib/thumb/v7-m/nofp\libc_nano.a(libc_a-fstatr.o)
                0x0000000008007a34                _fstat_r
 .text._isatty_r
                0x0000000008007a58       0x20 C:/ST/STM32CubeIDE_1.13.0/STM32CubeIDE/plugins/com.st.stm32cube.ide.mcu.externaltools.gnu-tools-for-stm32.11.3.rel1.win32_1.1.0.202305231506/tools/bin/../lib/gcc/arm-none-eabi/11.3.1/../../../../arm-none-eabi/lib/thumb/v7-m/nofp\libc_nano.a(libc_a-isattyr.o)
                0x0000000008007a58                _isatty_r
 *(.glue_7)
 .glue_7        0x0000000008007a78        0x0 linker stubs
 *(.glue_7t)
 .glue_7t       0x0000000008007a78        0x0 linker stubs
 *(.eh_frame)
 .eh_frame      0x0000000008007a78        0x0 C:/ST/STM32CubeIDE_1.13.0/STM32CubeIDE/plugins/com.st.stm32cube.ide.mcu.externaltools.gnu-tools-for-stm32.11.3.rel1.win32_1.1.0.202305231506/tools/bin/../lib/gcc/arm-none-eabi/11.3.1/thumb/v7-m/nofp/crtbegin.o
 *(.init)
 .init          0x0000000008007a78        0x4 C:/ST/STM32CubeIDE_1.13.0/STM32CubeIDE/plugins/com.st.stm32cube.ide.mcu.externaltools.gnu-tools-for-stm32.11.3.rel1.win32_1.1.0.202305231506/tools/bin/../lib/gcc/arm-none-eabi/11.3.1/thumb/v7-m/nofp/crti.o
                0x0000000008007a78                _init
 .init          0x0000000008007a7c        0x8 C:/ST/STM32CubeIDE_1.13.0/STM32CubeIDE/plugins/com.st.stm32cube.ide.mcu.externaltools.gnu-tools-for-stm32.11.3.rel1.win32_1.1.0.202305231506/tools/bin/../lib/gcc/arm-none-eabi/11.3.1/thumb/v7-m/nofp/crtn.o
 *(.fini)
 .fini          0x0000000008007a84        0x4 C:/ST/STM32CubeIDE_1.13.0/STM32CubeIDE/plugins/com.st.stm32cube.ide.mcu.externaltools.gnu-tools-for-stm32.11.3.rel1.win32_1.1.0.202305231506/tools/bin/../lib/gcc/arm-none-eabi/11.3.1/thumb/v7-m/nofp/crti.o
                0x0000000008007a84                _fini
 .fini          0x0000000008007a88        0x8 C:/ST/STM32CubeIDE_1.13.0/STM32CubeIDE/plugins/com.st.stm32cube.ide.mcu.externaltools.gnu-tools-for-stm32.11.3.rel1.win32_1.1.0.202305231506/tools/bin/../lib/gcc/arm-none-eabi/11.3.1/thumb/v7-m/nofp/crtn.o
                0x0000000008007a90                . = ALIGN (0x4)
                0x0000000008007a90                _etext = .

.vfp11_veneer   0x0000000008007a90        0x0
 .vfp11_veneer  0x0000000008007a90        0x0 linker stubs

.v4_bx          0x0000000008007a90        0x0
 .v4_bx         0x0000000008007a90        0x0 linker stubs

.iplt           0x0000000008007a90        0x0
 .iplt          0x0000000008007a90        0x0 C:/ST/STM32CubeIDE_1.13.0/STM32CubeIDE/plugins/com.st.stm32cube.ide.mcu.externaltools.gnu-tools-for-stm32.11.3.rel1.win32_1.1.0.202305231506/tools/bin/../lib/gcc/arm-none-eabi/11.3.1/thumb/v7-m/nofp/crtbegin.o

.rodata         0x0000000008007a90      0x33c
                0x0000000008007a90                . = ALIGN (0x4)
 *(.rodata)
 *(.rodata*)
 .rodata.AnalogInput_GetStatusString.str1.1
                0x0000000008007a90       0x4b ./AnalogInput/AnalogInput.o
                                         0x5f (size before relaxing)
 .rodata.HelpCommandHanlderFunction.str1.1
                0x0000000008007adb       0x17 ./Command/Command.o
 .rodata.Command_Init.str1.1
                0x0000000008007af2       0x21 ./Command/Command.o
 .rodata.GetIndexFromString.isra.0.str1.1
                0x0000000008007b13       0x19 ./Core/Src/CommandConfig.o
 .rodata.Command_DefaultResponse.str1.1
                0x0000000008007b2c       0x10 ./Core/Src/CommandConfig.o
 .rodata.Command_AnalogInputConfig.str1.1
                0x0000000008007b3c       0x4c ./Core/Src/CommandConfig.o
                                         0x53 (size before relaxing)
 .rodata.Command_TimeTrigger.str1.1
                0x0000000008007b88       0x13 ./Core/Src/CommandConfig.o
 .rodata.main.str1.1
                0x0000000008007b9b       0xe0 ./Core/Src/main.o
 .rodata.AHBPrescTable
                0x0000000008007c7b       0x10 ./Core/Src/system_stm32f1xx.o
                0x0000000008007c7b                AHBPrescTable
 .rodata.APBPrescTable
                0x0000000008007c8b        0x8 ./Core/Src/system_stm32f1xx.o
                0x0000000008007c8b                APBPrescTable
 .rodata.aPLLMULFactorTable.1
                0x0000000008007c93       0x10 ./Drivers/STM32F1xx_HAL_Driver/Src/stm32f1xx_hal_rcc.o
 .rodata.aPredivFactorTable.0
                0x0000000008007ca3        0x2 ./Drivers/STM32F1xx_HAL_Driver/Src/stm32f1xx_hal_rcc.o
 .rodata.SplitString.str1.1
                0x0000000008007ca5       0xe0 ./StringUtils/StringUtils.o
                                          0x2 (size before relaxing)
 .rodata.USBD_FS_ManufacturerStrDescriptor.str1.1
                0x0000000008007ca5       0x13 ./USB_DEVICE/App/usbd_desc.o
 .rodata.USBD_FS_ProductStrDescriptor.str1.1
                0x0000000008007cb8       0x16 ./USB_DEVICE/App/usbd_desc.o
 .rodata.USBD_FS_ConfigStrDescriptor.str1.1
                0x0000000008007cce        0xb ./USB_DEVICE/App/usbd_desc.o
 .rodata.USBD_FS_InterfaceStrDescriptor.str1.1
                0x0000000008007cd9        0xe ./USB_DEVICE/App/usbd_desc.o
 .rodata.CSWTCH.3
                0x0000000008007ce7        0x4 ./USB_DEVICE/Target/usbd_conf.o
 .rodata.strtok.str1.1
                0x0000000008007ceb       0x71 C:/ST/STM32CubeIDE_1.13.0/STM32CubeIDE/plugins/com.st.stm32cube.ide.mcu.externaltools.gnu-tools-for-stm32.11.3.rel1.win32_1.1.0.202305231506/tools/bin/../lib/gcc/arm-none-eabi/11.3.1/../../../../arm-none-eabi/lib/thumb/v7-m/nofp\libc_nano.a(libc_a-strtok.o)
 .rodata.__assert_func.str1.1
                0x0000000008007d5c       0x3c C:/ST/STM32CubeIDE_1.13.0/STM32CubeIDE/plugins/com.st.stm32cube.ide.mcu.externaltools.gnu-tools-for-stm32.11.3.rel1.win32_1.1.0.202305231506/tools/bin/../lib/gcc/arm-none-eabi/11.3.1/../../../../arm-none-eabi/lib/thumb/v7-m/nofp\libc_nano.a(libc_a-assert.o)
                                         0x3d (size before relaxing)
 .rodata._svfprintf_r.str1.1
                0x0000000008007d98       0x11 C:/ST/STM32CubeIDE_1.13.0/STM32CubeIDE/plugins/com.st.stm32cube.ide.mcu.externaltools.gnu-tools-for-stm32.11.3.rel1.win32_1.1.0.202305231506/tools/bin/../lib/gcc/arm-none-eabi/11.3.1/../../../../arm-none-eabi/lib/thumb/v7-m/nofp\libc_nano.a(libc_a-nano-svfprintf.o)
 .rodata._printf_i.str1.1
                0x0000000008007da9       0x22 C:/ST/STM32CubeIDE_1.13.0/STM32CubeIDE/plugins/com.st.stm32cube.ide.mcu.externaltools.gnu-tools-for-stm32.11.3.rel1.win32_1.1.0.202305231506/tools/bin/../lib/gcc/arm-none-eabi/11.3.1/../../../../arm-none-eabi/lib/thumb/v7-m/nofp\libc_nano.a(libc_a-nano-vfprintf_i.o)
 .rodata._vfprintf_r.str1.1
                0x0000000008007dcb       0x11 C:/ST/STM32CubeIDE_1.13.0/STM32CubeIDE/plugins/com.st.stm32cube.ide.mcu.externaltools.gnu-tools-for-stm32.11.3.rel1.win32_1.1.0.202305231506/tools/bin/../lib/gcc/arm-none-eabi/11.3.1/../../../../arm-none-eabi/lib/thumb/v7-m/nofp\libc_nano.a(libc_a-nano-vfprintf.o)
                0x0000000008007ddc                . = ALIGN (0x4)
 *fill*         0x0000000008007dcb        0x1 

.rel.dyn        0x0000000008007dcc        0x0
 .rel.iplt      0x0000000008007dcc        0x0 C:/ST/STM32CubeIDE_1.13.0/STM32CubeIDE/plugins/com.st.stm32cube.ide.mcu.externaltools.gnu-tools-for-stm32.11.3.rel1.win32_1.1.0.202305231506/tools/bin/../lib/gcc/arm-none-eabi/11.3.1/thumb/v7-m/nofp/crtbegin.o

.ARM.extab      0x0000000008007dcc        0x0
                0x0000000008007dcc                . = ALIGN (0x4)
 *(.ARM.extab* .gnu.linkonce.armextab.*)
                0x0000000008007dcc                . = ALIGN (0x4)

.ARM            0x0000000008007dcc        0x0
                0x0000000008007dcc                . = ALIGN (0x4)
                0x0000000008007dcc                __exidx_start = .
 *(.ARM.exidx*)
                0x0000000008007dcc                __exidx_end = .
                0x0000000008007dcc                . = ALIGN (0x4)

.preinit_array  0x0000000008007dcc        0x0
                0x0000000008007dcc                . = ALIGN (0x4)
                0x0000000008007dcc                PROVIDE (__preinit_array_start = .)
 *(.preinit_array*)
                0x0000000008007dcc                PROVIDE (__preinit_array_end = .)
                0x0000000008007dcc                . = ALIGN (0x4)

.init_array     0x0000000008007dcc        0x4
                0x0000000008007dcc                . = ALIGN (0x4)
                0x0000000008007dcc                PROVIDE (__init_array_start = .)
 *(SORT_BY_NAME(.init_array.*))
 *(.init_array*)
 .init_array    0x0000000008007dcc        0x4 C:/ST/STM32CubeIDE_1.13.0/STM32CubeIDE/plugins/com.st.stm32cube.ide.mcu.externaltools.gnu-tools-for-stm32.11.3.rel1.win32_1.1.0.202305231506/tools/bin/../lib/gcc/arm-none-eabi/11.3.1/thumb/v7-m/nofp/crtbegin.o
                0x0000000008007dd0                PROVIDE (__init_array_end = .)
                0x0000000008007dd0                . = ALIGN (0x4)

.fini_array     0x0000000008007dd0        0x4
                0x0000000008007dd0                . = ALIGN (0x4)
                [!provide]                        PROVIDE (__fini_array_start = .)
 *(SORT_BY_NAME(.fini_array.*))
 *(.fini_array*)
 .fini_array    0x0000000008007dd0        0x4 C:/ST/STM32CubeIDE_1.13.0/STM32CubeIDE/plugins/com.st.stm32cube.ide.mcu.externaltools.gnu-tools-for-stm32.11.3.rel1.win32_1.1.0.202305231506/tools/bin/../lib/gcc/arm-none-eabi/11.3.1/thumb/v7-m/nofp/crtbegin.o
                [!provide]                        PROVIDE (__fini_array_end = .)
                0x0000000008007dd4                . = ALIGN (0x4)
                0x0000000008007dd4                _sidata = LOADADDR (.data)

.data           0x0000000020000000      0x1dc load address 0x0000000008007dd4
                0x0000000020000000                . = ALIGN (0x4)
                0x0000000020000000                _sdata = .
 *(.data)
 *(.data*)
 .data.m_fDefaultCallback
                0x0000000020000000        0x4 ./Command/Command.o
 .data.SystemCoreClock
                0x0000000020000004        0x4 ./Core/Src/system_stm32f1xx.o
                0x0000000020000004                SystemCoreClock
 .data.uwTickFreq
                0x0000000020000008        0x1 ./Drivers/STM32F1xx_HAL_Driver/Src/stm32f1xx_hal.o
                0x0000000020000008                uwTickFreq
 *fill*         0x0000000020000009        0x3 
 .data.uwTickPrio
                0x000000002000000c        0x4 ./Drivers/STM32F1xx_HAL_Driver/Src/stm32f1xx_hal.o
                0x000000002000000c                uwTickPrio
 .data.USBD_CDC
                0x0000000020000010       0x38 ./Middlewares/ST/STM32_USB_Device_Library/Class/CDC/Src/usbd_cdc.o
                0x0000000020000010                USBD_CDC
 .data.USBD_CDC_CfgFSDesc
                0x0000000020000048       0x43 ./Middlewares/ST/STM32_USB_Device_Library/Class/CDC/Src/usbd_cdc.o
                0x0000000020000048                USBD_CDC_CfgFSDesc
 *fill*         0x000000002000008b        0x1 
 .data.USBD_CDC_CfgHSDesc
                0x000000002000008c       0x43 ./Middlewares/ST/STM32_USB_Device_Library/Class/CDC/Src/usbd_cdc.o
                0x000000002000008c                USBD_CDC_CfgHSDesc
 *fill*         0x00000000200000cf        0x1 
 .data.USBD_CDC_DeviceQualifierDesc
                0x00000000200000d0        0xa ./Middlewares/ST/STM32_USB_Device_Library/Class/CDC/Src/usbd_cdc.o
 *fill*         0x00000000200000da        0x2 
 .data.USBD_CDC_OtherSpeedCfgDesc
                0x00000000200000dc       0x43 ./Middlewares/ST/STM32_USB_Device_Library/Class/CDC/Src/usbd_cdc.o
                0x00000000200000dc                USBD_CDC_OtherSpeedCfgDesc
 *fill*         0x000000002000011f        0x1 
 .data.USBD_Interface_fops_FS
                0x0000000020000120       0x10 ./USB_DEVICE/App/usbd_cdc_if.o
                0x0000000020000120                USBD_Interface_fops_FS
 .data.FS_Desc  0x0000000020000130       0x1c ./USB_DEVICE/App/usbd_desc.o
                0x0000000020000130                FS_Desc