../AnalogInput/AnalogInput.c:219:7:AnalogInput_DefaultHandler	0	static
../AnalogInput/AnalogInput.c:195:6:NodeFreeElement	0	static
../AnalogInput/AnalogInput.c:21:6:AnalogInput_Init	32	static
../AnalogInput/AnalogInput.c:42:6:AnalogInput_Release	8	static
../AnalogInput/AnalogInput.c:49:9:AnalogInput_GetDataLength	16	static
../AnalogInput/AnalogInput.c:64:6:AnalogInput_SetType	8	static
../AnalogInput/AnalogInput.c:72:6:AnalogInput_TurnOff	8	static
../AnalogInput/AnalogInput.c:78:6:AnalogInput_TurnOn	8	static
../AnalogInput/AnalogInput.c:84:6:AnalogInput_SetMinAndMax	16	static
../AnalogInput/AnalogInput.c:91:6:AnalogInput_SetInputMax	8	static
../AnalogInput/AnalogInput.c:97:6:AnalogInput_SetHandler	8	static
../AnalogInput/AnalogInput.c:103:6:AnalogInput_Update	48	static
../AnalogInput/AnalogInput.c:141:6:AnalogInput_GetData	16	static
../AnalogInput/AnalogInput.c:146:6:AnalogInput_GetStatusString	88	static
../AnalogInput/AnalogInput.c:178:9:AnalogInput_TypeFromString	8	static
