Archive member included to satisfy reference by file (symbol)

C:/ST/STM32CubeIDE_1.13.0/STM32CubeIDE/plugins/com.st.stm32cube.ide.mcu.externaltools.gnu-tools-for-stm32.11.3.rel1.win32_1.1.0.202305231506/tools/bin/../lib/gcc/arm-none-eabi/11.3.1/../../../../arm-none-eabi/lib/thumb/v7-m/nofp\libc_nano.a(libc_a-exit.o)
                              C:/ST/STM32CubeIDE_1.13.0/STM32CubeIDE/plugins/com.st.stm32cube.ide.mcu.externaltools.gnu-tools-for-stm32.11.3.rel1.win32_1.1.0.202305231506/tools/bin/../lib/gcc/arm-none-eabi/11.3.1/../../../../arm-none-eabi/lib/thumb/v7-m/nofp/crt0.o (exit)
C:/ST/STM32CubeIDE_1.13.0/STM32CubeIDE/plugins/com.st.stm32cube.ide.mcu.externaltools.gnu-tools-for-stm32.11.3.rel1.win32_1.1.0.202305231506/tools/bin/../lib/gcc/arm-none-eabi/11.3.1/../../../../arm-none-eabi/lib/thumb/v7-m/nofp\libc_nano.a(libc_a-malloc.o)
                              ./Command/Command.o (malloc)
C:/ST/STM32CubeIDE_1.13.0/STM32CubeIDE/plugins/com.st.stm32cube.ide.mcu.externaltools.gnu-tools-for-stm32.11.3.rel1.win32_1.1.0.202305231506/tools/bin/../lib/gcc/arm-none-eabi/11.3.1/../../../../arm-none-eabi/lib/thumb/v7-m/nofp\libc_nano.a(libc_a-mallocr.o)
                              C:/ST/STM32CubeIDE_1.13.0/STM32CubeIDE/plugins/com.st.stm32cube.ide.mcu.externaltools.gnu-tools-for-stm32.11.3.rel1.win32_1.1.0.202305231506/tools/bin/../lib/gcc/arm-none-eabi/11.3.1/../../../../arm-none-eabi/lib/thumb/v7-m/nofp\libc_nano.a(libc_a-malloc.o) (_malloc_r)
C:/ST/STM32CubeIDE_1.13.0/STM32CubeIDE/plugins/com.st.stm32cube.ide.mcu.externaltools.gnu-tools-for-stm32.11.3.rel1.win32_1.1.0.202305231506/tools/bin/../lib/gcc/arm-none-eabi/11.3.1/../../../../arm-none-eabi/lib/thumb/v7-m/nofp\libc_nano.a(libc_a-mlock.o)
                              C:/ST/STM32CubeIDE_1.13.0/STM32CubeIDE/plugins/com.st.stm32cube.ide.mcu.externaltools.gnu-tools-for-stm32.11.3.rel1.win32_1.1.0.202305231506/tools/bin/../lib/gcc/arm-none-eabi/11.3.1/../../../../arm-none-eabi/lib/thumb/v7-m/nofp\libc_nano.a(libc_a-mallocr.o) (__malloc_lock)
C:/ST/STM32CubeIDE_1.13.0/STM32CubeIDE/plugins/com.st.stm32cube.ide.mcu.externaltools.gnu-tools-for-stm32.11.3.rel1.win32_1.1.0.202305231506/tools/bin/../lib/gcc/arm-none-eabi/11.3.1/../../../../arm-none-eabi/lib/thumb/v7-m/nofp\libc_nano.a(libc_a-strtol.o)
                              ./Core/Src/CommandConfig.o (strtol)
C:/ST/STM32CubeIDE_1.13.0/STM32CubeIDE/plugins/com.st.stm32cube.ide.mcu.externaltools.gnu-tools-for-stm32.11.3.rel1.win32_1.1.0.202305231506/tools/bin/../lib/gcc/arm-none-eabi/11.3.1/../../../../arm-none-eabi/lib/thumb/v7-m/nofp\libc_nano.a(libc_a-strtoul.o)
                              ./StringUtils/StringUtils.o (strtoul)
C:/ST/STM32CubeIDE_1.13.0/STM32CubeIDE/plugins/com.st.stm32cube.ide.mcu.externaltools.gnu-tools-for-stm32.11.3.rel1.win32_1.1.0.202305231506/tools/bin/../lib/gcc/arm-none-eabi/11.3.1/../../../../arm-none-eabi/lib/thumb/v7-m/nofp\libc_nano.a(libc_a-ctype_.o)
                              C:/ST/STM32CubeIDE_1.13.0/STM32CubeIDE/plugins/com.st.stm32cube.ide.mcu.externaltools.gnu-tools-for-stm32.11.3.rel1.win32_1.1.0.202305231506/tools/bin/../lib/gcc/arm-none-eabi/11.3.1/../../../../arm-none-eabi/lib/thumb/v7-m/nofp\libc_nano.a(libc_a-strtol.o) (_ctype_)
C:/ST/STM32CubeIDE_1.13.0/STM32CubeIDE/plugins/com.st.stm32cube.ide.mcu.externaltools.gnu-tools-for-stm32.11.3.rel1.win32_1.1.0.202305231506/tools/bin/../lib/gcc/arm-none-eabi/11.3.1/../../../../arm-none-eabi/lib/thumb/v7-m/nofp\libc_nano.a(libc_a-findfp.o)
                              C:/ST/STM32CubeIDE_1.13.0/STM32CubeIDE/plugins/com.st.stm32cube.ide.mcu.externaltools.gnu-tools-for-stm32.11.3.rel1.win32_1.1.0.202305231506/tools/bin/../lib/gcc/arm-none-eabi/11.3.1/../../../../arm-none-eabi/lib/thumb/v7-m/nofp\libc_nano.a(libc_a-exit.o) (__stdio_exit_handler)
C:/ST/STM32CubeIDE_1.13.0/STM32CubeIDE/plugins/com.st.stm32cube.ide.mcu.externaltools.gnu-tools-for-stm32.11.3.rel1.win32_1.1.0.202305231506/tools/bin/../lib/gcc/arm-none-eabi/11.3.1/../../../../arm-none-eabi/lib/thumb/v7-m/nofp\libc_nano.a(libc_a-fwalk.o)
                              C:/ST/STM32CubeIDE_1.13.0/STM32CubeIDE/plugins/com.st.stm32cube.ide.mcu.externaltools.gnu-tools-for-stm32.11.3.rel1.win32_1.1.0.202305231506/tools/bin/../lib/gcc/arm-none-eabi/11.3.1/../../../../arm-none-eabi/lib/thumb/v7-m/nofp\libc_nano.a(libc_a-findfp.o) (_fwalk_sglue)
C:/ST/STM32CubeIDE_1.13.0/STM32CubeIDE/plugins/com.st.stm32cube.ide.mcu.externaltools.gnu-tools-for-stm32.11.3.rel1.win32_1.1.0.202305231506/tools/bin/../lib/gcc/arm-none-eabi/11.3.1/../../../../arm-none-eabi/lib/thumb/v7-m/nofp\libc_nano.a(libc_a-sprintf.o)
                              ./StringUtils/StringUtils.o (sprintf)
C:/ST/STM32CubeIDE_1.13.0/STM32CubeIDE/plugins/com.st.stm32cube.ide.mcu.externaltools.gnu-tools-for-stm32.11.3.rel1.win32_1.1.0.202305231506/tools/bin/../lib/gcc/arm-none-eabi/11.3.1/../../../../arm-none-eabi/lib/thumb/v7-m/nofp\libc_nano.a(libc_a-stdio.o)
[...]
Memory Configuration

Name             Origin             Length             Attributes
RAM              0x0000000020000000 0x0000000000005000 xrw
FLASH            0x0000000008000000 0x0000000000010000 xr
*default*        0x0000000000000000 0xffffffffffffffff

Linker script and memory map

LOAD C:/ST/STM32CubeIDE_1.13.0/STM32CubeIDE/plugins/com.st.stm32cube.ide.mcu.externaltools.gnu-tools-for-stm32.11.3.rel1.win32_1.1.0.202305231506/tools/bin/../lib/gcc/arm-none-eabi/11.3.1/thumb/v7-m/nofp/crti.o
LOAD C:/ST/STM32CubeIDE_1.13.0/STM32CubeIDE/plugins/com.st.stm32cube.ide.mcu.externaltools.gnu-tools-for-stm32.11.3.rel1.win32_1.1.0.202305231506/tools/bin/../lib/gcc/arm-none-eabi/11.3.1/thumb/v7-m/nofp/crtbegin.o
LOAD C:/ST/STM32CubeIDE_1.13.0/STM32CubeIDE/plugins/com.st.stm32cube.ide.mcu.externaltools.gnu-tools-for-stm32.11.3.rel1.win32_1.1.0.202305231506/tools/bin/../lib/gcc/arm-none-eabi/11.3.1/../../../../arm-none-eabi/lib/thumb/v7-m/nofp/crt0.o
LOAD ./Command/Command.o
LOAD ./Communication/Communication.o
LOAD ./Core/Src/CommandConfig.o
LOAD ./Core/Src/Geometry.o
LOAD ./Core/Src/I2CConfig.o
LOAD ./Core/Src/LCDConfig.o
LOAD ./Core/Src/MainProcess.o
LOAD ./Core/Src/main.o
LOAD ./Core/Src/stm32f1xx_hal_msp.o
LOAD ./Core/Src/stm32f1xx_it.o
LOAD ./Core/Src/syscalls.o
LOAD ./Core/Src/sysmem.o
LOAD ./Core/Src/system_stm32f1xx.o
LOAD ./Core/Startup/startup_stm32f103c8tx.o
LOAD ./Drivers/STM32F1xx_HAL_Driver/Src/stm32f1xx_hal.o
LOAD ./Drivers/STM32F1xx_HAL_Driver/Src/stm32f1xx_hal_cortex.o
LOAD ./Drivers/STM32F1xx_HAL_Driver/Src/stm32f1xx_hal_dma.o
LOAD ./Drivers/STM32F1xx_HAL_Driver/Src/stm32f1xx_hal_exti.o
LOAD ./Drivers/STM32F1xx_HAL_Driver/Src/stm32f1xx_hal_flash.o
LOAD ./Drivers/STM32F1xx_HAL_Driver/Src/stm32f1xx_hal_flash_ex.o
LOAD ./Drivers/STM32F1xx_HAL_Driver/Src/stm32f1xx_hal_gpio.o
LOAD ./Drivers/STM32F1xx_HAL_Driver/Src/stm32f1xx_hal_gpio_ex.o
LOAD ./Drivers/STM32F1xx_HAL_Driver/Src/stm32f1xx_hal_i2c.o
LOAD ./Drivers/STM32F1xx_HAL_Driver/Src/stm32f1xx_hal_pcd.o
LOAD ./Drivers/STM32F1xx_HAL_Driver/Src/stm32f1xx_hal_pcd_ex.o
LOAD ./Drivers/STM32F1xx_HAL_Driver/Src/stm32f1xx_hal_pwr.o
LOAD ./Drivers/STM32F1xx_HAL_Driver/Src/stm32f1xx_hal_rcc.o
LOAD ./Drivers/STM32F1xx_HAL_Driver/Src/stm32f1xx_hal_rcc_ex.o
LOAD ./Drivers/STM32F1xx_HAL_Driver/Src/stm32f1xx_hal_spi.o
LOAD ./Drivers/STM32F1xx_HAL_Driver/Src/stm32f1xx_hal_tim.o
LOAD ./Drivers/STM32F1xx_HAL_Driver/Src/stm32f1xx_hal_tim_ex.o
LOAD ./Drivers/STM32F1xx_HAL_Driver/Src/stm32f1xx_hal_uart.o
LOAD ./Drivers/STM32F1xx_HAL_Driver/Src/stm32f1xx_ll_usb.o
LOAD ./HashMap/HashMap.o
LOAD ./LCD/LCD.o
LOAD ./LinkList/LinkList.o
LOAD ./LoRa/Src/LoRa.o
LOAD ./Middlewares/ST/STM32_USB_Device_Library/Class/CDC/Src/usbd_cdc.o
LOAD ./Middlewares/ST/STM32_USB_Device_Library/Core/Src/usbd_core.o
LOAD ./Middlewares/ST/STM32_USB_Device_Library/Core/Src/usbd_ctlreq.o
LOAD ./Middlewares/ST/STM32_USB_Device_Library/Core/Src/usbd_ioreq.o
LOAD ./Queue/Queue.o
LOAD ./SX1278/sx1278.o
LOAD ./Sensors/Sensors.o
LOAD ./StringUtils/StringUtils.o
LOAD ./USB_DEVICE/App/usb_device.o
LOAD ./USB_DEVICE/App/usbd_cdc_if.o
LOAD ./USB_DEVICE/App/usbd_desc.o
LOAD ./USB_DEVICE/Target/usbd_conf.o
START GROUP
LOAD C:/ST/STM32CubeIDE_1.13.0/STM32CubeIDE/plugins/com.st.stm32cube.ide.mcu.externaltools.gnu-tools-for-stm32.11.3.rel1.win32_1.1.0.202305231506/tools/bin/../lib/gcc/arm-none-eabi/11.3.1/../../../../arm-none-eabi/lib/thumb/v7-m/nofp\libc_nano.a
LOAD C:/ST/STM32CubeIDE_1.13.0/STM32CubeIDE/plugins/com.st.stm32cube.ide.mcu.externaltools.gnu-tools-for-stm32.11.3.rel1.win32_1.1.0.202305231506/tools/bin/../lib/gcc/arm-none-eabi/11.3.1/../../../../arm-none-eabi/lib/thumb/v7-m/nofp\libm.a
END GROUP
START GROUP
LOAD C:/ST/STM32CubeIDE_1.13.0/STM32CubeIDE/plugins/com.st.stm32cube.ide.mcu.externaltools.gnu-tools-for-stm32.11.3.rel1.win32_1.1.0.202305231506/tools/bin/../lib/gcc/arm-none-eabi/11.3.1/thumb/v7-m/nofp\libgcc.a
LOAD C:/ST/STM32CubeIDE_1.13.0/STM32CubeIDE/plugins/com.st.stm32cube.ide.mcu.externaltools.gnu-tools-for-stm32.11.3.rel1.win32_1.1.0.202305231506/tools/bin/../lib/gcc/arm-none-eabi/11.3.1/../../../../arm-none-eabi/lib/thumb/v7-m/nofp\libc_nano.a
END GROUP
START GROUP
LOAD C:/ST/STM32CubeIDE_1.13.0/STM32CubeIDE/plugins/com.st.stm32cube.ide.mcu.externaltools.gnu-tools-for-stm32.11.3.rel1.win32_1.1.0.202305231506/tools/bin/../lib/gcc/arm-none-eabi/11.3.1/thumb/v7-m/nofp\libgcc.a
LOAD C:/ST/STM32CubeIDE_1.13.0/STM32CubeIDE/plugins/com.st.stm32cube.ide.mcu.externaltools.gnu-tools-for-stm32.11.3.rel1.win32_1.1.0.202305231506/tools/bin/../lib/gcc/arm-none-eabi/11.3.1/../../../../arm-none-eabi/lib/thumb/v7-m/nofp\libc_nano.a
LOAD C:/ST/STM32CubeIDE_1.13.0/STM32CubeIDE/plugins/com.st.stm32cube.ide.mcu.externaltools.gnu-tools-for-stm32.11.3.rel1.win32_1.1.0.202305231506/tools/bin/../lib/gcc/arm-none-eabi/11.3.1/../../../../arm-none-eabi/lib/thumb/v7-m/nofp\libnosys.a
END GROUP
START GROUP
LOAD C:/ST/STM32CubeIDE_1.13.0/STM32CubeIDE/plugins/com.st.stm32cube.ide.mcu.externaltools.gnu-tools-for-stm32.11.3.rel1.win32_1.1.0.202305231506/tools/bin/../lib/gcc/arm-none-eabi/11.3.1/thumb/v7-m/nofp\libgcc.a
LOAD C:/ST/STM32CubeIDE_1.13.0/STM32CubeIDE/plugins/com.st.stm32cube.ide.mcu.externaltools.gnu-tools-for-stm32.11.3.rel1.win32_1.1.0.202305231506/tools/bin/../lib/gcc/arm-none-eabi/11.3.1/../../../../arm-none-eabi/lib/thumb/v7-m/nofp\libc_nano.a
LOAD C:/ST/STM32CubeIDE_1.13.0/STM32CubeIDE/plugins/com.st.stm32cube.ide.mcu.externaltools.gnu-tools-for-stm32.11.3.rel1.win32_1.1.0.202305231506/tools/bin/../lib/gcc/arm-none-eabi/11.3.1/../../../../arm-none-eabi/lib/thumb/v7-m/nofp\libnosys.a
END GROUP
LOAD C:/ST/STM32CubeIDE_1.13.0/STM32CubeIDE/plugins/com.st.stm32cube.ide.mcu.externaltools.gnu-tools-for-stm32.11.3.rel1.win32_1.1.0.202305231506/tools/bin/../lib/gcc/arm-none-eabi/11.3.1/thumb/v7-m/nofp/crtend.o
LOAD C:/ST/STM32CubeIDE_1.13.0/STM32CubeIDE/plugins/com.st.stm32cube.ide.mcu.externaltools.gnu-tools-for-stm32.11.3.rel1.win32_1.1.0.202305231506/tools/bin/../lib/gcc/arm-none-eabi/11.3.1/thumb/v7-m/nofp/crtn.o
                0x0000000020005000                _estack = (ORIGIN (RAM) + LENGTH (RAM))
                0x0000000000000200                _Min_Heap_Size = 0x200
                0x0000000000000400                _Min_Stack_Size = 0x400

.isr_vector     0x0000000008000000      0x10c
                0x0000000008000000                . = ALIGN (0x4)
 *(.isr_vector)
 .isr_vector    0x0000000008000000      0x10c ./Core/Startup/startup_stm32f103c8tx.o
                0x0000000008000000                g_pfnVectors
                0x000000000800010c                . = ALIGN (0x4)

.text           0x000000000800010c     0xd014
                0x000000000800010c                . = ALIGN (0x4)
 *(.text)
 .text          0x000000000800010c       0x40 C:/ST/STM32CubeIDE_1.13.0/STM32CubeIDE/plugins/com.st.stm32cube.ide.mcu.externaltools.gnu-tools-for-stm32.11.3.rel1.win32_1.1.0.202305231506/tools/bin/../lib/gcc/arm-none-eabi/11.3.1/thumb/v7-m/nofp/crtbegin.o
 .text          0x000000000800014c       0x14 C:/ST/STM32CubeIDE_1.13.0/STM32CubeIDE/plugins/com.st.stm32cube.ide.mcu.externaltools.gnu-tools-for-stm32.11.3.rel1.win32_1.1.0.202305231506/tools/bin/../lib/gcc/arm-none-eabi/11.3.1/../../../../arm-none-eabi/lib/thumb/v7-m/nofp\libc_nano.a(libc_a-strcmp.o)
                0x000000000800014c                strcmp
 .text          0x0000000008000160       0x10 C:/ST/STM32CubeIDE_1.13.0/STM32CubeIDE/plugins/com.st.stm32cube.ide.mcu.externaltools.gnu-tools-for-stm32.11.3.rel1.win32_1.1.0.202305231506/tools/bin/../lib/gcc/arm-none-eabi/11.3.1/../../../../arm-none-eabi/lib/thumb/v7-m/nofp\libc_nano.a(libc_a-strlen.o)
                0x0000000008000160                strlen
 .text          0x0000000008000170      0x168 C:/ST/STM32CubeIDE_1.13.0/STM32CubeIDE/plugins/com.st.stm32cube.ide.mcu.externaltools.gnu-tools-for-stm32.11.3.rel1.win32_1.1.0.202305231506/tools/bin/../lib/gcc/arm-none-eabi/11.3.1/thumb/v7-m/nofp\libgcc.a(_arm_mulsf3.o)
                0x0000000008000170                __aeabi_fmul
                0x0000000008000170                __mulsf3
 .text          0x00000000080002d8       0x4c C:/ST/STM32CubeIDE_1.13.0/STM32CubeIDE/plugins/com.st.stm32cube.ide.mcu.externaltools.gnu-tools-for-stm32.11.3.rel1.win32_1.1.0.202305231506/tools/bin/../lib/gcc/arm-none-eabi/11.3.1/thumb/v7-m/nofp\libgcc.a(_arm_fixsfsi.o)
                0x00000000080002d8                __aeabi_f2iz
                0x00000000080002d8                __fixsfsi
 *(.text*)
 .text.Command_Init
                0x0000000008000324       0x5c ./Command/Command.o
                0x0000000008000324                Command_Init
 .text.Command_Register
                0x0000000008000380       0x44 ./Command/Command.o
                0x0000000008000380                Command_Register
 .text.Command_ReceiveData
                0x00000000080003c4       0x50 ./Command/Command.o
                0x00000000080003c4                Command_ReceiveData
 .text.Command_RegisterDefaultCallback
                0x0000000008000414       0x1c ./Command/Command.o
                0x0000000008000414                Command_RegisterDefaultCallback
 .text.EmptyCommandHanlder
                0x0000000008000430       0x16 ./Command/Command.o
 *fill*         0x0000000008000446        0x2 
 .text.Command_Update
                0x0000000008000448       0xa4 ./Command/Command.o
                0x0000000008000448                Command_Update
 .text.FreeCommand
                0x00000000080004ec       0x20 ./Command/Command.o
 .text.Command_Response
                0x000000000800050c       0x20 ./Command/Command.o
                0x000000000800050c                Command_Response
 .text.Command_ResponseConstChar
                0x000000000800052c       0x22 ./Command/Command.o
                0x000000000800052c                Command_ResponseConstChar
 *fill*         0x000000000800054e        0x2 
 .text.HelpCommandHanlderFunction
                0x0000000008000550       0x98 ./Command/Command.o
 .text.FreeCommandDefElement
                0x00000000080005e8       0x1a ./Command/Command.o
 .text.FreeCommandQueueElement
                0x0000000008000602       0x1a ./Command/Command.o
 .text.Command_DefaultResponse
                0x000000000800061c       0x20 ./Core/Src/CommandConfig.o
                0x000000000800061c                Command_DefaultResponse
 .text.Command_LCDCommandResponse
                0x000000000800063c      0x17c ./Core/Src/CommandConfig.o
                0x000000000800063c                Command_LCDCommandResponse
 .text.Command_I2CCommandResponse
                0x00000000080007b8      0x59c ./Core/Src/CommandConfig.o
                0x00000000080007b8                Command_I2CCommandResponse
 .text.Command_SensorsCommandResponse
                0x0000000008000d54      0x370 ./Core/Src/CommandConfig.o
                0x0000000008000d54                Command_SensorsCommandResponse
 .text.Command_LoRaCommandResponse
                0x00000000080010c4       0xac ./Core/Src/CommandConfig.o
                0x00000000080010c4                Command_LoRaCommandResponse
 .text.Command_SPICommandResponse
                0x0000000008001170      0x214 ./Core/Src/CommandConfig.o
                0x0000000008001170                Command_SPICommandResponse
 .text.Command_MainCommandResponse
                0x0000000008001384      0x244 ./Core/Src/CommandConfig.o
                0x0000000008001384                Command_MainCommandResponse
 .text.I2CSendData
                0x00000000080015c8       0x30 ./Core/Src/LCDConfig.o
                0x00000000080015c8                I2CSendData
 .text.MainProcess
                0x00000000080015f8       0x28 ./Core/Src/MainProcess.o
                0x00000000080015f8                MainProcess
 .text.RunningSection
                0x0000000008001620       0xec ./Core/Src/MainProcess.o
 .text.InitializeSuccess
                0x000000000800170c       0x20 ./Core/Src/MainProcess.o
                0x000000000800170c                InitializeSuccess
 .text.GoToConfig
                0x000000000800172c       0x18 ./Core/Src/MainProcess.o
                0x000000000800172c                GoToConfig
 .text.GoToRun  0x0000000008001744       0x18 ./Core/Src/MainProcess.o
                0x0000000008001744                GoToRun
 .text.GetCurrentState
                0x000000000800175c       0x64 ./Core/Src/MainProcess.o
                0x000000000800175c                GetCurrentState
 .text.GetDataCallback
                0x00000000080017c0       0xc8 ./Core/Src/MainProcess.o
 .text.main     0x0000000008001888      0x120 ./Core/Src/main.o
                0x0000000008001888                main
 .text.SystemClock_Config
                0x00000000080019a8       0xb4 ./Core/Src/main.o
                0x00000000080019a8                SystemClock_Config
 .text.MX_I2C1_Init
                0x0000000008001a5c       0x5c ./Core/Src/main.o
 .text.MX_I2C2_Init
                0x0000000008001ab8       0x5c ./Core/Src/main.o
 .text.MX_SPI1_Init
                0x0000000008001b14       0x6c ./Core/Src/main.o
 .text.MX_USART1_UART_Init
                0x0000000008001b80       0x54 ./Core/Src/main.o
 .text.MX_GPIO_Init
                0x0000000008001bd4       0xfc ./Core/Src/main.o
 .text.Error_Handler
                0x0000000008001cd0        0xa ./Core/Src/main.o
                0x0000000008001cd0                Error_Handler
 *fill*         0x0000000008001cda        0x2 
 .text.HAL_MspInit
                0x0000000008001cdc       0x64 ./Core/Src/stm32f1xx_hal_msp.o
                0x0000000008001cdc                HAL_MspInit
 .text.HAL_I2C_MspInit
                0x0000000008001d40       0xd8 ./Core/Src/stm32f1xx_hal_msp.o
                0x0000000008001d40                HAL_I2C_MspInit
 .text.HAL_SPI_MspInit
                0x0000000008001e18       0x94 ./Core/Src/stm32f1xx_hal_msp.o
                0x0000000008001e18                HAL_SPI_MspInit
 .text.HAL_UART_MspInit
                0x0000000008001eac       0x98 ./Core/Src/stm32f1xx_hal_msp.o
                0x0000000008001eac                HAL_UART_MspInit
 .text.NMI_Handler
                0x0000000008001f44        0x6 ./Core/Src/stm32f1xx_it.o
                0x0000000008001f44                NMI_Handler
 .text.HardFault_Handler
                0x0000000008001f4a        0x6 ./Core/Src/stm32f1xx_it.o
                0x0000000008001f4a                HardFault_Handler
 .text.MemManage_Handler
                0x0000000008001f50        0x6 ./Core/Src/stm32f1xx_it.o
                0x0000000008001f50                MemManage_Handler
 .text.BusFault_Handler
                0x0000000008001f56        0x6 ./Core/Src/stm32f1xx_it.o
                0x0000000008001f56                BusFault_Handler
 .text.UsageFault_Handler
                0x0000000008001f5c        0x6 ./Core/Src/stm32f1xx_it.o
                0x0000000008001f5c                UsageFault_Handler
 .text.SVC_Handler
                0x0000000008001f62        0xc ./Core/Src/stm32f1xx_it.o
                0x0000000008001f62                SVC_Handler
 .text.DebugMon_Handler
                0x0000000008001f6e        0xc ./Core/Src/stm32f1xx_it.o
                0x0000000008001f6e                DebugMon_Handler
 .text.PendSV_Handler
                0x0000000008001f7a        0xc ./Core/Src/stm32f1xx_it.o
                0x0000000008001f7a                PendSV_Handler
 .text.SysTick_Handler
                0x0000000008001f86        0xc ./Core/Src/stm32f1xx_it.o
                0x0000000008001f86                SysTick_Handler
 .text.EXTI4_IRQHandler
                0x0000000008001f92        0xe ./Core/Src/stm32f1xx_it.o
                0x0000000008001f92                EXTI4_IRQHandler
 .text.USB_LP_CAN1_RX0_IRQHandler
                0x0000000008001fa0       0x14 ./Core/Src/stm32f1xx_it.o
                0x0000000008001fa0                USB_LP_CAN1_RX0_IRQHandler
 .text._getpid  0x0000000008001fb4        0xe ./Core/Src/syscalls.o
                0x0000000008001fb4                _getpid
 .text._kill    0x0000000008001fc2       0x20 ./Core/Src/syscalls.o
                0x0000000008001fc2                _kill
 .text._exit    0x0000000008001fe2       0x14 ./Core/Src/syscalls.o
                0x0000000008001fe2                _exit
 .text._read    0x0000000008001ff6       0x3a ./Core/Src/syscalls.o
                0x0000000008001ff6                _read
 .text._write   0x0000000008002030       0x38 ./Core/Src/syscalls.o
                0x0000000008002030                _write
 .text._close   0x0000000008002068       0x16 ./Core/Src/syscalls.o
                0x0000000008002068                _close
 .text._fstat   0x000000000800207e       0x1e ./Core/Src/syscalls.o
                0x000000000800207e                _fstat
 .text._isatty  0x000000000800209c       0x14 ./Core/Src/syscalls.o
                0x000000000800209c                _isatty
 .text._lseek   0x00000000080020b0       0x18 ./Core/Src/syscalls.o
                0x00000000080020b0                _lseek
 .text._sbrk    0x00000000080020c8       0x6c ./Core/Src/sysmem.o
                0x00000000080020c8                _sbrk
 .text.SystemInit
                0x0000000008002134        0xc ./Core/Src/system_stm32f1xx.o
                0x0000000008002134                SystemInit
 .text.Reset_Handler
                0x0000000008002140       0x48 ./Core/Startup/startup_stm32f103c8tx.o
                0x0000000008002140                Reset_Handler
 .text.Default_Handler
                0x0000000008002188        0x2 ./Core/Startup/startup_stm32f103c8tx.o
                0x0000000008002188                RTC_Alarm_IRQHandler
                0x0000000008002188                EXTI2_IRQHandler
                0x0000000008002188                TIM1_CC_IRQHandler
                0x0000000008002188                PVD_IRQHandler
                0x0000000008002188                EXTI3_IRQHandler
                0x0000000008002188                EXTI0_IRQHandler
                0x0000000008002188                I2C2_EV_IRQHandler
                0x0000000008002188                ADC1_2_IRQHandler
                0x0000000008002188                SPI1_IRQHandler
                0x0000000008002188                TAMPER_IRQHandler
                0x0000000008002188                DMA1_Channel4_IRQHandler
                0x0000000008002188                USART3_IRQHandler
                0x0000000008002188                RTC_IRQHandler
                0x0000000008002188                DMA1_Channel7_IRQHandler
                0x0000000008002188                CAN1_RX1_IRQHandler
                0x0000000008002188                TIM4_IRQHandler
                0x0000000008002188                I2C1_EV_IRQHandler
                0x0000000008002188                DMA1_Channel6_IRQHandler
                0x0000000008002188                TIM3_IRQHandler
                0x0000000008002188                RCC_IRQHandler
                0x0000000008002188                TIM1_TRG_COM_IRQHandler
                0x0000000008002188                DMA1_Channel1_IRQHandler
                0x0000000008002188                Default_Handler
                0x0000000008002188                EXTI15_10_IRQHandler
                0x0000000008002188                EXTI9_5_IRQHandler
                0x0000000008002188                SPI2_IRQHandler
                0x0000000008002188                DMA1_Channel5_IRQHandler
                0x0000000008002188                USB_HP_CAN1_TX_IRQHandler
                0x0000000008002188                DMA1_Channel3_IRQHandler
                0x0000000008002188                TIM1_UP_IRQHandler
                0x0000000008002188                WWDG_IRQHandler
                0x0000000008002188                TIM2_IRQHandler
                0x0000000008002188                TIM1_BRK_IRQHandler
                0x0000000008002188                EXTI1_IRQHandler
                0x0000000008002188                USART2_IRQHandler
                0x0000000008002188                I2C2_ER_IRQHandler
                0x0000000008002188                DMA1_Channel2_IRQHandler
                0x0000000008002188                CAN1_SCE_IRQHandler
                0x0000000008002188                FLASH_IRQHandler
                0x0000000008002188                USART1_IRQHandler
                0x0000000008002188                I2C1_ER_IRQHandler
                0x0000000008002188                USBWakeUp_IRQHandler
 *fill*         0x000000000800218a        0x2 
 .text.HAL_Init
                0x000000000800218c       0x2c ./Drivers/STM32F1xx_HAL_Driver/Src/stm32f1xx_hal.o
                0x000000000800218c                HAL_Init
 .text.HAL_InitTick
                0x00000000080021b8       0x60 ./Drivers/STM32F1xx_HAL_Driver/Src/stm32f1xx_hal.o
                0x00000000080021b8                HAL_InitTick
 .text.HAL_IncTick
                0x0000000008002218       0x24 ./Drivers/STM32F1xx_HAL_Driver/Src/stm32f1xx_hal.o
                0x0000000008002218                HAL_IncTick
 .text.HAL_GetTick
                0x000000000800223c       0x14 ./Drivers/STM32F1xx_HAL_Driver/Src/stm32f1xx_hal.o
                0x000000000800223c                HAL_GetTick
 .text.HAL_Delay
                0x0000000008002250       0x48 ./Drivers/STM32F1xx_HAL_Driver/Src/stm32f1xx_hal.o
                0x0000000008002250                HAL_Delay
 .text.__NVIC_SetPriorityGrouping
                0x0000000008002298       0x48 ./Drivers/STM32F1xx_HAL_Driver/Src/stm32f1xx_hal_cortex.o
 .text.__NVIC_GetPriorityGrouping
                0x00000000080022e0       0x1c ./Drivers/STM32F1xx_HAL_Driver/Src/stm32f1xx_hal_cortex.o
 .text.__NVIC_EnableIRQ
                0x00000000080022fc       0x38 ./Drivers/STM32F1xx_HAL_Driver/Src/stm32f1xx_hal_cortex.o
 .text.__NVIC_SetPriority
                0x0000000008002334       0x54 ./Drivers/STM32F1xx_HAL_Driver/Src/stm32f1xx_hal_cortex.o
 .text.NVIC_EncodePriority
                0x0000000008002388       0x64 ./Drivers/STM32F1xx_HAL_Driver/Src/stm32f1xx_hal_cortex.o
 .text.SysTick_Config
                0x00000000080023ec       0x44 ./Drivers/STM32F1xx_HAL_Driver/Src/stm32f1xx_hal_cortex.o
 .text.HAL_NVIC_SetPriorityGrouping
                0x0000000008002430       0x16 ./Drivers/STM32F1xx_HAL_Driver/Src/stm32f1xx_hal_cortex.o
                0x0000000008002430                HAL_NVIC_SetPriorityGrouping
 .text.HAL_NVIC_SetPriority
                0x0000000008002446       0x38 ./Drivers/STM32F1xx_HAL_Driver/Src/stm32f1xx_hal_cortex.o
                0x0000000008002446                HAL_NVIC_SetPriority
 .text.HAL_NVIC_EnableIRQ
                0x000000000800247e       0x1c ./Drivers/STM32F1xx_HAL_Driver/Src/stm32f1xx_hal_cortex.o
                0x000000000800247e                HAL_NVIC_EnableIRQ
 .text.HAL_SYSTICK_Config
                0x000000000800249a       0x18 ./Drivers/STM32F1xx_HAL_Driver/Src/stm32f1xx_hal_cortex.o
                0x000000000800249a                HAL_SYSTICK_Config
 *fill*         0x00000000080024b2        0x2 
 .text.HAL_GPIO_Init
                0x00000000080024b4      0x308 ./Drivers/STM32F1xx_HAL_Driver/Src/stm32f1xx_hal_gpio.o
                0x00000000080024b4                HAL_GPIO_Init
 .text.HAL_GPIO_WritePin
                0x00000000080027bc       0x30 ./Drivers/STM32F1xx_HAL_Driver/Src/stm32f1xx_hal_gpio.o
                0x00000000080027bc                HAL_GPIO_WritePin
 .text.HAL_GPIO_EXTI_IRQHandler
                0x00000000080027ec       0x30 ./Drivers/STM32F1xx_HAL_Driver/Src/stm32f1xx_hal_gpio.o
                0x00000000080027ec                HAL_GPIO_EXTI_IRQHandler
 .text.HAL_GPIO_EXTI_Callback
                0x000000000800281c       0x14 ./Drivers/STM32F1xx_HAL_Driver/Src/stm32f1xx_hal_gpio.o
                0x000000000800281c                HAL_GPIO_EXTI_Callback
 .text.HAL_I2C_Init
                0x0000000008002830      0x288 ./Drivers/STM32F1xx_HAL_Driver/Src/stm32f1xx_hal_i2c.o
                0x0000000008002830                HAL_I2C_Init
 .text.HAL_I2C_Master_Transmit
                0x0000000008002ab8      0x1fc ./Drivers/STM32F1xx_HAL_Driver/Src/stm32f1xx_hal_i2c.o
                0x0000000008002ab8                HAL_I2C_Master_Transmit
 .text.HAL_I2C_Master_Receive
                0x0000000008002cb4      0x4d8 ./Drivers/STM32F1xx_HAL_Driver/Src/stm32f1xx_hal_i2c.o
                0x0000000008002cb4                HAL_I2C_Master_Receive
 .text.HAL_I2C_GetState
                0x000000000800318c       0x1a ./Drivers/STM32F1xx_HAL_Driver/Src/stm32f1xx_hal_i2c.o
                0x000000000800318c                HAL_I2C_GetState
 .text.HAL_I2C_GetError
                0x00000000080031a6       0x16 ./Drivers/STM32F1xx_HAL_Driver/Src/stm32f1xx_hal_i2c.o
                0x00000000080031a6                HAL_I2C_GetError
 .text.I2C_MasterRequestWrite
                0x00000000080031bc      0x104 ./Drivers/STM32F1xx_HAL_Driver/Src/stm32f1xx_hal_i2c.o
 .text.I2C_MasterRequestRead
                0x00000000080032c0      0x19c ./Drivers/STM32F1xx_HAL_Driver/Src/stm32f1xx_hal_i2c.o
 .text.I2C_WaitOnFlagUntilTimeout
                0x000000000800345c       0xf4 ./Drivers/STM32F1xx_HAL_Driver/Src/stm32f1xx_hal_i2c.o
 .text.I2C_WaitOnMasterAddressFlagUntilTimeout
                0x0000000008003550      0x140 ./Drivers/STM32F1xx_HAL_Driver/Src/stm32f1xx_hal_i2c.o
 .text.I2C_WaitOnTXEFlagUntilTimeout
                0x0000000008003690       0x90 ./Drivers/STM32F1xx_HAL_Driver/Src/stm32f1xx_hal_i2c.o
 .text.I2C_WaitOnBTFFlagUntilTimeout
                0x0000000008003720       0x90 ./Drivers/STM32F1xx_HAL_Driver/Src/stm32f1xx_hal_i2c.o
 .text.I2C_WaitOnRXNEFlagUntilTimeout
                0x00000000080037b0       0xba ./Drivers/STM32F1xx_HAL_Driver/Src/stm32f1xx_hal_i2c.o
 .text.I2C_IsAcknowledgeFailed
                0x000000000800386a       0x5c ./Drivers/STM32F1xx_HAL_Driver/Src/stm32f1xx_hal_i2c.o
 .text.HAL_PCD_Init
                0x00000000080038c6      0x1fe ./Drivers/STM32F1xx_HAL_Driver/Src/stm32f1xx_hal_pcd.o
                0x00000000080038c6                HAL_PCD_Init
 .text.HAL_PCD_Start
                0x0000000008003ac4       0x4c ./Drivers/STM32F1xx_HAL_Driver/Src/stm32f1xx_hal_pcd.o
                0x0000000008003ac4                HAL_PCD_Start
 .text.HAL_PCD_IRQHandler
                0x0000000008003b10      0x260 ./Drivers/STM32F1xx_HAL_Driver/Src/stm32f1xx_hal_pcd.o
                0x0000000008003b10                HAL_PCD_IRQHandler
 .text.HAL_PCD_SetAddress
                0x0000000008003d70       0x4a ./Drivers/STM32F1xx_HAL_Driver/Src/stm32f1xx_hal_pcd.o
                0x0000000008003d70                HAL_PCD_SetAddress
 .text.HAL_PCD_EP_Open
                0x0000000008003dba       0xba ./Drivers/STM32F1xx_HAL_Driver/Src/stm32f1xx_hal_pcd.o
                0x0000000008003dba                HAL_PCD_EP_Open
 .text.HAL_PCD_EP_Close
                0x0000000008003e74       0x90 ./Drivers/STM32F1xx_HAL_Driver/Src/stm32f1xx_hal_pcd.o
                0x0000000008003e74                HAL_PCD_EP_Close
 .text.HAL_PCD_EP_Receive
                0x0000000008003f04       0x62 ./Drivers/STM32F1xx_HAL_Driver/Src/stm32f1xx_hal_pcd.o
                0x0000000008003f04                HAL_PCD_EP_Receive
 .text.HAL_PCD_EP_GetRxCount
                0x0000000008003f66       0x2e ./Drivers/STM32F1xx_HAL_Driver/Src/stm32f1xx_hal_pcd.o
                0x0000000008003f66                HAL_PCD_EP_GetRxCount
 .text.HAL_PCD_EP_Transmit
                0x0000000008003f94       0x6e ./Drivers/STM32F1xx_HAL_Driver/Src/stm32f1xx_hal_pcd.o
                0x0000000008003f94                HAL_PCD_EP_Transmit
 .text.HAL_PCD_EP_SetStall
                0x0000000008004002       0xc0 ./Drivers/STM32F1xx_HAL_Driver/Src/stm32f1xx_hal_pcd.o
                0x0000000008004002                HAL_PCD_EP_SetStall
 .text.HAL_PCD_EP_ClrStall
                0x00000000080040c2       0xa8 ./Drivers/STM32F1xx_HAL_Driver/Src/stm32f1xx_hal_pcd.o
                0x00000000080040c2                HAL_PCD_EP_ClrStall
 .text.PCD_EP_ISR_Handler
                0x000000000800416a      0x7a6 ./Drivers/STM32F1xx_HAL_Driver/Src/stm32f1xx_hal_pcd.o
 .text.HAL_PCD_EP_DB_Receive
                0x0000000008004910      0x21a ./Drivers/STM32F1xx_HAL_Driver/Src/stm32f1xx_hal_pcd.o
 .text.HAL_PCD_EP_DB_Transmit
                0x0000000008004b2a      0x7f4 ./Drivers/STM32F1xx_HAL_Driver/Src/stm32f1xx_hal_pcd.o
 .text.HAL_PCDEx_PMAConfig
                0x000000000800531e       0x84 ./Drivers/STM32F1xx_HAL_Driver/Src/stm32f1xx_hal_pcd_ex.o
                0x000000000800531e                HAL_PCDEx_PMAConfig
 *fill*         0x00000000080053a2        0x2 
 .text.HAL_RCC_OscConfig
                0x00000000080053a4      0x504 ./Drivers/STM32F1xx_HAL_Driver/Src/stm32f1xx_hal_rcc.o
                0x00000000080053a4                HAL_RCC_OscConfig
 .text.HAL_RCC_ClockConfig
                0x00000000080058a8      0x1d4 ./Drivers/STM32F1xx_HAL_Driver/Src/stm32f1xx_hal_rcc.o
                0x00000000080058a8                HAL_RCC_ClockConfig
 .text.HAL_RCC_GetSysClockFreq
                0x0000000008005a7c       0xa8 ./Drivers/STM32F1xx_HAL_Driver/Src/stm32f1xx_hal_rcc.o
                0x0000000008005a7c                HAL_RCC_GetSysClockFreq
 .text.HAL_RCC_GetHCLKFreq
                0x0000000008005b24       0x14 ./Drivers/STM32F1xx_HAL_Driver/Src/stm32f1xx_hal_rcc.o
                0x0000000008005b24                HAL_RCC_GetHCLKFreq
 .text.HAL_RCC_GetPCLK1Freq
                0x0000000008005b38       0x28 ./Drivers/STM32F1xx_HAL_Driver/Src/stm32f1xx_hal_rcc.o
                0x0000000008005b38                HAL_RCC_GetPCLK1Freq
 .text.HAL_RCC_GetPCLK2Freq
                0x0000000008005b60       0x28 ./Drivers/STM32F1xx_HAL_Driver/Src/stm32f1xx_hal_rcc.o
                0x0000000008005b60                HAL_RCC_GetPCLK2Freq
 .text.RCC_Delay
                0x0000000008005b88       0x3c ./Drivers/STM32F1xx_HAL_Driver/Src/stm32f1xx_hal_rcc.o
 .text.HAL_RCCEx_PeriphCLKConfig
                0x0000000008005bc4      0x16c ./Drivers/STM32F1xx_HAL_Driver/Src/stm32f1xx_hal_rcc_ex.o
                0x0000000008005bc4                HAL_RCCEx_PeriphCLKConfig
 .text.HAL_SPI_Init
                0x0000000008005d30      0x108 ./Drivers/STM32F1xx_HAL_Driver/Src/stm32f1xx_hal_spi.o
                0x0000000008005d30                HAL_SPI_Init
 .text.HAL_SPI_Transmit
                0x0000000008005e38      0x286 ./Drivers/STM32F1xx_HAL_Driver/Src/stm32f1xx_hal_spi.o
                0x0000000008005e38                HAL_SPI_Transmit
 .text.HAL_SPI_TransmitReceive
                0x00000000080060be      0x360 ./Drivers/STM32F1xx_HAL_Driver/Src/stm32f1xx_hal_spi.o
                0x00000000080060be                HAL_SPI_TransmitReceive
 .text.HAL_SPI_GetState
                0x000000000800641e       0x1a ./Drivers/STM32F1xx_HAL_Driver/Src/stm32f1xx_hal_spi.o
                0x000000000800641e                HAL_SPI_GetState
 .text.SPI_WaitFlagStateUntilTimeout
                0x0000000008006438      0x110 ./Drivers/STM32F1xx_HAL_Driver/Src/stm32f1xx_hal_spi.o
 .text.SPI_EndRxTxTransaction
                0x0000000008006548       0x3c ./Drivers/STM32F1xx_HAL_Driver/Src/stm32f1xx_hal_spi.o
 .text.HAL_UART_Init
                0x0000000008006584       0xa0 ./Drivers/STM32F1xx_HAL_Driver/Src/stm32f1xx_hal_uart.o
                0x0000000008006584                HAL_UART_Init
 .text.HAL_UART_Transmit
                0x0000000008006624      0x106 ./Drivers/STM32F1xx_HAL_Driver/Src/stm32f1xx_hal_uart.o
                0x0000000008006624                HAL_UART_Transmit
 .text.UART_WaitOnFlagUntilTimeout
                0x000000000800672a       0xdc ./Drivers/STM32F1xx_HAL_Driver/Src/stm32f1xx_hal_uart.o
 *fill*         0x0000000008006806        0x2 
 .text.UART_SetConfig
                0x0000000008006808      0x11c ./Drivers/STM32F1xx_HAL_Driver/Src/stm32f1xx_hal_uart.o
 .text.USB_CoreInit
                0x0000000008006924       0x20 ./Drivers/STM32F1xx_HAL_Driver/Src/stm32f1xx_ll_usb.o
                0x0000000008006924                USB_CoreInit
 .text.USB_EnableGlobalInt
                0x0000000008006944       0x2c ./Drivers/STM32F1xx_HAL_Driver/Src/stm32f1xx_ll_usb.o
                0x0000000008006944                USB_EnableGlobalInt
 .text.USB_DisableGlobalInt
                0x0000000008006970       0x34 ./Drivers/STM32F1xx_HAL_Driver/Src/stm32f1xx_ll_usb.o
                0x0000000008006970                USB_DisableGlobalInt
 .text.USB_SetCurrentMode
                0x00000000080069a4       0x18 ./Drivers/STM32F1xx_HAL_Driver/Src/stm32f1xx_ll_usb.o
                0x00000000080069a4                USB_SetCurrentMode
 .text.USB_DevInit
                0x00000000080069bc       0x40 ./Drivers/STM32F1xx_HAL_Driver/Src/stm32f1xx_ll_usb.o
                0x00000000080069bc                USB_DevInit
 .text.USB_ActivateEndpoint
                0x00000000080069fc      0x780 ./Drivers/STM32F1xx_HAL_Driver/Src/stm32f1xx_ll_usb.o
                0x00000000080069fc                USB_ActivateEndpoint
 .text.USB_DeactivateEndpoint
                0x000000000800717c      0x3d8 ./Drivers/STM32F1xx_HAL_Driver/Src/stm32f1xx_ll_usb.o
                0x000000000800717c                USB_DeactivateEndpoint
 .text.USB_EPStartXfer
                0x0000000008007554     0x1762 ./Drivers/STM32F1xx_HAL_Driver/Src/stm32f1xx_ll_usb.o
                0x0000000008007554                USB_EPStartXfer
 .text.USB_EPSetStall
                0x0000000008008cb6       0xa0 ./Drivers/STM32F1xx_HAL_Driver/Src/stm32f1xx_ll_usb.o
                0x0000000008008cb6                USB_EPSetStall
 .text.USB_EPClearStall
                0x0000000008008d56      0x15a ./Drivers/STM32F1xx_HAL_Driver/Src/stm32f1xx_ll_usb.o
                0x0000000008008d56                USB_EPClearStall
 .text.USB_SetDevAddress
                0x0000000008008eb0       0x26 ./Drivers/STM32F1xx_HAL_Driver/Src/stm32f1xx_ll_usb.o
                0x0000000008008eb0                USB_SetDevAddress
 .text.USB_DevConnect
                0x0000000008008ed6       0x14 ./Drivers/STM32F1xx_HAL_Driver/Src/stm32f1xx_ll_usb.o
                0x0000000008008ed6                USB_DevConnect
 .text.USB_DevDisconnect
                0x0000000008008eea       0x14 ./Drivers/STM32F1xx_HAL_Driver/Src/stm32f1xx_ll_usb.o
                0x0000000008008eea                USB_DevDisconnect
 .text.USB_ReadInterrupts
                0x0000000008008efe       0x1e ./Drivers/STM32F1xx_HAL_Driver/Src/stm32f1xx_ll_usb.o
                0x0000000008008efe                USB_ReadInterrupts
 .text.USB_EP0_OutStart
                0x0000000008008f1c       0x16 ./Drivers/STM32F1xx_HAL_Driver/Src/stm32f1xx_ll_usb.o
                0x0000000008008f1c                USB_EP0_OutStart
 .text.USB_WritePMA
                0x0000000008008f32       0x8a ./Drivers/STM32F1xx_HAL_Driver/Src/stm32f1xx_ll_usb.o
                0x0000000008008f32                USB_WritePMA
 .text.USB_ReadPMA
                0x0000000008008fbc       0x9e ./Drivers/STM32F1xx_HAL_Driver/Src/stm32f1xx_ll_usb.o
                0x0000000008008fbc                USB_ReadPMA
 .text.DefaultFreeElementCallback
                0x000000000800905a       0x12 ./HashMap/HashMap.o
 .text.HashMap_Init
                0x000000000800906c       0x30 ./HashMap/HashMap.o
                0x000000000800906c                HashMap_Init
 .text.HashMap_Set
                0x000000000800909c       0x80 ./HashMap/HashMap.o
                0x000000000800909c                HashMap_Set
 .text.HashMap_Get
                0x000000000800911c       0x40 ./HashMap/HashMap.o
                0x000000000800911c                HashMap_Get
 .text.HashMap_Contains
                0x000000000800915c       0x3e ./HashMap/HashMap.o
                0x000000000800915c                HashMap_Contains
 .text.HashMap_SetFreeElementCallback
                0x000000000800919a       0x1a ./HashMap/HashMap.o
                0x000000000800919a                HashMap_SetFreeElementCallback
 .text.LCD_Init
                0x00000000080091b4       0x40 ./LCD/LCD.o
                0x00000000080091b4                LCD_Init
 .text.LCD_SetSendI2CData
                0x00000000080091f4       0x2c ./LCD/LCD.o
                0x00000000080091f4                LCD_SetSendI2CData
 .text.EmptyTransmitFunction
                0x0000000008009220       0x16 ./LCD/LCD.o
 *fill*         0x0000000008009236        0x2 
 .text.LCD_SetAddress
                0x0000000008009238       0x2c ./LCD/LCD.o
                0x0000000008009238                LCD_SetAddress
 .text.LCD_GetAddress
                0x0000000008009264       0x24 ./LCD/LCD.o
                0x0000000008009264                LCD_GetAddress
 .text.LCD_SendCommand
                0x0000000008009288       0x68 ./LCD/LCD.o
                0x0000000008009288                LCD_SendCommand
 .text.LCD_SendData
                0x00000000080092f0       0x68 ./LCD/LCD.o
                0x00000000080092f0                LCD_SendData
 .text.LCD_SendString
                0x0000000008009358       0x2a ./LCD/LCD.o
                0x0000000008009358                LCD_SendString
 *fill*         0x0000000008009382        0x2 
 .text.LCD_SetCursor
                0x0000000008009384       0x50 ./LCD/LCD.o
                0x0000000008009384                LCD_SetCursor
 .text.LCD_Clear
                0x00000000080093d4       0x44 ./LCD/LCD.o
                0x00000000080093d4                LCD_Clear
 .text.LCD_GlobalOff
                0x0000000008009418       0x18 ./LCD/LCD.o
                0x0000000008009418                LCD_GlobalOff
 .text.LinkList_Init
                0x0000000008009430       0x38 ./LinkList/LinkList.o
                0x0000000008009430                LinkList_Init
 .text.LinkList_Release
                0x0000000008009468       0x3c ./LinkList/LinkList.o
                0x0000000008009468                LinkList_Release
 .text.LinkList_GetSize
                0x00000000080094a4       0x16 ./LinkList/LinkList.o
                0x00000000080094a4                LinkList_GetSize
 .text.LinkList_Append
                0x00000000080094ba       0x58 ./LinkList/LinkList.o
                0x00000000080094ba                LinkList_Append
 .text.LinkList_Get
                0x0000000008009512       0x44 ./LinkList/LinkList.o
                0x0000000008009512                LinkList_Get
 .text.LinkList_SetFreeElement
                0x0000000008009556       0x1a ./LinkList/LinkList.o
                0x0000000008009556                LinkList_SetFreeElement
 .text.EmptyFreeElement
                0x0000000008009570       0x12 ./LinkList/LinkList.o
 *fill*         0x0000000008009582        0x2 
 .text.LoRa_Init
                0x0000000008009584       0x3c ./LoRa/Src/LoRa.o
                0x0000000008009584                LoRa_Init
 .text.LoRa_Send
                0x00000000080095c0       0x28 ./LoRa/Src/LoRa.o
                0x00000000080095c0                LoRa_Send
 .text.USBD_CDC_Init
                0x00000000080095e8       0xf4 ./Middlewares/ST/STM32_USB_Device_Library/Class/CDC/Src/usbd_cdc.o
 .text.USBD_CDC_DeInit
                0x00000000080096dc       0x6e ./Middlewares/ST/STM32_USB_Device_Library/Class/CDC/Src/usbd_cdc.o
 .text.USBD_CDC_Setup
                0x000000000800974a      0x146 ./Middlewares/ST/STM32_USB_Device_Library/Class/CDC/Src/usbd_cdc.o
 .text.USBD_CDC_DataIn
                0x0000000008009890       0xa6 ./Middlewares/ST/STM32_USB_Device_Library/Class/CDC/Src/usbd_cdc.o
 .text.USBD_CDC_DataOut
                0x0000000008009936       0x56 ./Middlewares/ST/STM32_USB_Device_Library/Class/CDC/Src/usbd_cdc.o
 .text.USBD_CDC_EP0_RxReady
                0x000000000800998c       0x50 ./Middlewares/ST/STM32_USB_Device_Library/Class/CDC/Src/usbd_cdc.o
 .text.USBD_CDC_GetFSCfgDesc
                0x00000000080099dc       0x20 ./Middlewares/ST/STM32_USB_Device_Library/Class/CDC/Src/usbd_cdc.o
 .text.USBD_CDC_GetHSCfgDesc
                0x00000000080099fc       0x20 ./Middlewares/ST/STM32_USB_Device_Library/Class/CDC/Src/usbd_cdc.o
 .text.USBD_CDC_GetOtherSpeedCfgDesc
                0x0000000008009a1c       0x20 ./Middlewares/ST/STM32_USB_Device_Library/Class/CDC/Src/usbd_cdc.o
 .text.USBD_CDC_GetDeviceQualifierDescriptor
                0x0000000008009a3c       0x20 ./Middlewares/ST/STM32_USB_Device_Library/Class/CDC/Src/usbd_cdc.o
                0x0000000008009a3c                USBD_CDC_GetDeviceQualifierDescriptor
 .text.USBD_CDC_RegisterInterface
                0x0000000008009a5c       0x2c ./Middlewares/ST/STM32_USB_Device_Library/Class/CDC/Src/usbd_cdc.o
                0x0000000008009a5c                USBD_CDC_RegisterInterface
 .text.USBD_CDC_SetTxBuffer
                0x0000000008009a88       0x32 ./Middlewares/ST/STM32_USB_Device_Library/Class/CDC/Src/usbd_cdc.o
                0x0000000008009a88                USBD_CDC_SetTxBuffer
 .text.USBD_CDC_SetRxBuffer
                0x0000000008009aba       0x26 ./Middlewares/ST/STM32_USB_Device_Library/Class/CDC/Src/usbd_cdc.o
                0x0000000008009aba                USBD_CDC_SetRxBuffer
 .text.USBD_CDC_TransmitPacket
                0x0000000008009ae0       0x5e ./Middlewares/ST/STM32_USB_Device_Library/Class/CDC/Src/usbd_cdc.o
                0x0000000008009ae0                USBD_CDC_TransmitPacket
 .text.USBD_CDC_ReceivePacket
                0x0000000008009b3e       0x54 ./Middlewares/ST/STM32_USB_Device_Library/Class/CDC/Src/usbd_cdc.o
                0x0000000008009b3e                USBD_CDC_ReceivePacket
 .text.USBD_Init
                0x0000000008009b92       0x56 ./Middlewares/ST/STM32_USB_Device_Library/Core/Src/usbd_core.o
                0x0000000008009b92                USBD_Init
 .text.USBD_RegisterClass
                0x0000000008009be8       0x32 ./Middlewares/ST/STM32_USB_Device_Library/Core/Src/usbd_core.o
                0x0000000008009be8                USBD_RegisterClass
 .text.USBD_Start
                0x0000000008009c1a       0x18 ./Middlewares/ST/STM32_USB_Device_Library/Core/Src/usbd_core.o
                0x0000000008009c1a                USBD_Start
 .text.USBD_RunTestMode
                0x0000000008009c32       0x14 ./Middlewares/ST/STM32_USB_Device_Library/Core/Src/usbd_core.o
                0x0000000008009c32                USBD_RunTestMode
 .text.USBD_SetClassConfig
                0x0000000008009c46       0x3e ./Middlewares/ST/STM32_USB_Device_Library/Core/Src/usbd_core.o
                0x0000000008009c46                USBD_SetClassConfig
 .text.USBD_ClrClassConfig
                0x0000000008009c84       0x26 ./Middlewares/ST/STM32_USB_Device_Library/Core/Src/usbd_core.o
                0x0000000008009c84                USBD_ClrClassConfig
 .text.USBD_LL_SetupStage
                0x0000000008009caa       0x9a ./Middlewares/ST/STM32_USB_Device_Library/Core/Src/usbd_core.o
                0x0000000008009caa                USBD_LL_SetupStage
 .text.USBD_LL_DataOutStage
                0x0000000008009d44       0xe2 ./Middlewares/ST/STM32_USB_Device_Library/Core/Src/usbd_core.o
                0x0000000008009d44                USBD_LL_DataOutStage
 .text.USBD_LL_DataInStage
                0x0000000008009e26      0x14a ./Middlewares/ST/STM32_USB_Device_Library/Core/Src/usbd_core.o
                0x0000000008009e26                USBD_LL_DataInStage
 .text.USBD_LL_Reset
                0x0000000008009f70       0x82 ./Middlewares/ST/STM32_USB_Device_Library/Core/Src/usbd_core.o
                0x0000000008009f70                USBD_LL_Reset
 .text.USBD_LL_SetSpeed
                0x0000000008009ff2       0x1e ./Middlewares/ST/STM32_USB_Device_Library/Core/Src/usbd_core.o
                0x0000000008009ff2                USBD_LL_SetSpeed
 .text.USBD_LL_Suspend
                0x000000000800a010       0x28 ./Middlewares/ST/STM32_USB_Device_Library/Core/Src/usbd_core.o
                0x000000000800a010                USBD_LL_Suspend
 .text.USBD_LL_Resume
                0x000000000800a038       0x2a ./Middlewares/ST/STM32_USB_Device_Library/Core/Src/usbd_core.o
                0x000000000800a038                USBD_LL_Resume
 .text.USBD_LL_SOF
                0x000000000800a062       0x34 ./Middlewares/ST/STM32_USB_Device_Library/Core/Src/usbd_core.o
                0x000000000800a062                USBD_LL_SOF
 *fill*         0x000000000800a096        0x2 
 .text.USBD_StdDevReq
                0x000000000800a098       0xd4 ./Middlewares/ST/STM32_USB_Device_Library/Core/Src/usbd_ctlreq.o
                0x000000000800a098                USBD_StdDevReq
 .text.USBD_StdItfReq
                0x000000000800a16c       0x90 ./Middlewares/ST/STM32_USB_Device_Library/Core/Src/usbd_ctlreq.o
                0x000000000800a16c                USBD_StdItfReq
 .text.USBD_StdEPReq
                0x000000000800a1fc      0x2c6 ./Middlewares/ST/STM32_USB_Device_Library/Core/Src/usbd_ctlreq.o
                0x000000000800a1fc                USBD_StdEPReq
 *fill*         0x000000000800a4c2        0x2 
 .text.USBD_GetDescriptor
                0x000000000800a4c4      0x2d0 ./Middlewares/ST/STM32_USB_Device_Library/Core/Src/usbd_ctlreq.o
 .text.USBD_SetAddress
                0x000000000800a794       0x86 ./Middlewares/ST/STM32_USB_Device_Library/Core/Src/usbd_ctlreq.o
 *fill*         0x000000000800a81a        0x2 
 .text.USBD_SetConfig
                0x000000000800a81c      0x11c ./Middlewares/ST/STM32_USB_Device_Library/Core/Src/usbd_ctlreq.o
 .text.USBD_GetConfig
                0x000000000800a938       0x6a ./Middlewares/ST/STM32_USB_Device_Library/Core/Src/usbd_ctlreq.o
 .text.USBD_GetStatus
                0x000000000800a9a2       0x66 ./Middlewares/ST/STM32_USB_Device_Library/Core/Src/usbd_ctlreq.o
 .text.USBD_SetFeature
                0x000000000800aa08       0x28 ./Middlewares/ST/STM32_USB_Device_Library/Core/Src/usbd_ctlreq.o
 .text.USBD_ClrFeature
                0x000000000800aa30       0x42 ./Middlewares/ST/STM32_USB_Device_Library/Core/Src/usbd_ctlreq.o
 .text.USBD_ParseSetupRequest
                0x000000000800aa72       0x78 ./Middlewares/ST/STM32_USB_Device_Library/Core/Src/usbd_ctlreq.o
                0x000000000800aa72                USBD_ParseSetupRequest
 .text.USBD_CtlError
                0x000000000800aaea       0x22 ./Middlewares/ST/STM32_USB_Device_Library/Core/Src/usbd_ctlreq.o
                0x000000000800aaea                USBD_CtlError
 .text.USBD_GetString
                0x000000000800ab0c       0x84 ./Middlewares/ST/STM32_USB_Device_Library/Core/Src/usbd_ctlreq.o
                0x000000000800ab0c                USBD_GetString
 .text.USBD_GetLen
                0x000000000800ab90       0x2e ./Middlewares/ST/STM32_USB_Device_Library/Core/Src/usbd_ctlreq.o
 .text.USBD_CtlSendData
                0x000000000800abbe       0x38 ./Middlewares/ST/STM32_USB_Device_Library/Core/Src/usbd_ioreq.o
                0x000000000800abbe                USBD_CtlSendData
 .text.USBD_CtlContinueSendData
                0x000000000800abf6       0x24 ./Middlewares/ST/STM32_USB_Device_Library/Core/Src/usbd_ioreq.o
                0x000000000800abf6                USBD_CtlContinueSendData
 .text.USBD_CtlPrepareRx
                0x000000000800ac1a       0x3c ./Middlewares/ST/STM32_USB_Device_Library/Core/Src/usbd_ioreq.o
                0x000000000800ac1a                USBD_CtlPrepareRx
 .text.USBD_CtlContinueRx
                0x000000000800ac56       0x24 ./Middlewares/ST/STM32_USB_Device_Library/Core/Src/usbd_ioreq.o
                0x000000000800ac56                USBD_CtlContinueRx
 .text.USBD_CtlSendStatus
                0x000000000800ac7a       0x26 ./Middlewares/ST/STM32_USB_Device_Library/Core/Src/usbd_ioreq.o
                0x000000000800ac7a                USBD_CtlSendStatus
 .text.USBD_CtlReceiveStatus
                0x000000000800aca0       0x26 ./Middlewares/ST/STM32_USB_Device_Library/Core/Src/usbd_ioreq.o
                0x000000000800aca0                USBD_CtlReceiveStatus
 *fill*         0x000000000800acc6        0x2 
 .text.Queue_Init
                0x000000000800acc8       0x38 ./Queue/Queue.o
                0x000000000800acc8                Queue_Init
 .text.Queue_SetFreeElement
                0x000000000800ad00       0x1a ./Queue/Queue.o
                0x000000000800ad00                Queue_SetFreeElement
 .text.Queue_IsEmpty
                0x000000000800ad1a       0x20 ./Queue/Queue.o
                0x000000000800ad1a                Queue_IsEmpty
 .text.Queue_EnQueue
                0x000000000800ad3a       0x52 ./Queue/Queue.o
                0x000000000800ad3a                Queue_EnQueue
 .text.Queue_DeQueue
                0x000000000800ad8c       0x52 ./Queue/Queue.o
                0x000000000800ad8c                Queue_DeQueue
 .text.EmptyFreeNodeFunction
                0x000000000800adde       0x12 ./Queue/Queue.o
 .text.NodeFreeElement
                0x000000000800adf0       0x1a ./Sensors/Sensors.o
 *fill*         0x000000000800ae0a        0x2 
 .text.Sensors_Init
                0x000000000800ae0c       0x28 ./Sensors/Sensors.o
                0x000000000800ae0c                Sensors_Init
 .text.Sensors_AddSensors
                0x000000000800ae34       0x4c ./Sensors/Sensors.o
                0x000000000800ae34                Sensors_AddSensors
 .text.Sensors_Length
                0x000000000800ae80       0x18 ./Sensors/Sensors.o
                0x000000000800ae80                Sensors_Length
 .text.Sensors_ForEach
                0x000000000800ae98       0x50 ./Sensors/Sensors.o
                0x000000000800ae98                Sensors_ForEach
 .text.Sensors_Clear
                0x000000000800aee8       0x20 ./Sensors/Sensors.o
                0x000000000800aee8                Sensors_Clear
 .text.Sensors_GetSensor
                0x000000000800af08       0x28 ./Sensors/Sensors.o
                0x000000000800af08                Sensors_GetSensor
 .text.Sensors_ToString
                0x000000000800af30       0x44 ./Sensors/Sensors.o
                0x000000000800af30                Sensors_ToString
 .text.Sensors_GetData
                0x000000000800af74       0x70 ./Sensors/Sensors.o
                0x000000000800af74                Sensors_GetData
 .text.SplitString
                0x000000000800afe4       0xb0 ./StringUtils/StringUtils.o
                0x000000000800afe4                SplitString
 .text.Free2DArray
                0x000000000800b094       0x3c ./StringUtils/StringUtils.o
                0x000000000800b094                Free2DArray
 .text.FormatString
                0x000000000800b0d0       0x2c ./StringUtils/StringUtils.o
                0x000000000800b0d0                FormatString
 .text.ConvertHexStringToHex
                0x000000000800b0fc       0x1e ./StringUtils/StringUtils.o
                0x000000000800b0fc                ConvertHexStringToHex
 *fill*         0x000000000800b11a        0x2 
 .text.ConvertHexToString
                0x000000000800b11c       0x34 ./StringUtils/StringUtils.o
                0x000000000800b11c                ConvertHexToString
 .text.MX_USB_DEVICE_Init
                0x000000000800b150       0x60 ./USB_DEVICE/App/usb_device.o
                0x000000000800b150                MX_USB_DEVICE_Init
 .text.CDC_Init_FS
                0x000000000800b1b0       0x28 ./USB_DEVICE/App/usbd_cdc_if.o
 .text.CDC_DeInit_FS
                0x000000000800b1d8        0xe ./USB_DEVICE/App/usbd_cdc_if.o
 *fill*         0x000000000800b1e6        0x2 
 .text.CDC_Control_FS
                0x000000000800b1e8       0xbc ./USB_DEVICE/App/usbd_cdc_if.o
 .text.CDC_Receive_FS
                0x000000000800b2a4       0x48 ./USB_DEVICE/App/usbd_cdc_if.o
 .text.CDC_Transmit_FS
                0x000000000800b2ec       0x4c ./USB_DEVICE/App/usbd_cdc_if.o
                0x000000000800b2ec                CDC_Transmit_FS
 .text.USBD_FS_DeviceDescriptor
                0x000000000800b338       0x24 ./USB_DEVICE/App/usbd_desc.o
                0x000000000800b338                USBD_FS_DeviceDescriptor
 .text.USBD_FS_LangIDStrDescriptor
                0x000000000800b35c       0x24 ./USB_DEVICE/App/usbd_desc.o
                0x000000000800b35c                USBD_FS_LangIDStrDescriptor
 .text.USBD_FS_ProductStrDescriptor
                0x000000000800b380       0x3c ./USB_DEVICE/App/usbd_desc.o
                0x000000000800b380                USBD_FS_ProductStrDescriptor
 .text.USBD_FS_ManufacturerStrDescriptor
                0x000000000800b3bc       0x28 ./USB_DEVICE/App/usbd_desc.o
                0x000000000800b3bc                USBD_FS_ManufacturerStrDescriptor
 .text.USBD_FS_SerialStrDescriptor
                0x000000000800b3e4       0x24 ./USB_DEVICE/App/usbd_desc.o
                0x000000000800b3e4                USBD_FS_SerialStrDescriptor
 .text.USBD_FS_ConfigStrDescriptor
                0x000000000800b408       0x3c ./USB_DEVICE/App/usbd_desc.o
                0x000000000800b408                USBD_FS_ConfigStrDescriptor
 .text.USBD_FS_InterfaceStrDescriptor
                0x000000000800b444       0x3c ./USB_DEVICE/App/usbd_desc.o
                0x000000000800b444                USBD_FS_InterfaceStrDescriptor
 .text.Get_SerialNum
                0x000000000800b480       0x58 ./USB_DEVICE/App/usbd_desc.o
 .text.IntToUnicode
                0x000000000800b4d8       0x7c ./USB_DEVICE/App/usbd_desc.o
 .text.HAL_PCD_MspInit
                0x000000000800b554       0x4c ./USB_DEVICE/Target/usbd_conf.o
                0x000000000800b554                HAL_PCD_MspInit
 .text.HAL_PCD_SetupStageCallback
                0x000000000800b5a0       0x24 ./USB_DEVICE/Target/usbd_conf.o
                0x000000000800b5a0                HAL_PCD_SetupStageCallback
 .text.HAL_PCD_DataOutStageCallback
                0x000000000800b5c4       0x36 ./USB_DEVICE/Target/usbd_conf.o
                0x000000000800b5c4                HAL_PCD_DataOutStageCallback
 .text.HAL_PCD_DataInStageCallback
                0x000000000800b5fa       0x34 ./USB_DEVICE/Target/usbd_conf.o
                0x000000000800b5fa                HAL_PCD_DataInStageCallback
 .text.HAL_PCD_SOFCallback
                0x000000000800b62e       0x1c ./USB_DEVICE/Target/usbd_conf.o
                0x000000000800b62e                HAL_PCD_SOFCallback
 .text.HAL_PCD_ResetCallback
                0x000000000800b64a       0x3c ./USB_DEVICE/Target/usbd_conf.o
                0x000000000800b64a                HAL_PCD_ResetCallback
 *fill*         0x000000000800b686        0x2 
 .text.HAL_PCD_SuspendCallback
                0x000000000800b688       0x34 ./USB_DEVICE/Target/usbd_conf.o
                0x000000000800b688                HAL_PCD_SuspendCallback
 .text.HAL_PCD_ResumeCallback
                0x000000000800b6bc       0x1c ./USB_DEVICE/Target/usbd_conf.o
                0x000000000800b6bc                HAL_PCD_ResumeCallback
 .text.USBD_LL_Init
                0x000000000800b6d8       0xb4 ./USB_DEVICE/Target/usbd_conf.o
                0x000000000800b6d8                USBD_LL_Init
 .text.USBD_LL_Start
                0x000000000800b78c       0x36 ./USB_DEVICE/Target/usbd_conf.o
                0x000000000800b78c                USBD_LL_Start
 .text.USBD_LL_OpenEP
                0x000000000800b7c2       0x4c ./USB_DEVICE/Target/usbd_conf.o
                0x000000000800b7c2                USBD_LL_OpenEP
 .text.USBD_LL_CloseEP
                0x000000000800b80e       0x3e ./USB_DEVICE/Target/usbd_conf.o
                0x000000000800b80e                USBD_LL_CloseEP
 .text.USBD_LL_StallEP
                0x000000000800b84c       0x3e ./USB_DEVICE/Target/usbd_conf.o
                0x000000000800b84c                USBD_LL_StallEP
 .text.USBD_LL_ClearStallEP
                0x000000000800b88a       0x3e ./USB_DEVICE/Target/usbd_conf.o
                0x000000000800b88a                USBD_LL_ClearStallEP
 .text.USBD_LL_IsStallEP
                0x000000000800b8c8       0x58 ./USB_DEVICE/Target/usbd_conf.o
                0x000000000800b8c8                USBD_LL_IsStallEP
 .text.USBD_LL_SetUSBAddress
                0x000000000800b920       0x3e ./USB_DEVICE/Target/usbd_conf.o
                0x000000000800b920                USBD_LL_SetUSBAddress
 .text.USBD_LL_Transmit
                0x000000000800b95e       0x46 ./USB_DEVICE/Target/usbd_conf.o
                0x000000000800b95e                USBD_LL_Transmit
 .text.USBD_LL_PrepareReceive
                0x000000000800b9a4       0x46 ./USB_DEVICE/Target/usbd_conf.o
                0x000000000800b9a4                USBD_LL_PrepareReceive
 .text.USBD_LL_GetRxDataSize
                0x000000000800b9ea       0x26 ./USB_DEVICE/Target/usbd_conf.o
                0x000000000800b9ea                USBD_LL_GetRxDataSize
 .text.USBD_static_malloc
                0x000000000800ba10       0x18 ./USB_DEVICE/Target/usbd_conf.o
                0x000000000800ba10                USBD_static_malloc
 .text.USBD_static_free
                0x000000000800ba28       0x12 ./USB_DEVICE/Target/usbd_conf.o
                0x000000000800ba28                USBD_static_free
 .text.HAL_PCDEx_SetConnectionState
                0x000000000800ba3a       0x16 ./USB_DEVICE/Target/usbd_conf.o
                0x000000000800ba3a                HAL_PCDEx_SetConnectionState
 .text.USBD_Get_USB_Status
                0x000000000800ba50       0x58 ./USB_DEVICE/Target/usbd_conf.o
 .text.malloc   0x000000000800baa8       0x10 C:/ST/STM32CubeIDE_1.13.0/STM32CubeIDE/plugins/com.st.stm32cube.ide.mcu.externaltools.gnu-tools-for-stm32.11.3.rel1.win32_1.1.0.202305231506/tools/bin/../lib/gcc/arm-none-eabi/11.3.1/../../../../arm-none-eabi/lib/thumb/v7-m/nofp\libc_nano.a(libc_a-malloc.o)
                0x000000000800baa8                malloc
 .text.free     0x000000000800bab8       0x10 C:/ST/STM32CubeIDE_1.13.0/STM32CubeIDE/plugins/com.st.stm32cube.ide.mcu.externaltools.gnu-tools-for-stm32.11.3.rel1.win32_1.1.0.202305231506/tools/bin/../lib/gcc/arm-none-eabi/11.3.1/../../../../arm-none-eabi/lib/thumb/v7-m/nofp\libc_nano.a(libc_a-malloc.o)
                0x000000000800bab8                free
 .text.sbrk_aligned
                0x000000000800bac8       0x40 C:/ST/STM32CubeIDE_1.13.0/STM32CubeIDE/plugins/com.st.stm32cube.ide.mcu.externaltools.gnu-tools-for-stm32.11.3.rel1.win32_1.1.0.202305231506/tools/bin/../lib/gcc/arm-none-eabi/11.3.1/../../../../arm-none-eabi/lib/thumb/v7-m/nofp\libc_nano.a(libc_a-mallocr.o)
 .text._malloc_r
                0x000000000800bb08      0x100 C:/ST/STM32CubeIDE_1.13.0/STM32CubeIDE/plugins/com.st.stm32cube.ide.mcu.externaltools.gnu-tools-for-stm32.11.3.rel1.win32_1.1.0.202305231506/tools/bin/../lib/gcc/arm-none-eabi/11.3.1/../../../../arm-none-eabi/lib/thumb/v7-m/nofp\libc_nano.a(libc_a-mallocr.o)
                0x000000000800bb08                _malloc_r
 .text.__malloc_lock
                0x000000000800bc08        0xc C:/ST/STM32CubeIDE_1.13.0/STM32CubeIDE/plugins/com.st.stm32cube.ide.mcu.externaltools.gnu-tools-for-stm32.11.3.rel1.win32_1.1.0.202305231506/tools/bin/../lib/gcc/arm-none-eabi/11.3.1/../../../../arm-none-eabi/lib/thumb/v7-m/nofp\libc_nano.a(libc_a-mlock.o)
                0x000000000800bc08                __malloc_lock
 .text.__malloc_unlock
                0x000000000800bc14        0xc C:/ST/STM32CubeIDE_1.13.0/STM32CubeIDE/plugins/com.st.stm32cube.ide.mcu.externaltools.gnu-tools-for-stm32.11.3.rel1.win32_1.1.0.202305231506/tools/bin/../lib/gcc/arm-none-eabi/11.3.1/../../../../arm-none-eabi/lib/thumb/v7-m/nofp\libc_nano.a(libc_a-mlock.o)
                0x000000000800bc14                __malloc_unlock
 .text._strtol_l.constprop.0
                0x000000000800bc20       0xfc C:/ST/STM32CubeIDE_1.13.0/STM32CubeIDE/plugins/com.st.stm32cube.ide.mcu.externaltools.gnu-tools-for-stm32.11.3.rel1.win32_1.1.0.202305231506/tools/bin/../lib/gcc/arm-none-eabi/11.3.1/../../../../arm-none-eabi/lib/thumb/v7-m/nofp\libc_nano.a(libc_a-strtol.o)
 .text.strtol   0x000000000800bd1c       0x14 C:/ST/STM32CubeIDE_1.13.0/STM32CubeIDE/plugins/com.st.stm32cube.ide.mcu.externaltools.gnu-tools-for-stm32.11.3.rel1.win32_1.1.0.202305231506/tools/bin/../lib/gcc/arm-none-eabi/11.3.1/../../../../arm-none-eabi/lib/thumb/v7-m/nofp\libc_nano.a(libc_a-strtol.o)
                0x000000000800bd1c                strtol
 .text._strtoul_l.constprop.0
                0x000000000800bd30       0xe4 C:/ST/STM32CubeIDE_1.13.0/STM32CubeIDE/plugins/com.st.stm32cube.ide.mcu.externaltools.gnu-tools-for-stm32.11.3.rel1.win32_1.1.0.202305231506/tools/bin/../lib/gcc/arm-none-eabi/11.3.1/../../../../arm-none-eabi/lib/thumb/v7-m/nofp\libc_nano.a(libc_a-strtoul.o)
 .text.strtoul  0x000000000800be14       0x14 C:/ST/STM32CubeIDE_1.13.0/STM32CubeIDE/plugins/com.st.stm32cube.ide.mcu.externaltools.gnu-tools-for-stm32.11.3.rel1.win32_1.1.0.202305231506/tools/bin/../lib/gcc/arm-none-eabi/11.3.1/../../../../arm-none-eabi/lib/thumb/v7-m/nofp\libc_nano.a(libc_a-strtoul.o)
                0x000000000800be14                strtoul
 .text.std      0x000000000800be28       0x48 C:/ST/STM32CubeIDE_1.13.0/STM32CubeIDE/plugins/com.st.stm32cube.ide.mcu.externaltools.gnu-tools-for-stm32.11.3.rel1.win32_1.1.0.202305231506/tools/bin/../lib/gcc/arm-none-eabi/11.3.1/../../../../arm-none-eabi/lib/thumb/v7-m/nofp\libc_nano.a(libc_a-findfp.o)
 .text.stdio_exit_handler
                0x000000000800be70       0x18 C:/ST/STM32CubeIDE_1.13.0/STM32CubeIDE/plugins/com.st.stm32cube.ide.mcu.externaltools.gnu-tools-for-stm32.11.3.rel1.win32_1.1.0.202305231506/tools/bin/../lib/gcc/arm-none-eabi/11.3.1/../../../../arm-none-eabi/lib/thumb/v7-m/nofp\libc_nano.a(libc_a-findfp.o)
 .text.cleanup_stdio
                0x000000000800be88       0x40 C:/ST/STM32CubeIDE_1.13.0/STM32CubeIDE/plugins/com.st.stm32cube.ide.mcu.externaltools.gnu-tools-for-stm32.11.3.rel1.win32_1.1.0.202305231506/tools/bin/../lib/gcc/arm-none-eabi/11.3.1/../../../../arm-none-eabi/lib/thumb/v7-m/nofp\libc_nano.a(libc_a-findfp.o)
 .text.global_stdio_init.part.0
                0x000000000800bec8       0x3c C:/ST/STM32CubeIDE_1.13.0/STM32CubeIDE/plugins/com.st.stm32cube.ide.mcu.externaltools.gnu-tools-for-stm32.11.3.rel1.win32_1.1.0.202305231506/tools/bin/../lib/gcc/arm-none-eabi/11.3.1/../../../../arm-none-eabi/lib/thumb/v7-m/nofp\libc_nano.a(libc_a-findfp.o)
 .text.__sfp_lock_acquire
                0x000000000800bf04        0xc C:/ST/STM32CubeIDE_1.13.0/STM32CubeIDE/plugins/com.st.stm32cube.ide.mcu.externaltools.gnu-tools-for-stm32.11.3.rel1.win32_1.1.0.202305231506/tools/bin/../lib/gcc/arm-none-eabi/11.3.1/../../../../arm-none-eabi/lib/thumb/v7-m/nofp\libc_nano.a(libc_a-findfp.o)
                0x000000000800bf04                __sfp_lock_acquire
 .text.__sfp_lock_release
                0x000000000800bf10        0xc C:/ST/STM32CubeIDE_1.13.0/STM32CubeIDE/plugins/com.st.stm32cube.ide.mcu.externaltools.gnu-tools-for-stm32.11.3.rel1.win32_1.1.0.202305231506/tools/bin/../lib/gcc/arm-none-eabi/11.3.1/../../../../arm-none-eabi/lib/thumb/v7-m/nofp\libc_nano.a(libc_a-findfp.o)
                0x000000000800bf10                __sfp_lock_release
 .text.__sinit  0x000000000800bf1c       0x30 C:/ST/STM32CubeIDE_1.13.0/STM32CubeIDE/plugins/com.st.stm32cube.ide.mcu.externaltools.gnu-tools-for-stm32.11.3.rel1.win32_1.1.0.202305231506/tools/bin/../lib/gcc/arm-none-eabi/11.3.1/../../../../arm-none-eabi/lib/thumb/v7-m/nofp\libc_nano.a(libc_a-findfp.o)
                0x000000000800bf1c                __sinit
 .text._fwalk_sglue
                0x000000000800bf4c       0x3c C:/ST/STM32CubeIDE_1.13.0/STM32CubeIDE/plugins/com.st.stm32cube.ide.mcu.externaltools.gnu-tools-for-stm32.11.3.rel1.win32_1.1.0.202305231506/tools/bin/../lib/gcc/arm-none-eabi/11.3.1/../../../../arm-none-eabi/lib/thumb/v7-m/nofp\libc_nano.a(libc_a-fwalk.o)
                0x000000000800bf4c                _fwalk_sglue
 .text.sprintf  0x000000000800bf88       0x40 C:/ST/STM32CubeIDE_1.13.0/STM32CubeIDE/plugins/com.st.stm32cube.ide.mcu.externaltools.gnu-tools-for-stm32.11.3.rel1.win32_1.1.0.202305231506/tools/bin/../lib/gcc/arm-none-eabi/11.3.1/../../../../arm-none-eabi/lib/thumb/v7-m/nofp\libc_nano.a(libc_a-sprintf.o)
                0x000000000800bf88                siprintf
                0x000000000800bf88                sprintf
 .text.__sread  0x000000000800bfc8       0x22 C:/ST/STM32CubeIDE_1.13.0/STM32CubeIDE/plugins/com.st.stm32cube.ide.mcu.externaltools.gnu-tools-for-stm32.11.3.rel1.win32_1.1.0.202305231506/tools/bin/../lib/gcc/arm-none-eabi/11.3.1/../../../../arm-none-eabi/lib/thumb/v7-m/nofp\libc_nano.a(libc_a-stdio.o)
                0x000000000800bfc8                __sread
 .text.__swrite
                0x000000000800bfea       0x38 C:/ST/STM32CubeIDE_1.13.0/STM32CubeIDE/plugins/com.st.stm32cube.ide.mcu.externaltools.gnu-tools-for-stm32.11.3.rel1.win32_1.1.0.202305231506/tools/bin/../lib/gcc/arm-none-eabi/11.3.1/../../../../arm-none-eabi/lib/thumb/v7-m/nofp\libc_nano.a(libc_a-stdio.o)
                0x000000000800bfea                __swrite
 .text.__sseek  0x000000000800c022       0x24 C:/ST/STM32CubeIDE_1.13.0/STM32CubeIDE/plugins/com.st.stm32cube.ide.mcu.externaltools.gnu-tools-for-stm32.11.3.rel1.win32_1.1.0.202305231506/tools/bin/../lib/gcc/arm-none-eabi/11.3.1/../../../../arm-none-eabi/lib/thumb/v7-m/nofp\libc_nano.a(libc_a-stdio.o)
                0x000000000800c022                __sseek
 .text.__sclose
                0x000000000800c046        0x8 C:/ST/STM32CubeIDE_1.13.0/STM32CubeIDE/plugins/com.st.stm32cube.ide.mcu.externaltools.gnu-tools-for-stm32.11.3.rel1.win32_1.1.0.202305231506/tools/bin/../lib/gcc/arm-none-eabi/11.3.1/../../../../arm-none-eabi/lib/thumb/v7-m/nofp\libc_nano.a(libc_a-stdio.o)
                0x000000000800c046                __sclose
 .text._vsnprintf_r
                0x000000000800c04e       0x56 C:/ST/STM32CubeIDE_1.13.0/STM32CubeIDE/plugins/com.st.stm32cube.ide.mcu.externaltools.gnu-tools-for-stm32.11.3.rel1.win32_1.1.0.202305231506/tools/bin/../lib/gcc/arm-none-eabi/11.3.1/../../../../arm-none-eabi/lib/thumb/v7-m/nofp\libc_nano.a(libc_a-vsnprintf.o)
                0x000000000800c04e                _vsniprintf_r
                0x000000000800c04e                _vsnprintf_r
 .text.vsnprintf
                0x000000000800c0a4       0x1c C:/ST/STM32CubeIDE_1.13.0/STM32CubeIDE/plugins/com.st.stm32cube.ide.mcu.externaltools.gnu-tools-for-stm32.11.3.rel1.win32_1.1.0.202305231506/tools/bin/../lib/gcc/arm-none-eabi/11.3.1/../../../../arm-none-eabi/lib/thumb/v7-m/nofp\libc_nano.a(libc_a-vsnprintf.o)
                0x000000000800c0a4                vsniprintf
                0x000000000800c0a4                vsnprintf
 .text.memset   0x000000000800c0c0       0x10 C:/ST/STM32CubeIDE_1.13.0/STM32CubeIDE/plugins/com.st.stm32cube.ide.mcu.externaltools.gnu-tools-for-stm32.11.3.rel1.win32_1.1.0.202305231506/tools/bin/../lib/gcc/arm-none-eabi/11.3.1/../../../../arm-none-eabi/lib/thumb/v7-m/nofp\libc_nano.a(libc_a-memset.o)
                0x000000000800c0c0                memset
 .text.strdup   0x000000000800c0d0       0x10 C:/ST/STM32CubeIDE_1.13.0/STM32CubeIDE/plugins/com.st.stm32cube.ide.mcu.externaltools.gnu-tools-for-stm32.11.3.rel1.win32_1.1.0.202305231506/tools/bin/../lib/gcc/arm-none-eabi/11.3.1/../../../../arm-none-eabi/lib/thumb/v7-m/nofp\libc_nano.a(libc_a-strdup.o)
                0x000000000800c0d0                strdup
 .text._strdup_r
                0x000000000800c0e0       0x26 C:/ST/STM32CubeIDE_1.13.0/STM32CubeIDE/plugins/com.st.stm32cube.ide.mcu.externaltools.gnu-tools-for-stm32.11.3.rel1.win32_1.1.0.202305231506/tools/bin/../lib/gcc/arm-none-eabi/11.3.1/../../../../arm-none-eabi/lib/thumb/v7-m/nofp\libc_nano.a(libc_a-strdup_r.o)
                0x000000000800c0e0                _strdup_r
 *fill*         0x000000000800c106        0x2 
 .text.strtok   0x000000000800c108       0x68 C:/ST/STM32CubeIDE_1.13.0/STM32CubeIDE/plugins/com.st.stm32cube.ide.mcu.externaltools.gnu-tools-for-stm32.11.3.rel1.win32_1.1.0.202305231506/tools/bin/../lib/gcc/arm-none-eabi/11.3.1/../../../../arm-none-eabi/lib/thumb/v7-m/nofp\libc_nano.a(libc_a-strtok.o)
                0x000000000800c108                strtok
 .text.__strtok_r
                0x000000000800c170       0x50 C:/ST/STM32CubeIDE_1.13.0/STM32CubeIDE/plugins/com.st.stm32cube.ide.mcu.externaltools.gnu-tools-for-stm32.11.3.rel1.win32_1.1.0.202305231506/tools/bin/../lib/gcc/arm-none-eabi/11.3.1/../../../../arm-none-eabi/lib/thumb/v7-m/nofp\libc_nano.a(libc_a-strtok_r.o)
                0x000000000800c170                __strtok_r
 .text._close_r
                0x000000000800c1c0       0x20 C:/ST/STM32CubeIDE_1.13.0/STM32CubeIDE/plugins/com.st.stm32cube.ide.mcu.externaltools.gnu-tools-for-stm32.11.3.rel1.win32_1.1.0.202305231506/tools/bin/../lib/gcc/arm-none-eabi/11.3.1/../../../../arm-none-eabi/lib/thumb/v7-m/nofp\libc_nano.a(libc_a-closer.o)
                0x000000000800c1c0                _close_r
 .text._lseek_r
                0x000000000800c1e0       0x24 C:/ST/STM32CubeIDE_1.13.0/STM32CubeIDE/plugins/com.st.stm32cube.ide.mcu.externaltools.gnu-tools-for-stm32.11.3.rel1.win32_1.1.0.202305231506/tools/bin/../lib/gcc/arm-none-eabi/11.3.1/../../../../arm-none-eabi/lib/thumb/v7-m/nofp\libc_nano.a(libc_a-lseekr.o)
                0x000000000800c1e0                _lseek_r
 .text._read_r  0x000000000800c204       0x24 C:/ST/STM32CubeIDE_1.13.0/STM32CubeIDE/plugins/com.st.stm32cube.ide.mcu.externaltools.gnu-tools-for-stm32.11.3.rel1.win32_1.1.0.202305231506/tools/bin/../lib/gcc/arm-none-eabi/11.3.1/../../../../arm-none-eabi/lib/thumb/v7-m/nofp\libc_nano.a(libc_a-readr.o)
                0x000000000800c204                _read_r
 .text._sbrk_r  0x000000000800c228       0x20 C:/ST/STM32CubeIDE_1.13.0/STM32CubeIDE/plugins/com.st.stm32cube.ide.mcu.externaltools.gnu-tools-for-stm32.11.3.rel1.win32_1.1.0.202305231506/tools/bin/../lib/gcc/arm-none-eabi/11.3.1/../../../../arm-none-eabi/lib/thumb/v7-m/nofp\libc_nano.a(libc_a-sbrkr.o)
                0x000000000800c228                _sbrk_r
 .text._write_r
                0x000000000800c248       0x24 C:/ST/STM32CubeIDE_1.13.0/STM32CubeIDE/plugins/com.st.stm32cube.ide.mcu.externaltools.gnu-tools-for-stm32.11.3.rel1.win32_1.1.0.202305231506/tools/bin/../lib/gcc/arm-none-eabi/11.3.1/../../../../arm-none-eabi/lib/thumb/v7-m/nofp\libc_nano.a(libc_a-writer.o)
                0x000000000800c248                _write_r
 .text.__errno  0x000000000800c26c        0xc C:/ST/STM32CubeIDE_1.13.0/STM32CubeIDE/plugins/com.st.stm32cube.ide.mcu.externaltools.gnu-tools-for-stm32.11.3.rel1.win32_1.1.0.202305231506/tools/bin/../lib/gcc/arm-none-eabi/11.3.1/../../../../arm-none-eabi/lib/thumb/v7-m/nofp\libc_nano.a(libc_a-errno.o)
                0x000000000800c26c                __errno
 .text.__libc_init_array
                0x000000000800c278       0x48 C:/ST/STM32CubeIDE_1.13.0/STM32CubeIDE/plugins/com.st.stm32cube.ide.mcu.externaltools.gnu-tools-for-stm32.11.3.rel1.win32_1.1.0.202305231506/tools/bin/../lib/gcc/arm-none-eabi/11.3.1/../../../../arm-none-eabi/lib/thumb/v7-m/nofp\libc_nano.a(libc_a-init.o)
                0x000000000800c278                __libc_init_array
 .text.__retarget_lock_acquire_recursive
                0x000000000800c2c0        0x2 C:/ST/STM32CubeIDE_1.13.0/STM32CubeIDE/plugins/com.st.stm32cube.ide.mcu.externaltools.gnu-tools-for-stm32.11.3.rel1.win32_1.1.0.202305231506/tools/bin/../lib/gcc/arm-none-eabi/11.3.1/../../../../arm-none-eabi/lib/thumb/v7-m/nofp\libc_nano.a(libc_a-lock.o)
                0x000000000800c2c0                __retarget_lock_acquire_recursive
 .text.__retarget_lock_release_recursive
                0x000000000800c2c2        0x2 C:/ST/STM32CubeIDE_1.13.0/STM32CubeIDE/plugins/com.st.stm32cube.ide.mcu.externaltools.gnu-tools-for-stm32.11.3.rel1.win32_1.1.0.202305231506/tools/bin/../lib/gcc/arm-none-eabi/11.3.1/../../../../arm-none-eabi/lib/thumb/v7-m/nofp\libc_nano.a(libc_a-lock.o)
                0x000000000800c2c2                __retarget_lock_release_recursive
 .text.memcpy   0x000000000800c2c4       0x1c C:/ST/STM32CubeIDE_1.13.0/STM32CubeIDE/plugins/com.st.stm32cube.ide.mcu.externaltools.gnu-tools-for-stm32.11.3.rel1.win32_1.1.0.202305231506/tools/bin/../lib/gcc/arm-none-eabi/11.3.1/../../../../arm-none-eabi/lib/thumb/v7-m/nofp\libc_nano.a(libc_a-memcpy-stub.o)
                0x000000000800c2c4                memcpy
 .text.__assert_func
                0x000000000800c2e0       0x3c C:/ST/STM32CubeIDE_1.13.0/STM32CubeIDE/plugins/com.st.stm32cube.ide.mcu.externaltools.gnu-tools-for-stm32.11.3.rel1.win32_1.1.0.202305231506/tools/bin/../lib/gcc/arm-none-eabi/11.3.1/../../../../arm-none-eabi/lib/thumb/v7-m/nofp\libc_nano.a(libc_a-assert.o)
                0x000000000800c2e0                __assert_func
 .text._free_r  0x000000000800c31c       0x90 C:/ST/STM32CubeIDE_1.13.0/STM32CubeIDE/plugins/com.st.stm32cube.ide.mcu.externaltools.gnu-tools-for-stm32.11.3.rel1.win32_1.1.0.202305231506/tools/bin/../lib/gcc/arm-none-eabi/11.3.1/../../../../arm-none-eabi/lib/thumb/v7-m/nofp\libc_nano.a(libc_a-freer.o)
                0x000000000800c31c                _free_r
 .text.__ssputs_r
                0x000000000800c3ac       0xb4 C:/ST/STM32CubeIDE_1.13.0/STM32CubeIDE/plugins/com.st.stm32cube.ide.mcu.externaltools.gnu-tools-for-stm32.11.3.rel1.win32_1.1.0.202305231506/tools/bin/../lib/gcc/arm-none-eabi/11.3.1/../../../../arm-none-eabi/lib/thumb/v7-m/nofp\libc_nano.a(libc_a-nano-svfprintf.o)
                0x000000000800c3ac                __ssputs_r
 .text._svfprintf_r
                0x000000000800c460      0x1fc C:/ST/STM32CubeIDE_1.13.0/STM32CubeIDE/plugins/com.st.stm32cube.ide.mcu.externaltools.gnu-tools-for-stm32.11.3.rel1.win32_1.1.0.202305231506/tools/bin/../lib/gcc/arm-none-eabi/11.3.1/../../../../arm-none-eabi/lib/thumb/v7-m/nofp\libc_nano.a(libc_a-nano-svfprintf.o)
                0x000000000800c460                _svfiprintf_r
                0x000000000800c460                _svfprintf_r
 .text._printf_common
                0x000000000800c65c       0xe4 C:/ST/STM32CubeIDE_1.13.0/STM32CubeIDE/plugins/com.st.stm32cube.ide.mcu.externaltools.gnu-tools-for-stm32.11.3.rel1.win32_1.1.0.202305231506/tools/bin/../lib/gcc/arm-none-eabi/11.3.1/../../../../arm-none-eabi/lib/thumb/v7-m/nofp\libc_nano.a(libc_a-nano-vfprintf_i.o)
                0x000000000800c65c                _printf_common
 .text._printf_i
                0x000000000800c740      0x244 C:/ST/STM32CubeIDE_1.13.0/STM32CubeIDE/plugins/com.st.stm32cube.ide.mcu.externaltools.gnu-tools-for-stm32.11.3.rel1.win32_1.1.0.202305231506/tools/bin/../lib/gcc/arm-none-eabi/11.3.1/../../../../arm-none-eabi/lib/thumb/v7-m/nofp\libc_nano.a(libc_a-nano-vfprintf_i.o)
                0x000000000800c740                _printf_i
 .text.__sflush_r
                0x000000000800c984      0x104 C:/ST/STM32CubeIDE_1.13.0/STM32CubeIDE/plugins/com.st.stm32cube.ide.mcu.externaltools.gnu-tools-for-stm32.11.3.rel1.win32_1.1.0.202305231506/tools/bin/../lib/gcc/arm-none-eabi/11.3.1/../../../../arm-none-eabi/lib/thumb/v7-m/nofp\libc_nano.a(libc_a-fflush.o)
                0x000000000800c984                __sflush_r
 .text._fflush_r
                0x000000000800ca88       0x50 C:/ST/STM32CubeIDE_1.13.0/STM32CubeIDE/plugins/com.st.stm32cube.ide.mcu.externaltools.gnu-tools-for-stm32.11.3.rel1.win32_1.1.0.202305231506/tools/bin/../lib/gcc/arm-none-eabi/11.3.1/../../../../arm-none-eabi/lib/thumb/v7-m/nofp\libc_nano.a(libc_a-fflush.o)
                0x000000000800ca88                _fflush_r
 .text.fprintf  0x000000000800cad8       0x24 C:/ST/STM32CubeIDE_1.13.0/STM32CubeIDE/plugins/com.st.stm32cube.ide.mcu.externaltools.gnu-tools-for-stm32.11.3.rel1.win32_1.1.0.202305231506/tools/bin/../lib/gcc/arm-none-eabi/11.3.1/../../../../arm-none-eabi/lib/thumb/v7-m/nofp\libc_nano.a(libc_a-fprintf.o)
                0x000000000800cad8                fiprintf
                0x000000000800cad8                fprintf
 .text.memmove  0x000000000800cafc       0x34 C:/ST/STM32CubeIDE_1.13.0/STM32CubeIDE/plugins/com.st.stm32cube.ide.mcu.externaltools.gnu-tools-for-stm32.11.3.rel1.win32_1.1.0.202305231506/tools/bin/../lib/gcc/arm-none-eabi/11.3.1/../../../../arm-none-eabi/lib/thumb/v7-m/nofp\libc_nano.a(libc_a-memmove.o)
                0x000000000800cafc                memmove
 .text.memchr   0x000000000800cb30       0x1c C:/ST/STM32CubeIDE_1.13.0/STM32CubeIDE/plugins/com.st.stm32cube.ide.mcu.externaltools.gnu-tools-for-stm32.11.3.rel1.win32_1.1.0.202305231506/tools/bin/../lib/gcc/arm-none-eabi/11.3.1/../../../../arm-none-eabi/lib/thumb/v7-m/nofp\libc_nano.a(libc_a-memchr-stub.o)
                0x000000000800cb30                memchr
 .text.abort    0x000000000800cb4c        0xe C:/ST/STM32CubeIDE_1.13.0/STM32CubeIDE/plugins/com.st.stm32cube.ide.mcu.externaltools.gnu-tools-for-stm32.11.3.rel1.win32_1.1.0.202305231506/tools/bin/../lib/gcc/arm-none-eabi/11.3.1/../../../../arm-none-eabi/lib/thumb/v7-m/nofp\libc_nano.a(libc_a-abort.o)
                0x000000000800cb4c                abort
 .text._realloc_r
                0x000000000800cb5a       0x5e C:/ST/STM32CubeIDE_1.13.0/STM32CubeIDE/plugins/com.st.stm32cube.ide.mcu.externaltools.gnu-tools-for-stm32.11.3.rel1.win32_1.1.0.202305231506/tools/bin/../lib/gcc/arm-none-eabi/11.3.1/../../../../arm-none-eabi/lib/thumb/v7-m/nofp\libc_nano.a(libc_a-reallocr.o)
                0x000000000800cb5a                _realloc_r
 .text.__sfputc_r
                0x000000000800cbb8       0x2a C:/ST/STM32CubeIDE_1.13.0/STM32CubeIDE/plugins/com.st.stm32cube.ide.mcu.externaltools.gnu-tools-for-stm32.11.3.rel1.win32_1.1.0.202305231506/tools/bin/../lib/gcc/arm-none-eabi/11.3.1/../../../../arm-none-eabi/lib/thumb/v7-m/nofp\libc_nano.a(libc_a-nano-vfprintf.o)
 .text.__sfputs_r
                0x000000000800cbe2       0x24 C:/ST/STM32CubeIDE_1.13.0/STM32CubeIDE/plugins/com.st.stm32cube.ide.mcu.externaltools.gnu-tools-for-stm32.11.3.rel1.win32_1.1.0.202305231506/tools/bin/../lib/gcc/arm-none-eabi/11.3.1/../../../../arm-none-eabi/lib/thumb/v7-m/nofp\libc_nano.a(libc_a-nano-vfprintf.o)
                0x000000000800cbe2                __sfputs_r
 *fill*         0x000000000800cc06        0x2 
 .text._vfprintf_r
                0x000000000800cc08      0x234 C:/ST/STM32CubeIDE_1.13.0/STM32CubeIDE/plugins/com.st.stm32cube.ide.mcu.externaltools.gnu-tools-for-stm32.11.3.rel1.win32_1.1.0.202305231506/tools/bin/../lib/gcc/arm-none-eabi/11.3.1/../../../../arm-none-eabi/lib/thumb/v7-m/nofp\libc_nano.a(libc_a-nano-vfprintf.o)
                0x000000000800cc08                _vfprintf_r
                0x000000000800cc08                _vfiprintf_r
 .text.__swbuf_r
                0x000000000800ce3c       0x7a C:/ST/STM32CubeIDE_1.13.0/STM32CubeIDE/plugins/com.st.stm32cube.ide.mcu.externaltools.gnu-tools-for-stm32.11.3.rel1.win32_1.1.0.202305231506/tools/bin/../lib/gcc/arm-none-eabi/11.3.1/../../../../arm-none-eabi/lib/thumb/v7-m/nofp\libc_nano.a(libc_a-wbuf.o)
                0x000000000800ce3c                __swbuf_r
 *fill*         0x000000000800ceb6        0x2 
 .text.__swsetup_r
                0x000000000800ceb8       0xb0 C:/ST/STM32CubeIDE_1.13.0/STM32CubeIDE/plugins/com.st.stm32cube.ide.mcu.externaltools.gnu-tools-for-stm32.11.3.rel1.win32_1.1.0.202305231506/tools/bin/../lib/gcc/arm-none-eabi/11.3.1/../../../../arm-none-eabi/lib/thumb/v7-m/nofp\libc_nano.a(libc_a-wsetup.o)
                0x000000000800ceb8                __swsetup_r
 .text._raise_r
                0x000000000800cf68       0x50 C:/ST/STM32CubeIDE_1.13.0/STM32CubeIDE/plugins/com.st.stm32cube.ide.mcu.externaltools.gnu-tools-for-stm32.11.3.rel1.win32_1.1.0.202305231506/tools/bin/../lib/gcc/arm-none-eabi/11.3.1/../../../../arm-none-eabi/lib/thumb/v7-m/nofp\libc_nano.a(libc_a-signal.o)
                0x000000000800cf68                _raise_r
 .text.raise    0x000000000800cfb8       0x10 C:/ST/STM32CubeIDE_1.13.0/STM32CubeIDE/plugins/com.st.stm32cube.ide.mcu.externaltools.gnu-tools-for-stm32.11.3.rel1.win32_1.1.0.202305231506/tools/bin/../lib/gcc/arm-none-eabi/11.3.1/../../../../arm-none-eabi/lib/thumb/v7-m/nofp\libc_nano.a(libc_a-signal.o)
                0x000000000800cfb8                raise
 .text._kill_r  0x000000000800cfc8       0x24 C:/ST/STM32CubeIDE_1.13.0/STM32CubeIDE/plugins/com.st.stm32cube.ide.mcu.externaltools.gnu-tools-for-stm32.11.3.rel1.win32_1.1.0.202305231506/tools/bin/../lib/gcc/arm-none-eabi/11.3.1/../../../../arm-none-eabi/lib/thumb/v7-m/nofp\libc_nano.a(libc_a-signalr.o)
                0x000000000800cfc8                _kill_r
 .text._getpid_r
                0x000000000800cfec        0x4 C:/ST/STM32CubeIDE_1.13.0/STM32CubeIDE/plugins/com.st.stm32cube.ide.mcu.externaltools.gnu-tools-for-stm32.11.3.rel1.win32_1.1.0.202305231506/tools/bin/../lib/gcc/arm-none-eabi/11.3.1/../../../../arm-none-eabi/lib/thumb/v7-m/nofp\libc_nano.a(libc_a-signalr.o)
                0x000000000800cfec                _getpid_r
 .text._malloc_usable_size_r
                0x000000000800cff0       0x10 C:/ST/STM32CubeIDE_1.13.0/STM32CubeIDE/plugins/com.st.stm32cube.ide.mcu.externaltools.gnu-tools-for-stm32.11.3.rel1.win32_1.1.0.202305231506/tools/bin/../lib/gcc/arm-none-eabi/11.3.1/../../../../arm-none-eabi/lib/thumb/v7-m/nofp\libc_nano.a(libc_a-msizer.o)
                0x000000000800cff0                _malloc_usable_size_r
 .text.__swhatbuf_r
                0x000000000800d000       0x4a C:/ST/STM32CubeIDE_1.13.0/STM32CubeIDE/plugins/com.st.stm32cube.ide.mcu.externaltools.gnu-tools-for-stm32.11.3.rel1.win32_1.1.0.202305231506/tools/bin/../lib/gcc/arm-none-eabi/11.3.1/../../../../arm-none-eabi/lib/thumb/v7-m/nofp\libc_nano.a(libc_a-makebuf.o)
                0x000000000800d000                __swhatbuf_r
 .text.__smakebuf_r
                0x000000000800d04a       0x78 C:/ST/STM32CubeIDE_1.13.0/STM32CubeIDE/plugins/com.st.stm32cube.ide.mcu.externaltools.gnu-tools-for-stm32.11.3.rel1.win32_1.1.0.202305231506/tools/bin/../lib/gcc/arm-none-eabi/11.3.1/../../../../arm-none-eabi/lib/thumb/v7-m/nofp\libc_nano.a(libc_a-makebuf.o)
                0x000000000800d04a                __smakebuf_r
 *fill*         0x000000000800d0c2        0x2 
 .text._fstat_r
                0x000000000800d0c4       0x24 C:/ST/STM32CubeIDE_1.13.0/STM32CubeIDE/plugins/com.st.stm32cube.ide.mcu.externaltools.gnu-tools-for-stm32.11.3.rel1.win32_1.1.0.202305231506/tools/bin/../lib/gcc/arm-none-eabi/11.3.1/../../../../arm-none-eabi/lib/thumb/v7-m/nofp\libc_nano.a(libc_a-fstatr.o)
                0x000000000800d0c4                _fstat_r
 .text._isatty_r
                0x000000000800d0e8       0x20 C:/ST/STM32CubeIDE_1.13.0/STM32CubeIDE/plugins/com.st.stm32cube.ide.mcu.externaltools.gnu-tools-for-stm32.11.3.rel1.win32_1.1.0.202305231506/tools/bin/../lib/gcc/arm-none-eabi/11.3.1/../../../../arm-none-eabi/lib/thumb/v7-m/nofp\libc_nano.a(libc_a-isattyr.o)
                0x000000000800d0e8                _isatty_r
 *(.glue_7)
 .glue_7        0x000000000800d108        0x0 linker stubs
 *(.glue_7t)
 .glue_7t       0x000000000800d108        0x0 linker stubs
 *(.eh_frame)
 .eh_frame      0x000000000800d108        0x0 C:/ST/STM32CubeIDE_1.13.0/STM32CubeIDE/plugins/com.st.stm32cube.ide.mcu.externaltools.gnu-tools-for-stm32.11.3.rel1.win32_1.1.0.202305231506/tools/bin/../lib/gcc/arm-none-eabi/11.3.1/thumb/v7-m/nofp/crtbegin.o
 *(.init)
 .init          0x000000000800d108        0x4 C:/ST/STM32CubeIDE_1.13.0/STM32CubeIDE/plugins/com.st.stm32cube.ide.mcu.externaltools.gnu-tools-for-stm32.11.3.rel1.win32_1.1.0.202305231506/tools/bin/../lib/gcc/arm-none-eabi/11.3.1/thumb/v7-m/nofp/crti.o
                0x000000000800d108                _init
 .init          0x000000000800d10c        0x8 C:/ST/STM32CubeIDE_1.13.0/STM32CubeIDE/plugins/com.st.stm32cube.ide.mcu.externaltools.gnu-tools-for-stm32.11.3.rel1.win32_1.1.0.202305231506/tools/bin/../lib/gcc/arm-none-eabi/11.3.1/thumb/v7-m/nofp/crtn.o
 *(.fini)
 .fini          0x000000000800d114        0x4 C:/ST/STM32CubeIDE_1.13.0/STM32CubeIDE/plugins/com.st.stm32cube.ide.mcu.externaltools.gnu-tools-for-stm32.11.3.rel1.win32_1.1.0.202305231506/tools/bin/../lib/gcc/arm-none-eabi/11.3.1/thumb/v7-m/nofp/crti.o
                0x000000000800d114                _fini
 .fini          0x000000000800d118        0x8 C:/ST/STM32CubeIDE_1.13.0/STM32CubeIDE/plugins/com.st.stm32cube.ide.mcu.externaltools.gnu-tools-for-stm32.11.3.rel1.win32_1.1.0.202305231506/tools/bin/../lib/gcc/arm-none-eabi/11.3.1/thumb/v7-m/nofp/crtn.o
                0x000000000800d120                . = ALIGN (0x4)
                0x000000000800d120                _etext = .

.vfp11_veneer   0x000000000800d120        0x0
 .vfp11_veneer  0x000000000800d120        0x0 linker stubs

.v4_bx          0x000000000800d120        0x0
 .v4_bx         0x000000000800d120        0x0 linker stubs

.iplt           0x000000000800d120        0x0
 .iplt          0x000000000800d120        0x0 C:/ST/STM32CubeIDE_1.13.0/STM32CubeIDE/plugins/com.st.stm32cube.ide.mcu.externaltools.gnu-tools-for-stm32.11.3.rel1.win32_1.1.0.202305231506/tools/bin/../lib/gcc/arm-none-eabi/11.3.1/thumb/v7-m/nofp/crtbegin.o

.rodata         0x000000000800d120      0x82c
                0x000000000800d120                . = ALIGN (0x4)
 *(.rodata)
 .rodata        0x000000000800d120       0x3b ./Command/Command.o
 *fill*         0x000000000800d15b        0x1 
 .rodata        0x000000000800d15c      0x3fb ./Core/Src/CommandConfig.o
 *fill*         0x000000000800d557        0x1 
 .rodata        0x000000000800d558       0x4a ./Core/Src/MainProcess.o
 *fill*         0x000000000800d5a2        0x2 
 .rodata        0x000000000800d5a4      0x135 ./Core/Src/main.o
 *fill*         0x000000000800d6d9        0x3 
 .rodata        0x000000000800d6dc       0x12 ./Sensors/Sensors.o
 *fill*         0x000000000800d6ee        0x2 
 .rodata        0x000000000800d6f0        0x7 ./StringUtils/StringUtils.o
 *fill*         0x000000000800d6f7        0x1 
 .rodata        0x000000000800d6f8       0x46 ./USB_DEVICE/App/usbd_desc.o
 *(.rodata*)
 *fill*         0x000000000800d73e        0x2 
 .rodata.AHBPrescTable
                0x000000000800d740       0x10 ./Core/Src/system_stm32f1xx.o
                0x000000000800d740                AHBPrescTable
 .rodata.APBPrescTable
                0x000000000800d750        0x8 ./Core/Src/system_stm32f1xx.o
                0x000000000800d750                APBPrescTable
 .rodata.aPLLMULFactorTable.1
                0x000000000800d758       0x10 ./Drivers/STM32F1xx_HAL_Driver/Src/stm32f1xx_hal_rcc.o
 .rodata.aPredivFactorTable.0
                0x000000000800d768        0x2 ./Drivers/STM32F1xx_HAL_Driver/Src/stm32f1xx_hal_rcc.o
 .rodata._ctype_
                0x000000000800d76a      0x101 C:/ST/STM32CubeIDE_1.13.0/STM32CubeIDE/plugins/com.st.stm32cube.ide.mcu.externaltools.gnu-tools-for-stm32.11.3.rel1.win32_1.1.0.202305231506/tools/bin/../lib/gcc/arm-none-eabi/11.3.1/../../../../arm-none-eabi/lib/thumb/v7-m/nofp\libc_nano.a(libc_a-ctype_.o)
                0x000000000800d76a                _ctype_
 .rodata.strtok.str1.1
                0x000000000800d86b       0x71 C:/ST/STM32CubeIDE_1.13.0/STM32CubeIDE/plugins/com.st.stm32cube.ide.mcu.externaltools.gnu-tools-for-stm32.11.3.rel1.win32_1.1.0.202305231506/tools/bin/../lib/gcc/arm-none-eabi/11.3.1/../../../../arm-none-eabi/lib/thumb/v7-m/nofp\libc_nano.a(libc_a-strtok.o)
 .rodata.__assert_func.str1.1
                0x000000000800d8dc       0x3c C:/ST/STM32CubeIDE_1.13.0/STM32CubeIDE/plugins/com.st.stm32cube.ide.mcu.externaltools.gnu-tools-for-stm32.11.3.rel1.win32_1.1.0.202305231506/tools/bin/../lib/gcc/arm-none-eabi/11.3.1/../../../../arm-none-eabi/lib/thumb/v7-m/nofp\libc_nano.a(libc_a-assert.o)
                                         0x3d (size before relaxing)
 .rodata._svfprintf_r.str1.1
                0x000000000800d918       0x11 C:/ST/STM32CubeIDE_1.13.0/STM32CubeIDE/plugins/com.st.stm32cube.ide.mcu.externaltools.gnu-tools-for-stm32.11.3.rel1.win32_1.1.0.202305231506/tools/bin/../lib/gcc/arm-none-eabi/11.3.1/../../../../arm-none-eabi/lib/thumb/v7-m/nofp\libc_nano.a(libc_a-nano-svfprintf.o)
 .rodata._printf_i.str1.1
                0x000000000800d929       0x22 C:/ST/STM32CubeIDE_1.13.0/STM32CubeIDE/plugins/com.st.stm32cube.ide.mcu.externaltools.gnu-tools-for-stm32.11.3.rel1.win32_1.1.0.202305231506/tools/bin/../lib/gcc/arm-none-eabi/11.3.1/../../../../arm-none-eabi/lib/thumb/v7-m/nofp\libc_nano.a(libc_a-nano-vfprintf_i.o)
 .rodata._vfprintf_r.str1.1
                0x000000000800d94b       0x11 C:/ST/STM32CubeIDE_1.13.0/STM32CubeIDE/plugins/com.st.stm32cube.ide.mcu.externaltools.gnu-tools-for-stm32.11.3.rel1.win32_1.1.0.202305231506/tools/bin/../lib/gcc/arm-none-eabi/11.3.1/../../../../arm-none-eabi/lib/thumb/v7-m/nofp\libc_nano.a(libc_a-nano-vfprintf.o)
                0x000000000800d95c                . = ALIGN (0x4)
 *fill*         0x000000000800d94b        0x1 

.rel.dyn        0x000000000800d94c        0x0
 .rel.iplt      0x000000000800d94c        0x0 C:/ST/STM32CubeIDE_1.13.0/STM32CubeIDE/plugins/com.st.stm32cube.ide.mcu.externaltools.gnu-tools-for-stm32.11.3.rel1.win32_1.1.0.202305231506/tools/bin/../lib/gcc/arm-none-eabi/11.3.1/thumb/v7-m/nofp/crtbegin.o

.ARM.extab      0x000000000800d94c        0x0
                0x000000000800d94c                . = ALIGN (0x4)
 *(.ARM.extab* .gnu.linkonce.armextab.*)
                0x000000000800d94c                . = ALIGN (0x4)

.ARM            0x000000000800d94c        0x0
                0x000000000800d94c                . = ALIGN (0x4)
                0x000000000800d94c                __exidx_start = .
 *(.ARM.exidx*)
                0x000000000800d94c                __exidx_end = .
                0x000000000800d94c                . = ALIGN (0x4)

.preinit_array  0x000000000800d94c        0x0
                0x000000000800d94c                . = ALIGN (0x4)
                0x000000000800d94c                PROVIDE (__preinit_array_start = .)
 *(.preinit_array*)
                0x000000000800d94c                PROVIDE (__preinit_array_end = .)
                0x000000000800d94c                . = ALIGN (0x4)

.init_array     0x000000000800d94c        0x4
                0x000000000800d94c                . = ALIGN (0x4)
                0x000000000800d94c                PROVIDE (__init_array_start = .)
 *(SORT_BY_NAME(.init_array.*))
 *(.init_array*)
 .init_array    0x000000000800d94c        0x4 C:/ST/STM32CubeIDE_1.13.0/STM32CubeIDE/plugins/com.st.stm32cube.ide.mcu.externaltools.gnu-tools-for-stm32.11.3.rel1.win32_1.1.0.202305231506/tools/bin/../lib/gcc/arm-none-eabi/11.3.1/thumb/v7-m/nofp/crtbegin.o
                0x000000000800d950                PROVIDE (__init_array_end = .)
                0x000000000800d950                . = ALIGN (0x4)

.fini_array     0x000000000800d950        0x4
                0x000000000800d950                . = ALIGN (0x4)
                [!provide]                        PROVIDE (__fini_array_start = .)
 *(SORT_BY_NAME(.fini_array.*))
 *(.fini_array*)
 .fini_array    0x000000000800d950        0x4 C:/ST/STM32CubeIDE_1.13.0/STM32CubeIDE/plugins/com.st.stm32cube.ide.mcu.externaltools.gnu-tools-for-stm32.11.3.rel1.win32_1.1.0.202305231506/tools/bin/../lib/gcc/arm-none-eabi/11.3.1/thumb/v7-m/nofp/crtbegin.o
                [!provide]                        PROVIDE (__fini_array_end = .)
                0x000000000800d954                . = ALIGN (0x4)
                0x000000000800d954                _sidata = LOADADDR (.data)

.data           0x0000000020000000      0x228 load address 0x000000000800d954
                0x0000000020000000                . = ALIGN (0x4)
                0x0000000020000000                _sdata = .
 *(.data)
 *(.data*)
 .data.m_fDefaultCallback
                0x0000000020000000        0x4 ./Command/Command.o
 .data.chStationId
                0x0000000020000004       0x40 ./Core/Src/main.o
                0x0000000020000004                chStationId
 .data.u32UpdateTime
                0x0000000020000044        0x4 ./Core/Src/main.o
                0x0000000020000044                u32UpdateTime
 .data.SystemCoreClock
                0x0000000020000048        0x4 ./Core/Src/system_stm32f1xx.o
                0x0000000020000048                SystemCoreClock
 .data.uwTickPrio
                0x000000002000004c        0x4 ./Drivers/STM32F1xx_HAL_Driver/Src/stm32f1xx_hal.o
                0x000000002000004c                uwTickPrio
 .data.uwTickFreq
                0x0000000020000050        0x1 ./Drivers/STM32F1xx_HAL_Driver/Src/stm32f1xx_hal.o
                0x0000000020000050                uwTickFreq
 *fill*         0x0000000020000051        0x3 
 .data.m_fTransmitFunction
                0x0000000020000054        0x4 ./LCD/LCD.o
 .data.m_u8IsOn
                0x0000000020000058        0x1 ./LCD/LCD.o
 *fill*         0x0000000020000059        0x3 
 .data.USBD_CDC_DeviceQualifierDesc
                0x000000002000005c        0xa ./Middlewares/ST/STM32_USB_Device_Library/Class/CDC/Src/usbd_cdc.o
 *fill*         0x0000000020000066        0x2 
 .data.USBD_CDC
                0x0000000020000068       0x38 ./Middlewares/ST/STM32_USB_Device_Library/Class/CDC/Src/usbd_cdc.o
                0x0000000020000068                USBD_CDC
 .data.USBD_CDC_CfgHSDesc
                0x00000000200000a0       0x43 ./Middlewares/ST/STM32_USB_Device_Library/Class/CDC/Src/usbd_cdc.o
                0x00000000200000a0                USBD_CDC_CfgHSDesc
 *fill*         0x00000000200000e3        0x1 
 .data.USBD_CDC_CfgFSDesc
                0x00000000200000e4       0x43 ./Middlewares/ST/STM32_USB_Device_Library/Class/CDC/Src/usbd_cdc.o
                0x00000000200000e4                USBD_CDC_CfgFSDesc
 *fill*         0x0000000020000127        0x1 
 .data.USBD_CDC_OtherSpeedCfgDesc
                0x0000000020000128       0x43 ./Middlewares/ST/STM32_USB_Device_Library/Class/CDC/Src/usbd_cdc.o
                0x0000000020000128                USBD_CDC_OtherSpeedCfgDesc
 *fill*         0x000000002000016b        0x1 
 .data.USBD_Interface_fops_FS
                0x000000002000016c       0x10 ./USB_DEVICE/App/usbd_cdc_if.o
                0x000000002000016c                USBD_Interface_fops_FS
 .data.FS_Desc  0x000000002000017c       0x1c ./USB_DEVICE/App/usbd_desc.o
                0x000000002000017c                FS_Desc
 .data.USBD_FS_DeviceDesc
                0x0000000020000198       0x12 ./USB_DEVICE/App/usbd_desc.o
                0x0000000020000198                USBD_FS_DeviceDesc
 *fill*         0x00000000200001aa        0x2 
 .data.USBD_LangIDDesc
                0x00000000200001ac        0x4 ./USB_DEVICE/App/usbd_desc.o
                0x00000000200001ac                USBD_LangIDDesc
 .data.USBD_StringSerial