20:13:59 **** Incremental Build of configuration Debug for project AirQualityMonitoringStation ****
make -j8 all 
arm-none-eabi-gcc "../Core/Src/main.c" -mcpu=cortex-m3 -std=gnu11 -g3 -DDEBUG -DUSE_HAL_DRIVER -DSTM32F103x6 -c -I../Core/Inc -I../Drivers/STM32F1xx_HAL_Driver/Inc/Legacy -I../Drivers/STM32F1xx_HAL_Driver/Inc -I../Drivers/CMSIS/Device/ST/STM32F1xx/Include -I../Drivers/CMSIS/Include -I"C:/Users/Acer/Project/Air-quality-monitoring-station/firmware/AirQualityMonitoringStation/UARTFrame/Inc" -I../USB_DEVICE/App -I../USB_DEVICE/Target -I../Middlewares/ST/STM32_USB_Device_Library/Core/Inc -I"C:/Users/Acer/Project/Air-quality-monitoring-station/firmware/AirQualityMonitoringStation/CommandManagement/Inc" -I../Middlewares/ST/STM32_USB_Device_Library/Class/CDC/Inc -I"C:/Users/Acer/Project/Air-quality-monitoring-station/firmware/AirQualityMonitoringStation/LCD/Inc" -I"C:/Users/Acer/Project/Air-quality-monitoring-station/firmware/AirQualityMonitoringStation/NTBusMaster/Inc" -I"C:/Users/Acer/Project/Air-quality-monitoring-station/firmware/AirQualityMonitoringStation/Queue/Inc" -Os -ffunction-sections -fdata-sections -Wall -fstack-usage -fcyclomatic-complexity -MMD -MP -MF"Core/Src/main.d" -MT"Core/Src/main.o" --specs=nano.specs -mfloat-abi=soft -mthumb -o "Core/Src/main.o"
arm-none-eabi-gcc -o "AirQualityMonitoringStation.elf" @"objects.list"   -mcpu=cortex-m3 -T"C:\Users\Acer\Project\Air-quality-monitoring-station\firmware\AirQualityMonitoringStation\STM32F103C6TX_FLASH.ld" --specs=nosys.specs -Wl,-Map="AirQualityMonitoringStation.map" -Wl,--gc-sections -static --specs=nano.specs -mfloat-abi=soft -mthumb -Wl,--start-group -lc -lm -Wl,--end-group
Finished building target: AirQualityMonitoringStation.elf
 
arm-none-eabi-size   AirQualityMonitoringStation.elf 
arm-none-eabi-objdump -h -S  AirQualityMonitoringStation.elf  > "AirQualityMonitoringStation.list"
   text	   data	    bss	    dec	    hex	filename
  22672	    632	   6656	  29960	   7508	AirQualityMonitoringStation.elf
Finished building: default.size.stdout
 
Finished building: AirQualityMonitoringStation.list
 

20:14:00 Build Finished. 0 errors, 0 warnings. (took 955ms)

