21:56:26 **** Incremental Build of configuration Debug for project TemperatureSensor ****
make -j8 all 
arm-none-eabi-gcc "../Core/Src/main.c" -mcpu=cortex-m3 -std=gnu11 -g3 -DDEBUG -DUSE_HAL_DRIVER -DSTM32F103x6 -c -I../Core/Inc -I../Drivers/STM32F1xx_HAL_Driver/Inc/Legacy -I../Drivers/STM32F1xx_HAL_Driver/Inc -I../Drivers/CMSIS/Device/ST/STM32F1xx/Include -I../Drivers/CMSIS/Include -I"C:/Users/Acer/Project/Air-quality-monitoring-station/firmware/TemperatureSensor/Communication/include" -I"C:/Users/Acer/Project/Air-quality-monitoring-station/firmware/TemperatureSensor/Queue/include" -I"C:/Users/Acer/Project/Air-quality-monitoring-station/firmware/TemperatureSensor/TimeTrigger" -I"C:/Users/Acer/Project/Air-quality-monitoring-station/firmware/TemperatureSensor/AddressExtractor" -I"C:/Users/Acer/Project/Air-quality-monitoring-station/firmware/TemperatureSensor/LinkList/include" -I"C:/Users/Acer/Project/Air-quality-monitoring-station/firmware/TemperatureSensor/Command/include" -I../USB_DEVICE/App -I../USB_DEVICE/Target -I../Middlewares/ST/STM32_USB_Device_Library/Core/Inc -I../Middlewares/ST/STM32_USB_Device_Library/Class/CDC/Inc -I"C:/Users/Acer/Project/Air-quality-monitoring-station/firmware/TemperatureSensor/StringUtils/include" -I"C:/Users/Acer/Project/Air-quality-monitoring-station/firmware/TemperatureSensor/HashMap/include" -I"C:/Users/Acer/Project/Air-quality-monitoring-station/firmware/TemperatureSensor/AnalogInput/include" -Os -ffunction-sections -fdata-sections -Wall -fstack-usage -fcyclomatic-complexity -MMD -MP -MF"Core/Src/main.d" -MT"Core/Src/main.o" --specs=nano.specs -mfloat-abi=soft -mthumb -o "Core/Src/main.o"
arm-none-eabi-gcc -o "TemperatureSensor.elf" @"objects.list"   -mcpu=cortex-m3 -T"C:\Users\Acer\Project\Air-quality-monitoring-station\firmware\TemperatureSensor\STM32F103C6TX_FLASH.ld" --specs=nosys.specs -Wl,-Map="TemperatureSensor.map" -Wl,--gc-sections -static --specs=nano.specs -mfloat-abi=soft -mthumb -Wl,--start-group -lc -lm -Wl,--end-group
Finished building target: TemperatureSensor.elf
 
arm-none-eabi-size   TemperatureSensor.elf 
arm-none-eabi-objdump -h -S  TemperatureSensor.elf  > "TemperatureSensor.list"
   text	   data	    bss	    dec	    hex	filename
  32200	    484	   4948	  37632	   9300	TemperatureSensor.elf
Finished building: default.size.stdout
 
Finished building: TemperatureSensor.list
 

21:56:27 Build Finished. 0 errors, 0 warnings. (took 1s.319ms)

