../LCD/LCD.c:11:6:LCD_Init	8	static
../LCD/LCD.c:24:6:LCD_SetSendI2CData	16	static
../LCD/LCD.c:31:6:LCD_Release	4	static
../LCD/LCD.c:36:6:EmptyTransmitFunction	16	static
../LCD/LCD.c:40:6:LCD_SetAddress	16	static
../LCD/LCD.c:46:9:LCD_GetAddress	4	static
../LCD/LCD.c:52:6:LCD_SendCommand	24	static
../LCD/LCD.c:67:6:LCD_SendData	24	static
../LCD/LCD.c:82:6:LCD_SendString	16	static
../LCD/LCD.c:90:6:LCD_SetCursor	16	static
../LCD/LCD.c:107:6:LCD_Clear	16	static
../LCD/LCD.c:119:6:LCD_GlobalOn	4	static
../LCD/LCD.c:124:6:LCD_GlobalOff	4	static
